<html>
<body>
<pre>
<h1>µVision Build Log</h1>
<h2>Tool Versions:</h2>
IDE-Version: ¦ÌVision V5.34.0.0
Copyright (C) 2021 ARM Ltd and ARM Germany GmbH. All rights reserved.
License Information: tre yjw, tre, LIC=PE7DL-08MWK-JJV6S-LYC5S-4ZUPY-IGWVD
 
Tool Versions:
Toolchain:       MDK-ARM Plus  Version: 5.34.0.0
Toolchain Path:  D:\Keil_v5\ARM\ARMCC\Bin
C Compiler:      Armcc.exe V5.06 update 7 (build 960)
Assembler:       Armasm.exe V5.06 update 7 (build 960)
Linker/Locator:  ArmLink.exe V5.06 update 7 (build 960)
Library Manager: ArmAr.exe V5.06 update 7 (build 960)
Hex Converter:   FromElf.exe V5.06 update 7 (build 960)
CPU DLL:         SARMCM3.DLL V5.34.0.0
Dialog DLL:      DCM.DLL V1.17.3.0
Target DLL:      STLink\ST-LINKIII-KEIL_SWO.dll V3.0.8.0
Dialog DLL:      TCM.DLL V1.48.0.0
 
<h2>Project:</h2>
D:\STM407Project\mylot\MDK-ARM\mylot.uvprojx
Project File Date:  09/24/2022

<h2>Output:</h2>
*** Using Compiler 'V5.06 update 7 (build 960)', folder: 'D:\Keil_v5\ARM\ARMCC\Bin'
Build target 'mylot'
Note: source file '..\Core\Src\message.c' - object file renamed from 'mylot\message.o' to 'mylot\message_1.o'.
assembling startup_stm32f407xx.s...
compiling dma.c...
compiling stm32f4xx_hal_rcc_ex.c...
compiling gpio.c...
compiling stm32f4xx_hal_timebase_tim.c...
compiling stm32f4xx_hal_flash_ramfunc.c...
compiling stm32f4xx_it.c...
../Core/Inc/message.h(44): warning:  #1295-D: Deprecated declaration uart1_interrupt_handle - give arg types
  void uart1_interrupt_handle();
../Core/Inc/message.h(48): warning:  #1-D: last line of file ends without a newline
  #endif
../Core/Src/stm32f4xx_it.c: 2 warnings, 0 errors
compiling iwdg.c...
compiling stm32f4xx_hal_flash_ex.c...
compiling stm32f4xx_hal_msp.c...
compiling stm32f4xx_hal_gpio.c...
compiling usart.c...
compiling stm32f4xx_hal_flash.c...
compiling stm32f4xx_hal_rcc.c...
compiling main.c...
compiling croutine.c...
compiling freertos.c...
../Core/Inc/message.h(44): warning:  #1295-D: Deprecated declaration uart1_interrupt_handle - give arg types
  void uart1_interrupt_handle();
../Core/Inc/message.h(48): warning:  #1-D: last line of file ends without a newline
  #endif
../Core/Inc/wifi.h(6): warning:  #1295-D: Deprecated declaration wifi_init - give arg types
  void wifi_init();
../Core/Inc/wifi.h(8): warning:  #1-D: last line of file ends without a newline
  #endif
../Core/Src/freertos.c: 4 warnings, 0 errors
compiling list.c...
compiling event_groups.c...
compiling stream_buffer.c...
compiling queue.c...
compiling tasks.c...
compiling timers.c...
compiling heap_4.c...
compiling cmsis_os.c...
compiling port.c...
compiling wifi.c...
../Core/Inc/message.h(44): warning:  #1295-D: Deprecated declaration uart1_interrupt_handle - give arg types
  void uart1_interrupt_handle();
../Core/Inc/message.h(48): warning:  #1-D: last line of file ends without a newline
  #endif
../Core/Inc/wifi.h(6): warning:  #1295-D: Deprecated declaration wifi_init - give arg types
  void wifi_init();
../Core/Inc/wifi.h(8): warning:  #1-D: last line of file ends without a newline
  #endif
..\Core\Src\wifi.c(34): warning:  #223-D: function "printf" declared implicitly
  					LOG("ADDR_MCU send msg to wifi\r\n");
..\Core\Src\wifi.c(38): warning:  #223-D: function "printf" declared implicitly
  			LOG("WIFI_dequeue errQUEUE_EMPTY\r\n");
..\Core\Src\wifi.c(41): warning:  #1-D: last line of file ends without a newline
  }
..\Core\Src\wifi.c: 7 warnings, 0 errors
compiling stm32f4xx_hal_pwr_ex.c...
compiling stm32f4xx_hal.c...
compiling stm32f4xx_hal_dma_ex.c...
compiling stm32f4xx_hal_pwr.c...
compiling stm32f4xx_hal_dma.c...
compiling system_stm32f4xx.c...
compiling stm32f4xx_hal_iwdg.c...
compiling stm32f4xx_hal_exti.c...
compiling stm32f4xx_hal_cortex.c...
compiling stm32f4xx_hal_tim_ex.c...
compiling stm32f4xx_hal_uart.c...
compiling stm32f4xx_hal_tim.c...
compiling message.c...
../Core/Inc/message.h(44): warning:  #1295-D: Deprecated declaration uart1_interrupt_handle - give arg types
  void uart1_interrupt_handle();
../Core/Inc/message.h(48): warning:  #1-D: last line of file ends without a newline
  #endif
../Core/Inc/mcu.h(6): warning:  #1-D: last line of file ends without a newline
  #endif
../Core/Inc/wifi.h(6): warning:  #1295-D: Deprecated declaration wifi_init - give arg types
  void wifi_init();
../Core/Inc/wifi.h(8): warning:  #1-D: last line of file ends without a newline
  #endif
..\Core\Src\message.c(98): warning:  #177-D: variable "i"  was declared but never referenced
  	uint8_t i = 0;
..\Core\Src\message.c: 6 warnings, 0 errors
linking...
Program Size: Code=13096 RO-data=540 RW-data=132 ZI-data=17828  
FromELF: creating hex file...
"mylot\mylot.axf" - 0 Error(s), 19 Warning(s).

<h2>Software Packages used:</h2>

Package Vendor: ARM
                http://www.keil.com/pack/ARM.CMSIS.5.7.0.pack
                ARM.CMSIS.5.7.0
                CMSIS (Cortex Microcontroller Software Interface Standard)
   * Component: CORE Version: 5.4.0

Package Vendor: Keil
                http://www.keil.com/pack/Keil.STM32F4xx_DFP.2.12.0.pack
                Keil.STM32F4xx_DFP.2.12.0
                STMicroelectronics STM32F4 Series Device Support, Drivers and Examples

<h2>Collection of Component include folders:</h2>
  .\RTE\_mylot
  D:\Keil_v5\Packs\ARM\CMSIS\5.7.0\CMSIS\Core\Include
  D:\Keil_v5\Packs\Keil\STM32F4xx_DFP\2.12.0\Drivers\CMSIS\Device\ST\STM32F4xx\Include

<h2>Collection of Component Files used:</h2>

   * Component: ARM::CMSIS:CORE:5.4.0
      Include file:  CMSIS\Core\Include\tz_context.h
Build Time Elapsed:  00:00:25
</pre>
</body>
</html>
