<html>
<body>
<pre>
<h1>µVision Build Log</h1>
<h2>Tool Versions:</h2>
IDE-Version: ¦ÌVision V5.34.0.0
Copyright (C) 2021 ARM Ltd and ARM Germany GmbH. All rights reserved.
License Information: tre yjw, tre, LIC=PE7DL-08MWK-JJV6S-LYC5S-4ZUPY-IGWVD
 
Tool Versions:
Toolchain:       MDK-ARM Plus  Version: 5.34.0.0
Toolchain Path:  D:\Keil_v5\ARM\ARMCC\Bin
C Compiler:      Armcc.exe V5.06 update 7 (build 960)
Assembler:       Armasm.exe V5.06 update 7 (build 960)
Linker/Locator:  ArmLink.exe V5.06 update 7 (build 960)
Library Manager: ArmAr.exe V5.06 update 7 (build 960)
Hex Converter:   FromElf.exe V5.06 update 7 (build 960)
CPU DLL:         SARMCM3.DLL V5.34.0.0
Dialog DLL:      DCM.DLL V1.17.3.0
Target DLL:      STLink\ST-LINKIII-KEIL_SWO.dll V3.0.8.0
Dialog DLL:      TCM.DLL V1.48.0.0
 
<h2>Project:</h2>
D:\STM407Project\mylot\mylot\MDK-ARM\mylot.uvprojx
Project File Date:  10/19/2022

<h2>Output:</h2>
*** Using Compiler 'V5.06 update 7 (build 960)', folder: 'D:\Keil_v5\ARM\ARMCC\Bin'
Build target 'mylot'
compiling usart.c...
compiling uart_dev.c...
../Core/Inc/common_dev.h(45): warning:  #1295-D: Deprecated declaration common_dev_get_controller - give arg types
  dev_controller* common_dev_get_controller();
../Core/Inc/common_dev.h(47): warning:  #1295-D: Deprecated declaration dev_poll_handle - give arg types
  void dev_poll_handle();
../Core/Inc/message_handle.h(13): warning:  #1565-D: white space between backslash and newline in line splice ignored
  					while(!log_flag){vTaskDelay(1);}	\	
../Core/Inc/message_handle.h(149): warning:  #1295-D: Deprecated declaration uart1_interrupt_handle - give arg types
  void uart1_interrupt_handle();
../Core/Inc/message_handle.h(151): warning:  #1295-D: Deprecated declaration message_init - give arg types
  void message_init();
../Core/Inc/message_handle.h(161): warning:  #1-D: last line of file ends without a newline
  #endif
../Core/Inc/common_timer.h(26): warning:  #1-D: last line of file ends without a newline
  void commom_timer_init(Common_Timer* commom_timer);
../Core/Inc/uart_dev.h(14): warning:  #1295-D: Deprecated declaration uart_dev_init - give arg types
  int8_t uart_dev_init();
../Core/Inc/utils.h(4): warning:  #1-D: last line of file ends without a newline
  uint8_t utils_calculate_check_num(uint8_t* msg,uint8_t index_start, uint8_t len);
..\Core\Src\uart_dev.c(10): warning:  #940-D: missing return statement at end of non-void function "on" 
  }
..\Core\Src\uart_dev.c(13): warning:  #940-D: missing return statement at end of non-void function "off" 
  }
..\Core\Src\uart_dev.c(16): warning:  #940-D: missing return statement at end of non-void function "reset" 
  }
..\Core\Src\uart_dev.c(19): warning:  #223-D: function "printf" declared implicitly
  	LOG("leinuo timer callback\r\n");
..\Core\Src\uart_dev.c(26): warning:  #223-D: function "printf" declared implicitly
  		LOG("%.2x ", buf[i]);
..\Core\Src\uart_dev.c(30): warning:  #223-D: function "printf" declared implicitly
  		LOG("HAL_UART1_Transmit error\r\n");
..\Core\Src\uart_dev.c(32): warning:  #940-D: missing return statement at end of non-void function "send_mes_to_uart" 
  }
..\Core\Src\uart_dev.c(37): warning:  #223-D: function "printf" declared implicitly
  	LOG("dev name = %s\r\n", mydev->dev.name);
..\Core\Src\uart_dev.c(39): warning:  #223-D: function "printf" declared implicitly
  		LOG("uart send_mes error\r\n");
..\Core\Src\uart_dev.c(41): warning:  #940-D: missing return statement at end of non-void function "msg_parse" 
  }
..\Core\Src\uart_dev.c(52): warning:  #223-D: function "printf" declared implicitly
  			LOG("dev_mydev_%d create uart_dev error\r\n", i);
..\Core\Src\uart_dev.c(60): warning:  #223-D: function "printf" declared implicitly
  			LOG("xQueueCreate heap is full\r\n");
..\Core\Src\uart_dev.c(65): warning:  #223-D: function "printf" declared implicitly
  			LOG("dev %d add err\r\n", i);
..\Core\Src\uart_dev.c(70): warning:  #223-D: function "printf" declared implicitly
  			LOG("xSemaphoreCreateMutex %d err\r\n", i);
..\Core\Src\uart_dev.c(78): warning:  #223-D: function "printf" declared implicitly
  		LOG("usart_get_uart(1) error\r\n");
..\Core\Src\uart_dev.c(85): warning:  #223-D: function "printf" declared implicitly
  		LOG("usart_get_uart(2) error\r\n");
..\Core\Src\uart_dev.c(91): warning:  #223-D: function "printf" declared implicitly
  		LOG("usart_get_uart(2) error\r\n");
..\Core\Src\uart_dev.c(95): warning:  #940-D: missing return statement at end of non-void function "uart_dev_init" 
  }
..\Core\Src\uart_dev.c(9): warning:  #177-D: function "on"  was declared but never referenced
  static uint8_t on(void* my_dev){
..\Core\Src\uart_dev.c(12): warning:  #177-D: function "off"  was declared but never referenced
  static uint8_t off(void* my_dev){
..\Core\Src\uart_dev.c(15): warning:  #177-D: function "reset"  was declared but never referenced
  static uint8_t reset(void* my_dev){
..\Core\Src\uart_dev.c(18): warning:  #177-D: function "timer_callback"  was declared but never referenced
  static void timer_callback(TimerHandle_t xTimer){
..\Core\Src\uart_dev.c: 31 warnings, 0 errors
linking...
Program Size: Code=126504 RO-data=463112 RW-data=764 ZI-data=21104  
FromELF: creating hex file...
"mylot\mylot.axf" - 0 Error(s), 31 Warning(s).

<h2>Software Packages used:</h2>

Package Vendor: ARM
                http://www.keil.com/pack/ARM.CMSIS.5.7.0.pack
                ARM.CMSIS.5.7.0
                CMSIS (Cortex Microcontroller Software Interface Standard)
   * Component: CORE Version: 5.4.0

Package Vendor: Keil
                http://www.keil.com/pack/Keil.STM32F4xx_DFP.2.12.0.pack
                Keil.STM32F4xx_DFP.2.12.0
                STMicroelectronics STM32F4 Series Device Support, Drivers and Examples

<h2>Collection of Component include folders:</h2>
  .\RTE\_mylot
  D:\Keil_v5\Packs\ARM\CMSIS\5.7.0\CMSIS\Core\Include
  D:\Keil_v5\Packs\Keil\STM32F4xx_DFP\2.12.0\Drivers\CMSIS\Device\ST\STM32F4xx\Include

<h2>Collection of Component Files used:</h2>

   * Component: ARM::CMSIS:CORE:5.4.0
      Include file:  CMSIS\Core\Include\tz_context.h
Build Time Elapsed:  00:00:03
</pre>
</body>
</html>
