Component: ARM Compiler 5.06 update 7 (build 960) Tool: armlink [4d3601]

==============================================================================

Section Cross References

    startup_stm32f407xx.o(RESET) refers to startup_stm32f407xx.o(STACK) for __initial_sp
    startup_stm32f407xx.o(RESET) refers to startup_stm32f407xx.o(.text) for Reset_Handler
    startup_stm32f407xx.o(RESET) refers to stm32f4xx_it.o(i.NMI_Handler) for NMI_Handler
    startup_stm32f407xx.o(RESET) refers to stm32f4xx_it.o(i.HardFault_Handler) for HardFault_Handler
    startup_stm32f407xx.o(RESET) refers to stm32f4xx_it.o(i.MemManage_Handler) for MemManage_Handler
    startup_stm32f407xx.o(RESET) refers to stm32f4xx_it.o(i.BusFault_Handler) for BusFault_Handler
    startup_stm32f407xx.o(RESET) refers to stm32f4xx_it.o(i.UsageFault_Handler) for UsageFault_Handler
    startup_stm32f407xx.o(RESET) refers to port.o(.emb_text) for SVC_Handler
    startup_stm32f407xx.o(RESET) refers to stm32f4xx_it.o(i.DebugMon_Handler) for DebugMon_Handler
    startup_stm32f407xx.o(RESET) refers to port.o(i.SysTick_Handler) for SysTick_Handler
    startup_stm32f407xx.o(RESET) refers to stm32f4xx_it.o(i.TIM1_UP_TIM10_IRQHandler) for TIM1_UP_TIM10_IRQHandler
    startup_stm32f407xx.o(RESET) refers to stm32f4xx_it.o(i.USART1_IRQHandler) for USART1_IRQHandler
    startup_stm32f407xx.o(RESET) refers to stm32f4xx_it.o(i.DMA2_Stream2_IRQHandler) for DMA2_Stream2_IRQHandler
    startup_stm32f407xx.o(.text) refers to system_stm32f4xx.o(i.SystemInit) for SystemInit
    startup_stm32f407xx.o(.text) refers to entry.o(.ARM.Collect$$$$00000000) for __main
    main.o(i.HAL_TIM_PeriodElapsedCallback) refers to stm32f4xx_hal.o(i.HAL_IncTick) for HAL_IncTick
    main.o(i.SystemClock_Config) refers to memseta.o(.text) for __aeabi_memclr4
    main.o(i.SystemClock_Config) refers to stm32f4xx_hal_rcc.o(i.HAL_RCC_OscConfig) for HAL_RCC_OscConfig
    main.o(i.SystemClock_Config) refers to stm32f4xx_hal_rcc.o(i.HAL_RCC_ClockConfig) for HAL_RCC_ClockConfig
    main.o(i.main) refers to stm32f4xx_hal.o(i.HAL_Init) for HAL_Init
    main.o(i.main) refers to main.o(i.SystemClock_Config) for SystemClock_Config
    main.o(i.main) refers to gpio.o(i.MX_GPIO_Init) for MX_GPIO_Init
    main.o(i.main) refers to dma.o(i.MX_DMA_Init) for MX_DMA_Init
    main.o(i.main) refers to usart.o(i.MX_USART1_UART_Init) for MX_USART1_UART_Init
    main.o(i.main) refers to usart.o(i.MX_USART2_UART_Init) for MX_USART2_UART_Init
    main.o(i.main) refers to usart.o(i.MX_USART3_UART_Init) for MX_USART3_UART_Init
    main.o(i.main) refers to freertos.o(i.MX_FREERTOS_Init) for MX_FREERTOS_Init
    main.o(i.main) refers to cmsis_os.o(i.osKernelStart) for osKernelStart
    freertos.o(i.MX_FREERTOS_Init) refers to memcpya.o(.text) for __aeabi_memcpy4
    freertos.o(i.MX_FREERTOS_Init) refers to cmsis_os.o(i.osThreadCreate) for osThreadCreate
    freertos.o(i.MX_FREERTOS_Init) refers to freertos.o(.constdata) for .constdata
    freertos.o(i.MX_FREERTOS_Init) refers to freertos.o(.data) for .data
    freertos.o(i.MessageHandle_task) refers to message.o(i.MessageHandle) for MessageHandle
    freertos.o(i.MessageHandle_task) refers to cmsis_os.o(i.osDelay) for osDelay
    freertos.o(i.WifiHandle_task) refers to wifi.o(i.WifiHandle) for WifiHandle
    freertos.o(i.WifiHandle_task) refers to cmsis_os.o(i.osDelay) for osDelay
    freertos.o(i.vApplicationGetIdleTaskMemory) refers to freertos.o(.bss) for .bss
    freertos.o(.constdata) refers to freertos.o(.conststring) for .conststring
    freertos.o(.constdata) refers to freertos.o(i.MessageHandle_task) for MessageHandle_task
    freertos.o(.constdata) refers to freertos.o(i.WifiHandle_task) for WifiHandle_task
    dma.o(i.MX_DMA_Init) refers to stm32f4xx_hal_cortex.o(i.HAL_NVIC_SetPriority) for HAL_NVIC_SetPriority
    dma.o(i.MX_DMA_Init) refers to stm32f4xx_hal_cortex.o(i.HAL_NVIC_EnableIRQ) for HAL_NVIC_EnableIRQ
    usart.o(i.HAL_UART_MspDeInit) refers to stm32f4xx_hal_gpio.o(i.HAL_GPIO_DeInit) for HAL_GPIO_DeInit
    usart.o(i.HAL_UART_MspDeInit) refers to stm32f4xx_hal_dma.o(i.HAL_DMA_DeInit) for HAL_DMA_DeInit
    usart.o(i.HAL_UART_MspDeInit) refers to stm32f4xx_hal_cortex.o(i.HAL_NVIC_DisableIRQ) for HAL_NVIC_DisableIRQ
    usart.o(i.HAL_UART_MspInit) refers to memseta.o(.text) for __aeabi_memclr4
    usart.o(i.HAL_UART_MspInit) refers to stm32f4xx_hal_gpio.o(i.HAL_GPIO_Init) for HAL_GPIO_Init
    usart.o(i.HAL_UART_MspInit) refers to stm32f4xx_hal_dma.o(i.HAL_DMA_Init) for HAL_DMA_Init
    usart.o(i.HAL_UART_MspInit) refers to main.o(i.Error_Handler) for Error_Handler
    usart.o(i.HAL_UART_MspInit) refers to stm32f4xx_hal_cortex.o(i.HAL_NVIC_SetPriority) for HAL_NVIC_SetPriority
    usart.o(i.HAL_UART_MspInit) refers to stm32f4xx_hal_cortex.o(i.HAL_NVIC_EnableIRQ) for HAL_NVIC_EnableIRQ
    usart.o(i.HAL_UART_MspInit) refers to usart.o(.bss) for .bss
    usart.o(i.MX_USART1_UART_Init) refers to stm32f4xx_hal_uart.o(i.HAL_UART_Init) for HAL_UART_Init
[...]
    ../Drivers/STM32F4xx_HAL_Driver/Src/stm32f4xx_hal_flash_ramfunc.c 0x00000000   Number         0  stm32f4xx_hal_flash_ramfunc.o ABSOLUTE
    ../Drivers/STM32F4xx_HAL_Driver/Src/stm32f4xx_hal_gpio.c 0x00000000   Number         0  stm32f4xx_hal_gpio.o ABSOLUTE
    ../Drivers/STM32F4xx_HAL_Driver/Src/stm32f4xx_hal_pwr.c 0x00000000   Number         0  stm32f4xx_hal_pwr.o ABSOLUTE
    ../Drivers/STM32F4xx_HAL_Driver/Src/stm32f4xx_hal_pwr_ex.c 0x00000000   Number         0  stm32f4xx_hal_pwr_ex.o ABSOLUTE
    ../Drivers/STM32F4xx_HAL_Driver/Src/stm32f4xx_hal_rcc.c 0x00000000   Number         0  stm32f4xx_hal_rcc.o ABSOLUTE
    ../Drivers/STM32F4xx_HAL_Driver/Src/stm32f4xx_hal_rcc_ex.c 0x00000000   Number         0  stm32f4xx_hal_rcc_ex.o ABSOLUTE
    ../Drivers/STM32F4xx_HAL_Driver/Src/stm32f4xx_hal_tim.c 0x00000000   Number         0  stm32f4xx_hal_tim.o ABSOLUTE
    ../Drivers/STM32F4xx_HAL_Driver/Src/stm32f4xx_hal_tim_ex.c 0x00000000   Number         0  stm32f4xx_hal_tim_ex.o ABSOLUTE
    ../Drivers/STM32F4xx_HAL_Driver/Src/stm32f4xx_hal_uart.c 0x00000000   Number         0  stm32f4xx_hal_uart.o ABSOLUTE
    ../Middlewares/Third_Party/FreeRTOS/Source/CMSIS_RTOS/cmsis_os.c 0x00000000   Number         0  cmsis_os.o ABSOLUTE
    ../Middlewares/Third_Party/FreeRTOS/Source/croutine.c 0x00000000   Number         0  croutine.o ABSOLUTE
    ../Middlewares/Third_Party/FreeRTOS/Source/event_groups.c 0x00000000   Number         0  event_groups.o ABSOLUTE
    ../Middlewares/Third_Party/FreeRTOS/Source/list.c 0x00000000   Number         0  list.o ABSOLUTE
    ../Middlewares/Third_Party/FreeRTOS/Source/portable/MemMang/heap_4.c 0x00000000   Number         0  heap_4.o ABSOLUTE
    ../Middlewares/Third_Party/FreeRTOS/Source/portable/RVDS/ARM_CM4F/port.c 0x00000000   Number         0  port.o ABSOLUTE
    ../Middlewares/Third_Party/FreeRTOS/Source/queue.c 0x00000000   Number         0  queue.o ABSOLUTE
    ../Middlewares/Third_Party/FreeRTOS/Source/stream_buffer.c 0x00000000   Number         0  stream_buffer.o ABSOLUTE
    ../Middlewares/Third_Party/FreeRTOS/Source/tasks.c 0x00000000   Number         0  tasks.o ABSOLUTE
    ../Middlewares/Third_Party/FreeRTOS/Source/timers.c 0x00000000   Number         0  timers.o ABSOLUTE
    ../clib/microlib/division.c              0x00000000   Number         0  uldiv.o ABSOLUTE
    ../clib/microlib/division.c              0x00000000   Number         0  uidiv.o ABSOLUTE
    ../clib/microlib/init/entry.s            0x00000000   Number         0  entry10a.o ABSOLUTE
    ../clib/microlib/init/entry.s            0x00000000   Number         0  entry10b.o ABSOLUTE
    ../clib/microlib/init/entry.s            0x00000000   Number         0  entry5.o ABSOLUTE
    ../clib/microlib/init/entry.s            0x00000000   Number         0  entry12a.o ABSOLUTE
    ../clib/microlib/init/entry.s            0x00000000   Number         0  entry12b.o ABSOLUTE
    ../clib/microlib/init/entry.s            0x00000000   Number         0  entry2.o ABSOLUTE
    ../clib/microlib/init/entry.s            0x00000000   Number         0  entry.o ABSOLUTE
    ../clib/microlib/init/entry.s            0x00000000   Number         0  entry9b.o ABSOLUTE
    ../clib/microlib/init/entry.s            0x00000000   Number         0  entry11b.o ABSOLUTE
    ../clib/microlib/init/entry.s            0x00000000   Number         0  entry9a.o ABSOLUTE
    ../clib/microlib/init/entry.s            0x00000000   Number         0  entry11a.o ABSOLUTE
    ../clib/microlib/init/entry.s            0x00000000   Number         0  entry8b.o ABSOLUTE
    ../clib/microlib/init/entry.s            0x00000000   Number         0  entry8a.o ABSOLUTE
    ../clib/microlib/init/entry.s            0x00000000   Number         0  entry7b.o ABSOLUTE
    ../clib/microlib/init/entry.s            0x00000000   Number         0  entry7a.o ABSOLUTE
    ../clib/microlib/longlong.c              0x00000000   Number         0  llshl.o ABSOLUTE
    ../clib/microlib/longlong.c              0x00000000   Number         0  llsshr.o ABSOLUTE
    ../clib/microlib/longlong.c              0x00000000   Number         0  llushr.o ABSOLUTE
    ../clib/microlib/printf/printf.c         0x00000000   Number         0  printf5.o ABSOLUTE
    ../clib/microlib/printf/printf.c         0x00000000   Number         0  printf8.o ABSOLUTE
    ../clib/microlib/printf/printf.c         0x00000000   Number         0  printf2.o ABSOLUTE
    ../clib/microlib/printf/printf.c         0x00000000   Number         0  printf6.o ABSOLUTE
    ../clib/microlib/printf/printf.c         0x00000000   Number         0  printf7.o ABSOLUTE
    ../clib/microlib/printf/printf.c         0x00000000   Number         0  printf3.o ABSOLUTE
    ../clib/microlib/printf/printf.c         0x00000000   Number         0  printf1.o ABSOLUTE
    ../clib/microlib/printf/printf.c         0x00000000   Number         0  printf0.o ABSOLUTE
    ../clib/microlib/printf/printf.c         0x00000000   Number         0  printfb.o ABSOLUTE
    ../clib/microlib/printf/printf.c         0x00000000   Number         0  printf4.o ABSOLUTE
    ../clib/microlib/printf/printf.c         0x00000000   Number         0  printfa.o ABSOLUTE
    ../clib/microlib/printf/stubs.s          0x00000000   Number         0  stubs.o ABSOLUTE
    ../clib/microlib/stdio/streams.c         0x00000000   Number         0  stdout.o ABSOLUTE
    ../clib/microlib/string/memcpy.c         0x00000000   Number         0  memcpyb.o ABSOLUTE
    ../clib/microlib/string/memcpy.c         0x00000000   Number         0  memcpya.o ABSOLUTE
    ../clib/microlib/string/memset.c         0x00000000   Number         0  memseta.o ABSOLUTE
    ../clib/microlib/string/memset.c         0x00000000   Number         0  memset.o ABSOLUTE
    ../clib/microlib/stubs.s                 0x00000000   Number         0  iusefp.o ABSOLUTE
    ../fplib/microlib/fpadd.c                0x00000000   Number         0  dadd.o ABSOLUTE
    ../fplib/microlib/fpdiv.c                0x00000000   Number         0  ddiv.o ABSOLUTE
    ../fplib/microlib/fpepilogue.c           0x00000000   Number         0  depilogue.o ABSOLUTE
    ../fplib/microlib/fpfix.c                0x00000000   Number         0  dfixul.o ABSOLUTE
    ../fplib/microlib/fpmul.c                0x00000000   Number         0  dmul.o ABSOLUTE
    ..\Core\Src\dma.c                        0x00000000   Number         0  dma.o ABSOLUTE
    ..\Core\Src\freertos.c                   0x00000000   Number         0  freertos.o ABSOLUTE
    ..\Core\Src\gpio.c                       0x00000000   Number         0  gpio.o ABSOLUTE
    ..\Core\Src\main.c                       0x00000000   Number         0  main.o ABSOLUTE
    ..\Core\Src\mcu.c                        0x00000000   Number         0  mcu.o ABSOLUTE
    ..\Core\Src\message.c                    0x00000000   Number         0  message.o ABSOLUTE
    ..\Core\Src\stm32f4xx_hal_msp.c          0x00000000   Number         0  stm32f4xx_hal_msp.o ABSOLUTE
    ..\Core\Src\stm32f4xx_hal_timebase_tim.c 0x00000000   Number         0  stm32f4xx_hal_timebase_tim.o ABSOLUTE
    ..\Core\Src\stm32f4xx_it.c               0x00000000   Number         0  stm32f4xx_it.o ABSOLUTE
    ..\Core\Src\system_stm32f4xx.c           0x00000000   Number         0  system_stm32f4xx.o ABSOLUTE
    ..\Core\Src\usart.c                      0x00000000   Number         0  usart.o ABSOLUTE
    ..\Core\Src\wifi.c                       0x00000000   Number         0  wifi.o ABSOLUTE
    ..\Drivers\STM32F4xx_HAL_Driver\Src\stm32f4xx_hal.c 0x00000000   Number         0  stm32f4xx_hal.o ABSOLUTE
    ..\Drivers\STM32F4xx_HAL_Driver\Src\stm32f4xx_hal_cortex.c 0x00000000   Number         0  stm32f4xx_hal_cortex.o ABSOLUTE
    ..\Drivers\STM32F4xx_HAL_Driver\Src\stm32f4xx_hal_dma.c 0x00000000   Number         0  stm32f4xx_hal_dma.o ABSOLUTE
    ..\Drivers\STM32F4xx_HAL_Driver\Src\stm32f4xx_hal_dma_ex.c 0x00000000   Number         0  stm32f4xx_hal_dma_ex.o ABSOLUTE
    ..\Drivers\STM32F4xx_HAL_Driver\Src\stm32f4xx_hal_exti.c 0x00000000   Number         0  stm32f4xx_hal_exti.o ABSOLUTE
    ..\Drivers\STM32F4xx_HAL_Driver\Src\stm32f4xx_hal_flash.c 0x00000000   Number         0  stm32f4xx_hal_flash.o ABSOLUTE
    ..\Drivers\STM32F4xx_HAL_Driver\Src\stm32f4xx_hal_flash_ex.c 0x00000000   Number         0  stm32f4xx_hal_flash_ex.o ABSOLUTE
    ..\Drivers\STM32F4xx_HAL_Driver\Src\stm32f4xx_hal_flash_ramfunc.c 0x00000000   Number         0  stm32f4xx_hal_flash_ramfunc.o ABSOLUTE
    ..\Drivers\STM32F4xx_HAL_Driver\Src\stm32f4xx_hal_gpio.c 0x00000000   Number         0  stm32f4xx_hal_gpio.o ABSOLUTE
    ..\Drivers\STM32F4xx_HAL_Driver\Src\stm32f4xx_hal_pwr.c 0x00000000   Number         0  stm32f4xx_hal_pwr.o ABSOLUTE
    ..\Drivers\STM32F4xx_HAL_Driver\Src\stm32f4xx_hal_pwr_ex.c 0x00000000   Number         0  stm32f4xx_hal_pwr_ex.o ABSOLUTE
    ..\Drivers\STM32F4xx_HAL_Driver\Src\stm32f4xx_hal_rcc.c 0x00000000   Number         0  stm32f4xx_hal_rcc.o ABSOLUTE
    ..\Drivers\STM32F4xx_HAL_Driver\Src\stm32f4xx_hal_rcc_ex.c 0x00000000   Number         0  stm32f4xx_hal_rcc_ex.o ABSOLUTE
    ..\Drivers\STM32F4xx_HAL_Driver\Src\stm32f4xx_hal_tim.c 0x00000000   Number         0  stm32f4xx_hal_tim.o ABSOLUTE
    ..\Drivers\STM32F4xx_HAL_Driver\Src\stm32f4xx_hal_tim_ex.c 0x00000000   Number         0  stm32f4xx_hal_tim_ex.o ABSOLUTE
    ..\Drivers\STM32F4xx_HAL_Driver\Src\stm32f4xx_hal_uart.c 0x00000000   Number         0  stm32f4xx_hal_uart.o ABSOLUTE
    ..\Middlewares\Third_Party\FreeRTOS\Source\CMSIS_RTOS\cmsis_os.c 0x00000000   Number         0  cmsis_os.o ABSOLUTE
    ..\Middlewares\Third_Party\FreeRTOS\Source\portable\RVDS\ARM_CM4F\port.c 0x00000000   Number         0  port.o ABSOLUTE
    ..\\Core\\Src\\message.c                 0x00000000   Number         0  message.o ABSOLUTE
    cdrcmple.s                               0x00000000   Number         0  cdrcmple.o ABSOLUTE
    dc.s                                     0x00000000   Number         0  dc.o ABSOLUTE
    handlers.s                               0x00000000   Number         0  handlers.o ABSOLUTE
    init.s                                   0x00000000   Number         0  init.o ABSOLUTE
    startup_stm32f407xx.s                    0x00000000   Number         0  startup_stm32f407xx.o ABSOLUTE
    RESET                                    0x08000000   Section      392  startup_stm32f407xx.o(RESET)
    .ARM.Collect$$$$00000000                 0x08000188   Section        0  entry.o(.ARM.Collect$$$$00000000)
    .ARM.Collect$$$$00000001                 0x08000188   Section        4  entry2.o(.ARM.Collect$$$$00000001)
    .ARM.Collect$$$$00000004                 0x0800018c   Section        4  entry5.o(.ARM.Collect$$$$00000004)
    .ARM.Collect$$$$00000008                 0x08000190   Section        0  entry7b.o(.ARM.Collect$$$$00000008)
    .ARM.Collect$$$$0000000A                 0x08000190   Section        0  entry8b.o(.ARM.Collect$$$$0000000A)
    .ARM.Collect$$$$0000000B                 0x08000190   Section        8  entry9a.o(.ARM.Collect$$$$0000000B)
    .ARM.Collect$$$$0000000E                 0x08000198   Section        4  entry12b.o(.ARM.Collect$$$$0000000E)
    .ARM.Collect$$$$0000000F                 0x0800019c   Section        0  entry10a.o(.ARM.Collect$$$$0000000F)
    .ARM.Collect$$$$00000011                 0x0800019c   Section        0  entry11a.o(.ARM.Collect$$$$00000011)
    .ARM.Collect$$$$00002712                 0x0800019c   Section        4  entry2.o(.ARM.Collect$$$$00002712)
    __lit__00000000                          0x0800019c   Data           4  entry2.o(.ARM.Collect$$$$00002712)
    .emb_text                                0x080001a0   Section      190  port.o(.emb_text)
    $v0                                      0x080001a0   Number         0  port.o(.emb_text)
    .text                                    0x08000260   Section       36  startup_stm32f407xx.o(.text)
    $v0                                      0x08000260   Number         0  startup_stm32f407xx.o(.text)
    .text                                    0x08000284   Section        0  uldiv.o(.text)
    .text                                    0x080002e6   Section        0  memcpya.o(.text)
    .text                                    0x0800030a   Section        0  memseta.o(.text)
    .text                                    0x0800032e   Section        0  llshl.o(.text)
    .text                                    0x0800034c   Section        0  llushr.o(.text)
    .text                                    0x0800036c   Section       36  init.o(.text)
    i.BusFault_Handler                       0x08000390   Section        0  stm32f4xx_it.o(i.BusFault_Handler)
    i.DMA2_Stream2_IRQHandler                0x08000394   Section        0  stm32f4xx_it.o(i.DMA2_Stream2_IRQHandler)
    i.DMA_CalcBaseAndBitshift                0x080003a0   Section        0  stm32f4xx_hal_dma.o(i.DMA_CalcBaseAndBitshift)
    DMA_CalcBaseAndBitshift                  0x080003a1   Thumb Code    34  stm32f4xx_hal_dma.o(i.DMA_CalcBaseAndBitshift)
    i.DMA_CheckFifoParam                     0x080003c8   Section        0  stm32f4xx_hal_dma.o(i.DMA_CheckFifoParam)
    DMA_CheckFifoParam                       0x080003c9   Thumb Code    84  stm32f4xx_hal_dma.o(i.DMA_CheckFifoParam)
    i.DMA_SetConfig                          0x0800041c   Section        0  stm32f4xx_hal_dma.o(i.DMA_SetConfig)
    DMA_SetConfig                            0x0800041d   Thumb Code    40  stm32f4xx_hal_dma.o(i.DMA_SetConfig)
    i.DebugMon_Handler                       0x08000444   Section        0  stm32f4xx_it.o(i.DebugMon_Handler)
    i.Error_Handler                          0x08000446   Section        0  main.o(i.Error_Handler)
    i.HAL_DMA_Abort                          0x0800044a   Section        0  stm32f4xx_hal_dma.o(i.HAL_DMA_Abort)
    i.HAL_DMA_Abort_IT                       0x080004d8   Section        0  stm32f4xx_hal_dma.o(i.HAL_DMA_Abort_IT)
    i.HAL_DMA_IRQHandler                     0x080004fc   Section        0  stm32f4xx_hal_dma.o(i.HAL_DMA_IRQHandler)
    i.HAL_DMA_Init                           0x0800069c   Section        0  stm32f4xx_hal_dma.o(i.HAL_DMA_Init)
    i.HAL_DMA_Start_IT                       0x08000770   Section        0  stm32f4xx_hal_dma.o(i.HAL_DMA_Start_IT)
    i.HAL_GPIO_Init                          0x080007e0   Section        0  stm32f4xx_hal_gpio.o(i.HAL_GPIO_Init)
    i.HAL_GetTick                            0x08000998   Section        0  stm32f4xx_hal.o(i.HAL_GetTick)
    i.HAL_IncTick                            0x080009a4   Section        0  stm32f4xx_hal.o(i.HAL_IncTick)
    i.HAL_Init                               0x080009b4   Section        0  stm32f4xx_hal.o(i.HAL_Init)
    i.HAL_InitTick                           0x080009e8   Section        0  stm32f4xx_hal_timebase_tim.o(i.HAL_InitTick)
    i.HAL_MspInit                            0x08000a5c   Section        0  stm32f4xx_hal_msp.o(i.HAL_MspInit)
    i.HAL_NVIC_EnableIRQ                     0x08000a94   Section        0  stm32f4xx_hal_cortex.o(i.HAL_NVIC_EnableIRQ)
    i.HAL_NVIC_SetPriority                   0x08000ab0   Section        0  stm32f4xx_hal_cortex.o(i.HAL_NVIC_SetPriority)
    i.HAL_NVIC_SetPriorityGrouping           0x08000af0   Section        0  stm32f4xx_hal_cortex.o(i.HAL_NVIC_SetPriorityGrouping)
    i.HAL_RCC_ClockConfig                    0x08000b14   Section        0  stm32f4xx_hal_rcc.o(i.HAL_RCC_ClockConfig)
    i.HAL_RCC_GetClockConfig                 0x08000c48   Section        0  stm32f4xx_hal_rcc.o(i.HAL_RCC_GetClockConfig)
    i.HAL_RCC_GetPCLK1Freq                   0x08000c88   Section        0  stm32f4xx_hal_rcc.o(i.HAL_RCC_GetPCLK1Freq)
    i.HAL_RCC_GetPCLK2Freq                   0x08000ca8   Section        0  stm32f4xx_hal_rcc.o(i.HAL_RCC_GetPCLK2Freq)
    i.HAL_RCC_GetSysClockFreq                0x08000cc8   Section        0  stm32f4xx_hal_rcc.o(i.HAL_RCC_GetSysClockFreq)
    i.HAL_RCC_OscConfig                      0x08000d28   Section        0  stm32f4xx_hal_rcc.o(i.HAL_RCC_OscConfig)
    i.HAL_TIMEx_BreakCallback                0x08001084   Section        0  stm32f4xx_hal_tim_ex.o(i.HAL_TIMEx_BreakCallback)
    i.HAL_TIMEx_CommutCallback               0x08001086   Section        0  stm32f4xx_hal_tim_ex.o(i.HAL_TIMEx_CommutCallback)
    i.HAL_TIM_Base_Init                      0x08001088   Section        0  stm32f4xx_hal_tim.o(i.HAL_TIM_Base_Init)
    i.HAL_TIM_Base_MspInit                   0x080010be   Section        0  stm32f4xx_hal_tim.o(i.HAL_TIM_Base_MspInit)
    i.HAL_TIM_Base_Start_IT                  0x080010c0   Section        0  stm32f4xx_hal_tim.o(i.HAL_TIM_Base_Start_IT)
    i.HAL_TIM_IC_CaptureCallback             0x080010e2   Section        0  stm32f4xx_hal_tim.o(i.HAL_TIM_IC_CaptureCallback)
    i.HAL_TIM_IRQHandler                     0x080010e4   Section        0  stm32f4xx_hal_tim.o(i.HAL_TIM_IRQHandler)
    i.HAL_TIM_OC_DelayElapsedCallback        0x0800124a   Section        0  stm32f4xx_hal_tim.o(i.HAL_TIM_OC_DelayElapsedCallback)
    i.HAL_TIM_PWM_PulseFinishedCallback      0x0800124c   Section        0  stm32f4xx_hal_tim.o(i.HAL_TIM_PWM_PulseFinishedCallback)
    i.HAL_TIM_PeriodElapsedCallback          0x08001250   Section        0  main.o(i.HAL_TIM_PeriodElapsedCallback)
    i.HAL_TIM_TriggerCallback                0x08001264   Section        0  stm32f4xx_hal_tim.o(i.HAL_TIM_TriggerCallback)
    i.HAL_UART_DMAStop                       0x08001266   Section        0  stm32f4xx_hal_uart.o(i.HAL_UART_DMAStop)
    i.HAL_UART_ErrorCallback                 0x080012be   Section        0  stm32f4xx_hal_uart.o(i.HAL_UART_ErrorCallback)
    i.HAL_UART_IRQHandler                    0x080012c0   Section        0  stm32f4xx_hal_uart.o(i.HAL_UART_IRQHandler)
    i.HAL_UART_Init                          0x080013d4   Section        0  stm32f4xx_hal_uart.o(i.HAL_UART_Init)
    i.HAL_UART_MspInit                       0x08001438   Section        0  usart.o(i.HAL_UART_MspInit)
    i.HAL_UART_Receive_DMA                   0x0800156c   Section        0  stm32f4xx_hal_uart.o(i.HAL_UART_Receive_DMA)
    i.HAL_UART_RxCpltCallback                0x08001604   Section        0  stm32f4xx_hal_uart.o(i.HAL_UART_RxCpltCallback)
    i.HAL_UART_RxHalfCpltCallback            0x08001606   Section        0  stm32f4xx_hal_uart.o(i.HAL_UART_RxHalfCpltCallback)
    i.HAL_UART_TxCpltCallback                0x08001608   Section        0  stm32f4xx_hal_uart.o(i.HAL_UART_TxCpltCallback)
    i.HardFault_Handler                      0x0800160a   Section        0  stm32f4xx_it.o(i.HardFault_Handler)
    i.MX_DMA_Init                            0x0800160c   Section        0  dma.o(i.MX_DMA_Init)
    i.MX_FREERTOS_Init                       0x08001638   Section        0  freertos.o(i.MX_FREERTOS_Init)
    i.MX_GPIO_Init                           0x08001674   Section        0  gpio.o(i.MX_GPIO_Init)
    i.MX_USART1_UART_Init                    0x080016b0   Section        0  usart.o(i.MX_USART1_UART_Init)
    i.MX_USART2_UART_Init                    0x080016e8   Section        0  usart.o(i.MX_USART2_UART_Init)
    i.MX_USART3_UART_Init                    0x08001720   Section        0  usart.o(i.MX_USART3_UART_Init)
    i.MemManage_Handler                      0x08001758   Section        0  stm32f4xx_it.o(i.MemManage_Handler)
    i.MessageHandle                          0x0800175c   Section        0  message.o(i.MessageHandle)
    i.MessageHandle_task                     0x080017f0   Section        0  freertos.o(i.MessageHandle_task)
    i.Message_dequeue                        0x080017fc   Section        0  message.o(i.Message_dequeue)
    i.Message_init                           0x08001814   Section        0  message.o(i.Message_init)
    i.NMI_Handler                            0x080018a8   Section        0  stm32f4xx_it.o(i.NMI_Handler)
    i.SysTick_Handler                        0x080018ac   Section        0  port.o(i.SysTick_Handler)
    i.SystemClock_Config                     0x080018d8   Section        0  main.o(i.SystemClock_Config)
    i.SystemInit                             0x0800196c   Section        0  system_stm32f4xx.o(i.SystemInit)
    i.TIM1_UP_TIM10_IRQHandler               0x08001988   Section        0  stm32f4xx_it.o(i.TIM1_UP_TIM10_IRQHandler)
    i.TIM_Base_SetConfig                     0x08001994   Section        0  stm32f4xx_hal_tim.o(i.TIM_Base_SetConfig)
    i.UART_DMAAbortOnError                   0x08001a5c   Section        0  stm32f4xx_hal_uart.o(i.UART_DMAAbortOnError)
    UART_DMAAbortOnError                     0x08001a5d   Thumb Code    16  stm32f4xx_hal_uart.o(i.UART_DMAAbortOnError)
    i.UART_DMAError                          0x08001a6c   Section        0  stm32f4xx_hal_uart.o(i.UART_DMAError)
    UART_DMAError                            0x08001a6d   Thumb Code    74  stm32f4xx_hal_uart.o(i.UART_DMAError)
    i.UART_DMAReceiveCplt                    0x08001ab6   Section        0  stm32f4xx_hal_uart.o(i.UART_DMAReceiveCplt)
    UART_DMAReceiveCplt                      0x08001ab7   Thumb Code    60  stm32f4xx_hal_uart.o(i.UART_DMAReceiveCplt)
    i.UART_DMARxHalfCplt                     0x08001af2   Section        0  stm32f4xx_hal_uart.o(i.UART_DMARxHalfCplt)
    UART_DMARxHalfCplt                       0x08001af3   Thumb Code    10  stm32f4xx_hal_uart.o(i.UART_DMARxHalfCplt)
    i.UART_EndRxTransfer                     0x08001afc   Section        0  stm32f4xx_hal_uart.o(i.UART_EndRxTransfer)
    UART_EndRxTransfer                       0x08001afd   Thumb Code    28  stm32f4xx_hal_uart.o(i.UART_EndRxTransfer)
    i.UART_EndTxTransfer                     0x08001b18   Section        0  stm32f4xx_hal_uart.o(i.UART_EndTxTransfer)
    UART_EndTxTransfer                       0x08001b19   Thumb Code    18  stm32f4xx_hal_uart.o(i.UART_EndTxTransfer)
    i.UART_Receive_IT                        0x08001b2a   Section        0  stm32f4xx_hal_uart.o(i.UART_Receive_IT)
    UART_Receive_IT                          0x08001b2b   Thumb Code   150  stm32f4xx_hal_uart.o(i.UART_Receive_IT)
    i.UART_SetConfig                         0x08001bc0   Section        0  stm32f4xx_hal_uart.o(i.UART_SetConfig)
    UART_SetConfig                           0x08001bc1   Thumb Code   286  stm32f4xx_hal_uart.o(i.UART_SetConfig)
    i.UART_Transmit_IT                       0x08001ce8   Section        0  stm32f4xx_hal_uart.o(i.UART_Transmit_IT)
    UART_Transmit_IT                         0x08001ce9   Thumb Code    98  stm32f4xx_hal_uart.o(i.UART_Transmit_IT)
    i.USART1_IRQHandler                      0x08001d4c   Section        0  stm32f4xx_it.o(i.USART1_IRQHandler)
    i.UsageFault_Handler                     0x08001d60   Section        0  stm32f4xx_it.o(i.UsageFault_Handler)
    i.WifiHandle                             0x08001d62   Section        0  wifi.o(i.WifiHandle)
    i.WifiHandle_task                        0x08001d7c   Section        0  freertos.o(i.WifiHandle_task)
    i.Wifi_queue                             0x08001d88   Section        0  wifi.o(i.Wifi_queue)
    i.__0printf$5                            0x08001da8   Section        0  printf5.o(i.__0printf$5)
    i.__NVIC_SetPriority                     0x08001dc8   Section        0  stm32f4xx_hal_cortex.o(i.__NVIC_SetPriority)
    __NVIC_SetPriority                       0x08001dc9   Thumb Code    32  stm32f4xx_hal_cortex.o(i.__NVIC_SetPriority)
    i.__scatterload_copy                     0x08001de8   Section       14  handlers.o(i.__scatterload_copy)
    i.__scatterload_null                     0x08001df6   Section        2  handlers.o(i.__scatterload_null)
    i.__scatterload_zeroinit                 0x08001df8   Section       14  handlers.o(i.__scatterload_zeroinit)
    i._printf_core                           0x08001e08   Section        0  printf5.o(i._printf_core)
    _printf_core                             0x08001e09   Thumb Code   660  printf5.o(i._printf_core)
    i.fputc                                  0x080020c8   Section        0  usart.o(i.fputc)
    i.log_message                            0x080020d8   Section        0  message.o(i.log_message)
    i.main                                   0x08002218   Section        0  main.o(i.main)
    i.makeFreeRtosPriority                   0x0800223e   Section        0  cmsis_os.o(i.makeFreeRtosPriority)
    makeFreeRtosPriority                     0x0800223f   Thumb Code    12  cmsis_os.o(i.makeFreeRtosPriority)
    i.mcu_mes_deal                           0x0800224c   Section        0  mcu.o(i.mcu_mes_deal)
    i.osDelay                                0x0800225c   Section        0  cmsis_os.o(i.osDelay)
    i.osKernelStart                          0x0800226a   Section        0  cmsis_os.o(i.osKernelStart)
    i.osThreadCreate                         0x08002274   Section        0  cmsis_os.o(i.osThreadCreate)
    i.prvAddCurrentTaskToDelayedList         0x080022c8   Section        0  tasks.o(i.prvAddCurrentTaskToDelayedList)
    prvAddCurrentTaskToDelayedList           0x080022c9   Thumb Code   102  tasks.o(i.prvAddCurrentTaskToDelayedList)
    i.prvAddNewTaskToReadyList               0x08002338   Section        0  tasks.o(i.prvAddNewTaskToReadyList)
    prvAddNewTaskToReadyList                 0x08002339   Thumb Code   194  tasks.o(i.prvAddNewTaskToReadyList)
    i.prvCopyDataFromQueue                   0x08002408   Section        0  queue.o(i.prvCopyDataFromQueue)
    prvCopyDataFromQueue                     0x08002409   Thumb Code    38  queue.o(i.prvCopyDataFromQueue)
    i.prvCopyDataToQueue                     0x0800242e   Section        0  queue.o(i.prvCopyDataToQueue)
    prvCopyDataToQueue                       0x0800242f   Thumb Code   108  queue.o(i.prvCopyDataToQueue)
    i.prvDeleteTCB                           0x0800249a   Section        0  tasks.o(i.prvDeleteTCB)
    prvDeleteTCB                             0x0800249b   Thumb Code    52  tasks.o(i.prvDeleteTCB)
    i.prvHeapInit                            0x080024d0   Section        0  heap_4.o(i.prvHeapInit)
    prvHeapInit                              0x080024d1   Thumb Code    66  heap_4.o(i.prvHeapInit)
    i.prvIdleTask                            0x0800251c   Section        0  tasks.o(i.prvIdleTask)
    prvIdleTask                              0x0800251d   Thumb Code    82  tasks.o(i.prvIdleTask)
    i.prvInitialiseNewQueue                  0x0800257c   Section        0  queue.o(i.prvInitialiseNewQueue)
    prvInitialiseNewQueue                    0x0800257d   Thumb Code    22  queue.o(i.prvInitialiseNewQueue)
    i.prvInitialiseNewTask                   0x08002592   Section        0  tasks.o(i.prvInitialiseNewTask)
    prvInitialiseNewTask                     0x08002593   Thumb Code   152  tasks.o(i.prvInitialiseNewTask)
    i.prvInsertBlockIntoFreeList             0x0800262c   Section        0  heap_4.o(i.prvInsertBlockIntoFreeList)
    prvInsertBlockIntoFreeList               0x0800262d   Thumb Code    72  heap_4.o(i.prvInsertBlockIntoFreeList)
    i.prvIsQueueEmpty                        0x08002678   Section        0  queue.o(i.prvIsQueueEmpty)
    prvIsQueueEmpty                          0x08002679   Thumb Code    28  queue.o(i.prvIsQueueEmpty)
    i.prvResetNextTaskUnblockTime            0x08002694   Section        0  tasks.o(i.prvResetNextTaskUnblockTime)
    prvResetNextTaskUnblockTime              0x08002695   Thumb Code    26  tasks.o(i.prvResetNextTaskUnblockTime)
    i.prvTaskExitError                       0x080026b4   Section        0  port.o(i.prvTaskExitError)
    prvTaskExitError                         0x080026b5   Thumb Code    36  port.o(i.prvTaskExitError)
    i.prvUnlockQueue                         0x080026dc   Section        0  queue.o(i.prvUnlockQueue)
    prvUnlockQueue                           0x080026dd   Thumb Code   106  queue.o(i.prvUnlockQueue)
    i.pvPortMalloc                           0x08002748   Section        0  heap_4.o(i.pvPortMalloc)
    i.pxPortInitialiseStack                  0x08002820   Section        0  port.o(i.pxPortInitialiseStack)
    i.uart1_interrupt_handle                 0x0800284c   Section        0  message.o(i.uart1_interrupt_handle)
    i.uxListRemove                           0x08002950   Section        0  list.o(i.uxListRemove)
    i.vApplicationGetIdleTaskMemory          0x08002978   Section        0  freertos.o(i.vApplicationGetIdleTaskMemory)
    i.vListInitialise                        0x0800298c   Section        0  list.o(i.vListInitialise)
    i.vListInitialiseItem                    0x080029a2   Section        0  list.o(i.vListInitialiseItem)
    i.vListInsert                            0x080029a8   Section        0  list.o(i.vListInsert)
    i.vListInsertEnd                         0x080029d8   Section        0  list.o(i.vListInsertEnd)
    i.vPortEnterCritical                     0x080029f0   Section        0  port.o(i.vPortEnterCritical)
    i.vPortExitCritical                      0x08002a30   Section        0  port.o(i.vPortExitCritical)
    i.vPortFree                              0x08002a58   Section        0  heap_4.o(i.vPortFree)
    i.vPortSetupTimerInterrupt               0x08002ab4   Section        0  port.o(i.vPortSetupTimerInterrupt)
    i.vPortValidateInterruptPriority         0x08002ad8   Section        0  port.o(i.vPortValidateInterruptPriority)
    i.vTaskDelay                             0x08002b2c   Section        0  tasks.o(i.vTaskDelay)
    i.vTaskInternalSetTimeOutState           0x08002b78   Section        0  tasks.o(i.vTaskInternalSetTimeOutState)
    i.vTaskMissedYield                       0x08002b88   Section        0  tasks.o(i.vTaskMissedYield)
    i.vTaskPlaceOnEventList                  0x08002b94   Section        0  tasks.o(i.vTaskPlaceOnEventList)
    i.vTaskStartScheduler                    0x08002bc4   Section        0  tasks.o(i.vTaskStartScheduler)
    i.vTaskSuspendAll                        0x08002c30   Section        0  tasks.o(i.vTaskSuspendAll)
    i.vTaskSwitchContext                     0x08002c40   Section        0  tasks.o(i.vTaskSwitchContext)
    i.wifi_init                              0x08002c9c   Section        0  wifi.o(i.wifi_init)
    i.xPortStartScheduler                    0x08002d08   Section        0  port.o(i.xPortStartScheduler)
    i.xQueueGenericCreate                    0x08002dfc   Section        0  queue.o(i.xQueueGenericCreate)
    i.xQueueGenericReset                     0x08002e44   Section        0  queue.o(i.xQueueGenericReset)
    i.xQueueGenericSend                      0x08002ecc   Section        0  queue.o(i.xQueueGenericSend)
    i.xQueueGenericSendFromISR               0x0800302c   Section        0  queue.o(i.xQueueGenericSendFromISR)
    i.xQueueReceive                          0x080030e8   Section        0  queue.o(i.xQueueReceive)
    i.xTaskCheckForTimeOut                   0x08003220   Section        0  tasks.o(i.xTaskCheckForTimeOut)
    i.xTaskCreate                            0x08003294   Section        0  tasks.o(i.xTaskCreate)
    i.xTaskCreateStatic                      0x080032ee   Section        0  tasks.o(i.xTaskCreateStatic)
    i.xTaskGetSchedulerState                 0x08003344   Section        0  tasks.o(i.xTaskGetSchedulerState)
    i.xTaskIncrementTick                     0x08003360   Section        0  tasks.o(i.xTaskIncrementTick)
    i.xTaskPriorityDisinherit                0x08003428   Section        0  tasks.o(i.xTaskPriorityDisinherit)
    i.xTaskRemoveFromEventList               0x080034c0   Section        0  tasks.o(i.xTaskRemoveFromEventList)
    i.xTaskResumeAll                         0x08003534   Section        0  tasks.o(i.xTaskResumeAll)
    .constdata                               0x080035f8   Section       56  freertos.o(.constdata)
    .constdata                               0x08003630   Section        8  stm32f4xx_hal_dma.o(.constdata)
    flagBitshiftOffset                       0x08003630   Data           8  stm32f4xx_hal_dma.o(.constdata)
    .constdata                               0x08003638   Section       16  system_stm32f4xx.o(.constdata)
    .constdata                               0x08003648   Section        8  system_stm32f4xx.o(.constdata)
    .conststring                             0x08003650   Section       27  freertos.o(.conststring)
    .data                                    0x20000000   Section        8  freertos.o(.data)
    .data                                    0x20000008   Section       12  stm32f4xx_hal.o(.data)
    .data                                    0x20000014   Section        4  system_stm32f4xx.o(.data)
    .data                                    0x20000018   Section       60  tasks.o(.data)
    pxDelayedTaskList                        0x2000001c   Data           4  tasks.o(.data)
    pxOverflowDelayedTaskList                0x20000020   Data           4  tasks.o(.data)
    uxDeletedTasksWaitingCleanUp             0x20000024   Data           4  tasks.o(.data)
    uxCurrentNumberOfTasks                   0x20000028   Data           4  tasks.o(.data)
    xTickCount                               0x2000002c   Data           4  tasks.o(.data)
    uxTopReadyPriority                       0x20000030   Data           4  tasks.o(.data)
    xSchedulerRunning                        0x20000034   Data           4  tasks.o(.data)
    uxPendedTicks                            0x20000038   Data           4  tasks.o(.data)
    xYieldPending                            0x2000003c   Data           4  tasks.o(.data)
    xNumOfOverflows                          0x20000040   Data           4  tasks.o(.data)
    uxTaskNumber                             0x20000044   Data           4  tasks.o(.data)
    xNextTaskUnblockTime                     0x20000048   Data           4  tasks.o(.data)
    xIdleTaskHandle                          0x2000004c   Data           4  tasks.o(.data)
    uxSchedulerSuspended                     0x20000050   Data           4  tasks.o(.data)
    .data                                    0x20000054   Section       24  heap_4.o(.data)
    pxEnd                                    0x20000054   Data           4  heap_4.o(.data)
    xFreeBytesRemaining                      0x20000058   Data           4  heap_4.o(.data)
    xMinimumEverFreeBytesRemaining           0x2000005c   Data           4  heap_4.o(.data)
    xBlockAllocatedBit                       0x20000060   Data           4  heap_4.o(.data)
    xStart                                   0x20000064   Data           8  heap_4.o(.data)
    .data                                    0x2000006c   Section       12  port.o(.data)
    ucMaxSysCallPriority                     0x2000006c   Data           1  port.o(.data)
    uxCriticalNesting                        0x20000070   Data           4  port.o(.data)
    ulMaxPRIGROUPValue                       0x20000074   Data           4  port.o(.data)
    .data                                    0x20000078   Section        4  wifi.o(.data)
    Wifi_Queue                               0x20000078   Data           4  wifi.o(.data)
    .data                                    0x2000007c   Section        4  message.o(.data)
    Message_Queue                            0x2000007c   Data           4  message.o(.data)
    .data                                    0x20000080   Section        4  stdout.o(.data)
    .bss                                     0x20000084   Section      596  freertos.o(.bss)
    xIdleTaskTCBBuffer                       0x20000084   Data          84  freertos.o(.bss)
    xIdleStack                               0x200000d8   Data         512  freertos.o(.bss)
    .bss                                     0x200002d8   Section      288  usart.o(.bss)
    .bss                                     0x200003f8   Section       64  stm32f4xx_hal_timebase_tim.o(.bss)
    .bss                                     0x20000438   Section      240  tasks.o(.bss)
    pxReadyTasksLists                        0x20000438   Data         140  tasks.o(.bss)
    xDelayedTaskList1                        0x200004c4   Data          20  tasks.o(.bss)
    xDelayedTaskList2                        0x200004d8   Data          20  tasks.o(.bss)
    xPendingReadyList                        0x200004ec   Data          20  tasks.o(.bss)
    xTasksWaitingTermination                 0x20000500   Data          20  tasks.o(.bss)
    xSuspendedTaskList                       0x20000514   Data          20  tasks.o(.bss)
    .bss                                     0x20000528   Section    15360  heap_4.o(.bss)
    ucHeap                                   0x20000528   Data       15360  heap_4.o(.bss)
    .bss                                     0x20004128   Section       49  message.o(.bss)
    uart1_Frame_buf                          0x20004128   Data          49  message.o(.bss)
    STACK                                    0x20004160   Section     1024  startup_stm32f407xx.o(STACK)

    Global Symbols

    Symbol Name                              Value     Ov Type        Size  Object(Section)

    BuildAttributes$$THM_ISAv4$E$P$D$K$B$S$7EM$VFPi3$EXTD16$VFPS$VFMA$PE$A:L22UL41UL21$X:L11$S22US41US21$IEEE1$IW$USESV6$~STKCKD$USESV7$~SHL$OSPACE$ROPI$EBA8$MICROLIB$REQ8$PRES8$EABIv2 0x00000000   Number         0  anon$$obj.o ABSOLUTE
    __ARM_use_no_argv                        0x00000000   Number         0  main.o ABSOLUTE
    _printf_a                                0x00000000   Number         0  stubs.o ABSOLUTE
    _printf_c                                0x00000000   Number         0  stubs.o ABSOLUTE
    _printf_charcount                        0x00000000   Number         0  stubs.o ABSOLUTE
    _printf_d                                0x00000000   Number         0  stubs.o ABSOLUTE
    _printf_e                                0x00000000   Number         0  stubs.o ABSOLUTE
    _printf_f                                0x00000000   Number         0  stubs.o ABSOLUTE
    _printf_flags                            0x00000000   Number         0  stubs.o ABSOLUTE
    _printf_fp_dec                           0x00000000   Number         0  stubs.o ABSOLUTE
    _printf_fp_hex                           0x00000000   Number         0  stubs.o ABSOLUTE
    _printf_g                                0x00000000   Number         0  stubs.o ABSOLUTE
    _printf_i                                0x00000000   Number         0  stubs.o ABSOLUTE
    _printf_int_dec                          0x00000000   Number         0  stubs.o ABSOLUTE
    _printf_l                                0x00000000   Number         0  stubs.o ABSOLUTE
    _printf_lc                               0x00000000   Number         0  stubs.o ABSOLUTE
    _printf_ll                               0x00000000   Number         0  stubs.o ABSOLUTE
    _printf_lld                              0x00000000   Number         0  stubs.o ABSOLUTE
    _printf_lli                              0x00000000   Number         0  stubs.o ABSOLUTE
    _printf_llo                              0x00000000   Number         0  stubs.o ABSOLUTE
    _printf_llu                              0x00000000   Number         0  stubs.o ABSOLUTE
    _printf_llx                              0x00000000   Number         0  stubs.o ABSOLUTE
    _printf_longlong_dec                     0x00000000   Number         0  stubs.o ABSOLUTE
    _printf_longlong_hex                     0x00000000   Number         0  stubs.o ABSOLUTE
    _printf_longlong_oct                     0x00000000   Number         0  stubs.o ABSOLUTE
    _printf_ls                               0x00000000   Number         0  stubs.o ABSOLUTE
    _printf_mbtowc                           0x00000000   Number         0  stubs.o ABSOLUTE
    _printf_n                                0x00000000   Number         0  stubs.o ABSOLUTE
    _printf_o                                0x00000000   Number         0  stubs.o ABSOLUTE
    _printf_p                                0x00000000   Number         0  stubs.o ABSOLUTE
    _printf_percent                          0x00000000   Number         0  stubs.o ABSOLUTE
    _printf_pre_padding                      0x00000000   Number         0  stubs.o ABSOLUTE
    _printf_return_value                     0x00000000   Number         0  stubs.o ABSOLUTE
    _printf_s                                0x00000000   Number         0  stubs.o ABSOLUTE
    _printf_sizespec                         0x00000000   Number         0  stubs.o ABSOLUTE
    _printf_str                              0x00000000   Number         0  stubs.o ABSOLUTE
    _printf_truncate_signed                  0x00000000   Number         0  stubs.o ABSOLUTE
    _printf_truncate_unsigned                0x00000000   Number         0  stubs.o ABSOLUTE
    _printf_u                                0x00000000   Number         0  stubs.o ABSOLUTE
    _printf_wc                               0x00000000   Number         0  stubs.o ABSOLUTE
    _printf_wctomb                           0x00000000   Number         0  stubs.o ABSOLUTE
    _printf_widthprec                        0x00000000   Number         0  stubs.o ABSOLUTE
    _printf_x                                0x00000000   Number         0  stubs.o ABSOLUTE
    __arm_fini_                               - Undefined Weak Reference
    __cpp_initialize__aeabi_                  - Undefined Weak Reference
    __cxa_finalize                            - Undefined Weak Reference
    __decompress                              - Undefined Weak Reference
    _clock_init                               - Undefined Weak Reference
    _microlib_exit                            - Undefined Weak Reference
    __Vectors_Size                           0x00000188   Number         0  startup_stm32f407xx.o ABSOLUTE
    __Vectors                                0x08000000   Data           4  startup_stm32f407xx.o(RESET)
    __Vectors_End                            0x08000188   Data           0  startup_stm32f407xx.o(RESET)
    __main                                   0x08000189   Thumb Code     0  entry.o(.ARM.Collect$$$$00000000)
    _main_stk                                0x08000189   Thumb Code     0  entry2.o(.ARM.Collect$$$$00000001)
    _main_scatterload                        0x0800018d   Thumb Code     0  entry5.o(.ARM.Collect$$$$00000004)
    __main_after_scatterload                 0x08000191   Thumb Code     0  entry5.o(.ARM.Collect$$$$00000004)
    _main_clock                              0x08000191   Thumb Code     0  entry7b.o(.ARM.Collect$$$$00000008)
    _main_cpp_init                           0x08000191   Thumb Code     0  entry8b.o(.ARM.Collect$$$$0000000A)
    _main_init                               0x08000191   Thumb Code     0  entry9a.o(.ARM.Collect$$$$0000000B)
    __rt_lib_shutdown_fini                   0x08000199   Thumb Code     0  entry12b.o(.ARM.Collect$$$$0000000E)
    __rt_final_cpp                           0x0800019d   Thumb Code     0  entry10a.o(.ARM.Collect$$$$0000000F)
    __rt_final_exit                          0x0800019d   Thumb Code     0  entry11a.o(.ARM.Collect$$$$00000011)
    SVC_Handler                              0x080001a1   Thumb Code    28  port.o(.emb_text)
    __asm___6_port_c_39a90d8d__prvStartFirstTask 0x080001c1   Thumb Code    36  port.o(.emb_text)
    __asm___6_port_c_39a90d8d__prvEnableVFP  0x080001e9   Thumb Code    16  port.o(.emb_text)
    PendSV_Handler                           0x080001fd   Thumb Code    88  port.o(.emb_text)
    vPortGetIPSR                             0x08000259   Thumb Code     6  port.o(.emb_text)
    Reset_Handler                            0x08000261   Thumb Code     8  startup_stm32f407xx.o(.text)
    ADC_IRQHandler                           0x0800027b   Thumb Code     0  startup_stm32f407xx.o(.text)
    CAN1_RX0_IRQHandler                      0x0800027b   Thumb Code     0  startup_stm32f407xx.o(.text)
    CAN1_RX1_IRQHandler                      0x0800027b   Thumb Code     0  startup_stm32f407xx.o(.text)
    CAN1_SCE_IRQHandler                      0x0800027b   Thumb Code     0  startup_stm32f407xx.o(.text)
    CAN1_TX_IRQHandler                       0x0800027b   Thumb Code     0  startup_stm32f407xx.o(.text)
    CAN2_RX0_IRQHandler                      0x0800027b   Thumb Code     0  startup_stm32f407xx.o(.text)
    CAN2_RX1_IRQHandler                      0x0800027b   Thumb Code     0  startup_stm32f407xx.o(.text)
    CAN2_SCE_IRQHandler                      0x0800027b   Thumb Code     0  startup_stm32f407xx.o(.text)
    CAN2_TX_IRQHandler                       0x0800027b   Thumb Code     0  startup_stm32f407xx.o(.text)
    DCMI_IRQHandler                          0x0800027b   Thumb Code     0  startup_stm32f407xx.o(.text)
    DMA1_Stream0_IRQHandler                  0x0800027b   Thumb Code     0  startup_stm32f407xx.o(.text)
    DMA1_Stream1_IRQHandler                  0x0800027b   Thumb Code     0  startup_stm32f407xx.o(.text)
    DMA1_Stream2_IRQHandler                  0x0800027b   Thumb Code     0  startup_stm32f407xx.o(.text)
    DMA1_Stream3_IRQHandler                  0x0800027b   Thumb Code     0  startup_stm32f407xx.o(.text)
    DMA1_Stream4_IRQHandler                  0x0800027b   Thumb Code     0  startup_stm32f407xx.o(.text)
    DMA1_Stream5_IRQHandler                  0x0800027b   Thumb Code     0  startup_stm32f407xx.o(.text)
    DMA1_Stream6_IRQHandler                  0x0800027b   Thumb Code     0  startup_stm32f407xx.o(.text)
    DMA1_Stream7_IRQHandler                  0x0800027b   Thumb Code     0  startup_stm32f407xx.o(.text)
    DMA2_Stream0_IRQHandler                  0x0800027b   Thumb Code     0  startup_stm32f407xx.o(.text)
    DMA2_Stream1_IRQHandler                  0x0800027b   Thumb Code     0  startup_stm32f407xx.o(.text)
    DMA2_Stream3_IRQHandler                  0x0800027b   Thumb Code     0  startup_stm32f407xx.o(.text)
    DMA2_Stream4_IRQHandler                  0x0800027b   Thumb Code     0  startup_stm32f407xx.o(.text)
    DMA2_Stream5_IRQHandler                  0x0800027b   Thumb Code     0  startup_stm32f407xx.o(.text)
    DMA2_Stream6_IRQHandler                  0x0800027b   Thumb Code     0  startup_stm32f407xx.o(.text)
    DMA2_Stream7_IRQHandler                  0x0800027b   Thumb Code     0  startup_stm32f407xx.o(.text)
    ETH_IRQHandler                           0x0800027b   Thumb Code     0  startup_stm32f407xx.o(.text)
    ETH_WKUP_IRQHandler                      0x0800027b   Thumb Code     0  startup_stm32f407xx.o(.text)
    EXTI0_IRQHandler                         0x0800027b   Thumb Code     0  startup_stm32f407xx.o(.text)
    EXTI15_10_IRQHandler                     0x0800027b   Thumb Code     0  startup_stm32f407xx.o(.text)
    EXTI1_IRQHandler                         0x0800027b   Thumb Code     0  startup_stm32f407xx.o(.text)
    EXTI2_IRQHandler                         0x0800027b   Thumb Code     0  startup_stm32f407xx.o(.text)
    EXTI3_IRQHandler                         0x0800027b   Thumb Code     0  startup_stm32f407xx.o(.text)
    EXTI4_IRQHandler                         0x0800027b   Thumb Code     0  startup_stm32f407xx.o(.text)
    EXTI9_5_IRQHandler                       0x0800027b   Thumb Code     0  startup_stm32f407xx.o(.text)
    FLASH_IRQHandler                         0x0800027b   Thumb Code     0  startup_stm32f407xx.o(.text)
    FMC_IRQHandler                           0x0800027b   Thumb Code     0  startup_stm32f407xx.o(.text)
    FPU_IRQHandler                           0x0800027b   Thumb Code     0  startup_stm32f407xx.o(.text)
    HASH_RNG_IRQHandler                      0x0800027b   Thumb Code     0  startup_stm32f407xx.o(.text)
    I2C1_ER_IRQHandler                       0x0800027b   Thumb Code     0  startup_stm32f407xx.o(.text)
    I2C1_EV_IRQHandler                       0x0800027b   Thumb Code     0  startup_stm32f407xx.o(.text)
    I2C2_ER_IRQHandler                       0x0800027b   Thumb Code     0  startup_stm32f407xx.o(.text)
    I2C2_EV_IRQHandler                       0x0800027b   Thumb Code     0  startup_stm32f407xx.o(.text)
    I2C3_ER_IRQHandler                       0x0800027b   Thumb Code     0  startup_stm32f407xx.o(.text)
    I2C3_EV_IRQHandler                       0x0800027b   Thumb Code     0  startup_stm32f407xx.o(.text)
    OTG_FS_IRQHandler                        0x0800027b   Thumb Code     0  startup_stm32f407xx.o(.text)
    OTG_FS_WKUP_IRQHandler                   0x0800027b   Thumb Code     0  startup_stm32f407xx.o(.text)
    OTG_HS_EP1_IN_IRQHandler                 0x0800027b   Thumb Code     0  startup_stm32f407xx.o(.text)
    OTG_HS_EP1_OUT_IRQHandler                0x0800027b   Thumb Code     0  startup_stm32f407xx.o(.text)
    OTG_HS_IRQHandler                        0x0800027b   Thumb Code     0  startup_stm32f407xx.o(.text)
    OTG_HS_WKUP_IRQHandler                   0x0800027b   Thumb Code     0  startup_stm32f407xx.o(.text)
    PVD_IRQHandler                           0x0800027b   Thumb Code     0  startup_stm32f407xx.o(.text)
    RCC_IRQHandler                           0x0800027b   Thumb Code     0  startup_stm32f407xx.o(.text)
    RTC_Alarm_IRQHandler                     0x0800027b   Thumb Code     0  startup_stm32f407xx.o(.text)
    RTC_WKUP_IRQHandler                      0x0800027b   Thumb Code     0  startup_stm32f407xx.o(.text)
    SDIO_IRQHandler                          0x0800027b   Thumb Code     0  startup_stm32f407xx.o(.text)
    SPI1_IRQHandler                          0x0800027b   Thumb Code     0  startup_stm32f407xx.o(.text)
    SPI2_IRQHandler                          0x0800027b   Thumb Code     0  startup_stm32f407xx.o(.text)
    SPI3_IRQHandler                          0x0800027b   Thumb Code     0  startup_stm32f407xx.o(.text)
    TAMP_STAMP_IRQHandler                    0x0800027b   Thumb Code     0  startup_stm32f407xx.o(.text)
    TIM1_BRK_TIM9_IRQHandler                 0x0800027b   Thumb Code     0  startup_stm32f407xx.o(.text)
    TIM1_CC_IRQHandler                       0x0800027b   Thumb Code     0  startup_stm32f407xx.o(.text)
    TIM1_TRG_COM_TIM11_IRQHandler            0x0800027b   Thumb Code     0  startup_stm32f407xx.o(.text)
    TIM2_IRQHandler                          0x0800027b   Thumb Code     0  startup_stm32f407xx.o(.text)
    TIM3_IRQHandler                          0x0800027b   Thumb Code     0  startup_stm32f407xx.o(.text)
    TIM4_IRQHandler                          0x0800027b   Thumb Code     0  startup_stm32f407xx.o(.text)
    TIM5_IRQHandler                          0x0800027b   Thumb Code     0  startup_stm32f407xx.o(.text)
    TIM6_DAC_IRQHandler                      0x0800027b   Thumb Code     0  startup_stm32f407xx.o(.text)
    TIM7_IRQHandler                          0x0800027b   Thumb Code     0  startup_stm32f407xx.o(.text)
    TIM8_BRK_TIM12_IRQHandler                0x0800027b   Thumb Code     0  startup_stm32f407xx.o(.text)
    TIM8_CC_IRQHandler                       0x0800027b   Thumb Code     0  startup_stm32f407xx.o(.text)
    TIM8_TRG_COM_TIM14_IRQHandler            0x0800027b   Thumb Code     0  startup_stm32f407xx.o(.text)
    TIM8_UP_TIM13_IRQHandler                 0x0800027b   Thumb Code     0  startup_stm32f407xx.o(.text)
    UART4_IRQHandler                         0x0800027b   Thumb Code     0  startup_stm32f407xx.o(.text)
    UART5_IRQHandler                         0x0800027b   Thumb Code     0  startup_stm32f407xx.o(.text)
    USART2_IRQHandler                        0x0800027b   Thumb Code     0  startup_stm32f407xx.o(.text)
    USART3_IRQHandler                        0x0800027b   Thumb Code     0  startup_stm32f407xx.o(.text)
    USART6_IRQHandler                        0x0800027b   Thumb Code     0  startup_stm32f407xx.o(.text)
    WWDG_IRQHandler                          0x0800027b   Thumb Code     0  startup_stm32f407xx.o(.text)
    __aeabi_uldivmod                         0x08000285   Thumb Code    98  uldiv.o(.text)
    __aeabi_memcpy                           0x080002e7   Thumb Code    36  memcpya.o(.text)
    __aeabi_memcpy4                          0x080002e7   Thumb Code     0  memcpya.o(.text)
    __aeabi_memcpy8                          0x080002e7   Thumb Code     0  memcpya.o(.text)
    __aeabi_memset                           0x0800030b   Thumb Code    14  memseta.o(.text)
    __aeabi_memset4                          0x0800030b   Thumb Code     0  memseta.o(.text)
    __aeabi_memset8                          0x0800030b   Thumb Code     0  memseta.o(.text)
    __aeabi_memclr                           0x08000319   Thumb Code     4  memseta.o(.text)
    __aeabi_memclr4                          0x08000319   Thumb Code     0  memseta.o(.text)
    __aeabi_memclr8                          0x08000319   Thumb Code     0  memseta.o(.text)
    memset                                   0x0800031d   Thumb Code    18  memseta.o(.text)
    __aeabi_llsl                             0x0800032f   Thumb Code    30  llshl.o(.text)
    _ll_shift_l                              0x0800032f   Thumb Code     0  llshl.o(.text)
    __aeabi_llsr                             0x0800034d   Thumb Code    32  llushr.o(.text)
    _ll_ushift_r                             0x0800034d   Thumb Code     0  llushr.o(.text)
    __scatterload                            0x0800036d   Thumb Code    28  init.o(.text)
    __scatterload_rt2                        0x0800036d   Thumb Code     0  init.o(.text)
    BusFault_Handler                         0x08000391   Thumb Code     2  stm32f4xx_it.o(i.BusFault_Handler)
    DMA2_Stream2_IRQHandler                  0x08000395   Thumb Code     6  stm32f4xx_it.o(i.DMA2_Stream2_IRQHandler)
    DebugMon_Handler                         0x08000445   Thumb Code     2  stm32f4xx_it.o(i.DebugMon_Handler)
    Error_Handler                            0x08000447   Thumb Code     4  main.o(i.Error_Handler)
    HAL_DMA_Abort                            0x0800044b   Thumb Code   142  stm32f4xx_hal_dma.o(i.HAL_DMA_Abort)
    HAL_DMA_Abort_IT                         0x080004d9   Thumb Code    36  stm32f4xx_hal_dma.o(i.HAL_DMA_Abort_IT)
    HAL_DMA_IRQHandler                       0x080004fd   Thumb Code   412  stm32f4xx_hal_dma.o(i.HAL_DMA_IRQHandler)
    HAL_DMA_Init                             0x0800069d   Thumb Code   206  stm32f4xx_hal_dma.o(i.HAL_DMA_Init)
    HAL_DMA_Start_IT                         0x08000771   Thumb Code   110  stm32f4xx_hal_dma.o(i.HAL_DMA_Start_IT)
    HAL_GPIO_Init                            0x080007e1   Thumb Code   394  stm32f4xx_hal_gpio.o(i.HAL_GPIO_Init)
    HAL_GetTick                              0x08000999   Thumb Code     6  stm32f4xx_hal.o(i.HAL_GetTick)
    HAL_IncTick                              0x080009a5   Thumb Code    12  stm32f4xx_hal.o(i.HAL_IncTick)
    HAL_Init                                 0x080009b5   Thumb Code    48  stm32f4xx_hal.o(i.HAL_Init)
    HAL_InitTick                             0x080009e9   Thumb Code   100  stm32f4xx_hal_timebase_tim.o(i.HAL_InitTick)
    HAL_MspInit                              0x08000a5d   Thumb Code    52  stm32f4xx_hal_msp.o(i.HAL_MspInit)
    HAL_NVIC_EnableIRQ                       0x08000a95   Thumb Code    26  stm32f4xx_hal_cortex.o(i.HAL_NVIC_EnableIRQ)
    HAL_NVIC_SetPriority                     0x08000ab1   Thumb Code    60  stm32f4xx_hal_cortex.o(i.HAL_NVIC_SetPriority)
    HAL_NVIC_SetPriorityGrouping             0x08000af1   Thumb Code    26  stm32f4xx_hal_cortex.o(i.HAL_NVIC_SetPriorityGrouping)
    HAL_RCC_ClockConfig                      0x08000b15   Thumb Code   288  stm32f4xx_hal_rcc.o(i.HAL_RCC_ClockConfig)
    HAL_RCC_GetClockConfig                   0x08000c49   Thumb Code    54  stm32f4xx_hal_rcc.o(i.HAL_RCC_GetClockConfig)
    HAL_RCC_GetPCLK1Freq                     0x08000c89   Thumb Code    20  stm32f4xx_hal_rcc.o(i.HAL_RCC_GetPCLK1Freq)
    HAL_RCC_GetPCLK2Freq                     0x08000ca9   Thumb Code    20  stm32f4xx_hal_rcc.o(i.HAL_RCC_GetPCLK2Freq)
    HAL_RCC_GetSysClockFreq                  0x08000cc9   Thumb Code    88  stm32f4xx_hal_rcc.o(i.HAL_RCC_GetSysClockFreq)
    HAL_RCC_OscConfig                        0x08000d29   Thumb Code   840  stm32f4xx_hal_rcc.o(i.HAL_RCC_OscConfig)
    HAL_TIMEx_BreakCallback                  0x08001085   Thumb Code     2  stm32f4xx_hal_tim_ex.o(i.HAL_TIMEx_BreakCallback)
    HAL_TIMEx_CommutCallback                 0x08001087   Thumb Code     2  stm32f4xx_hal_tim_ex.o(i.HAL_TIMEx_CommutCallback)
    HAL_TIM_Base_Init                        0x08001089   Thumb Code    54  stm32f4xx_hal_tim.o(i.HAL_TIM_Base_Init)
    HAL_TIM_Base_MspInit                     0x080010bf   Thumb Code     2  stm32f4xx_hal_tim.o(i.HAL_TIM_Base_MspInit)
    HAL_TIM_Base_Start_IT                    0x080010c1   Thumb Code    34  stm32f4xx_hal_tim.o(i.HAL_TIM_Base_Start_IT)
    HAL_TIM_IC_CaptureCallback               0x080010e3   Thumb Code     2  stm32f4xx_hal_tim.o(i.HAL_TIM_IC_CaptureCallback)
    HAL_TIM_IRQHandler                       0x080010e5   Thumb Code   358  stm32f4xx_hal_tim.o(i.HAL_TIM_IRQHandler)
    HAL_TIM_OC_DelayElapsedCallback          0x0800124b   Thumb Code     2  stm32f4xx_hal_tim.o(i.HAL_TIM_OC_DelayElapsedCallback)
    HAL_TIM_PWM_PulseFinishedCallback        0x0800124d   Thumb Code     2  stm32f4xx_hal_tim.o(i.HAL_TIM_PWM_PulseFinishedCallback)
    HAL_TIM_PeriodElapsedCallback            0x08001251   Thumb Code    14  main.o(i.HAL_TIM_PeriodElapsedCallback)
    HAL_TIM_TriggerCallback                  0x08001265   Thumb Code     2  stm32f4xx_hal_tim.o(i.HAL_TIM_TriggerCallback)
    HAL_UART_DMAStop                         0x08001267   Thumb Code    88  stm32f4xx_hal_uart.o(i.HAL_UART_DMAStop)
    HAL_UART_ErrorCallback                   0x080012bf   Thumb Code     2  stm32f4xx_hal_uart.o(i.HAL_UART_ErrorCallback)
    HAL_UART_IRQHandler                      0x080012c1   Thumb Code   270  stm32f4xx_hal_uart.o(i.HAL_UART_IRQHandler)
    HAL_UART_Init                            0x080013d5   Thumb Code    98  stm32f4xx_hal_uart.o(i.HAL_UART_Init)
    HAL_UART_MspInit                         0x08001439   Thumb Code   276  usart.o(i.HAL_UART_MspInit)
    HAL_UART_Receive_DMA                     0x0800156d   Thumb Code   138  stm32f4xx_hal_uart.o(i.HAL_UART_Receive_DMA)
    HAL_UART_RxCpltCallback                  0x08001605   Thumb Code     2  stm32f4xx_hal_uart.o(i.HAL_UART_RxCpltCallback)
    HAL_UART_RxHalfCpltCallback              0x08001607   Thumb Code     2  stm32f4xx_hal_uart.o(i.HAL_UART_RxHalfCpltCallback)
    HAL_UART_TxCpltCallback                  0x08001609   Thumb Code     2  stm32f4xx_hal_uart.o(i.HAL_UART_TxCpltCallback)
    HardFault_Handler                        0x0800160b   Thumb Code     2  stm32f4xx_it.o(i.HardFault_Handler)
    MX_DMA_Init                              0x0800160d   Thumb Code    40  dma.o(i.MX_DMA_Init)
    MX_FREERTOS_Init                         0x08001639   Thumb Code    52  freertos.o(i.MX_FREERTOS_Init)
    MX_GPIO_Init                             0x08001675   Thumb Code    54  gpio.o(i.MX_GPIO_Init)
    MX_USART1_UART_Init                      0x080016b1   Thumb Code    48  usart.o(i.MX_USART1_UART_Init)
    MX_USART2_UART_Init                      0x080016e9   Thumb Code    48  usart.o(i.MX_USART2_UART_Init)
    MX_USART3_UART_Init                      0x08001721   Thumb Code    48  usart.o(i.MX_USART3_UART_Init)
    MemManage_Handler                        0x08001759   Thumb Code     2  stm32f4xx_it.o(i.MemManage_Handler)
    MessageHandle                            0x0800175d   Thumb Code    86  message.o(i.MessageHandle)
    MessageHandle_task                       0x080017f1   Thumb Code    12  freertos.o(i.MessageHandle_task)
    Message_dequeue                          0x080017fd   Thumb Code    18  message.o(i.Message_dequeue)
    Message_init                             0x08001815   Thumb Code    54  message.o(i.Message_init)
    NMI_Handler                              0x080018a9   Thumb Code     2  stm32f4xx_it.o(i.NMI_Handler)
    SysTick_Handler                          0x080018ad   Thumb Code    38  port.o(i.SysTick_Handler)
    SystemClock_Config                       0x080018d9   Thumb Code   138  main.o(i.SystemClock_Config)
    SystemInit                               0x0800196d   Thumb Code    22  system_stm32f4xx.o(i.SystemInit)
    TIM1_UP_TIM10_IRQHandler                 0x08001989   Thumb Code     6  stm32f4xx_it.o(i.TIM1_UP_TIM10_IRQHandler)
    TIM_Base_SetConfig                       0x08001995   Thumb Code   156  stm32f4xx_hal_tim.o(i.TIM_Base_SetConfig)
    USART1_IRQHandler                        0x08001d4d   Thumb Code    16  stm32f4xx_it.o(i.USART1_IRQHandler)
    UsageFault_Handler                       0x08001d61   Thumb Code     2  stm32f4xx_it.o(i.UsageFault_Handler)
    WifiHandle                               0x08001d63   Thumb Code    26  wifi.o(i.WifiHandle)
    WifiHandle_task                          0x08001d7d   Thumb Code    12  freertos.o(i.WifiHandle_task)
    Wifi_queue                               0x08001d89   Thumb Code    28  wifi.o(i.Wifi_queue)
    __0printf$5                              0x08001da9   Thumb Code    22  printf5.o(i.__0printf$5)
    __1printf$5                              0x08001da9   Thumb Code     0  printf5.o(i.__0printf$5)
    __2printf                                0x08001da9   Thumb Code     0  printf5.o(i.__0printf$5)
    __scatterload_copy                       0x08001de9   Thumb Code    14  handlers.o(i.__scatterload_copy)
    __scatterload_null                       0x08001df7   Thumb Code     2  handlers.o(i.__scatterload_null)
    __scatterload_zeroinit                   0x08001df9   Thumb Code    14  handlers.o(i.__scatterload_zeroinit)
    fputc                                    0x080020c9   Thumb Code    12  usart.o(i.fputc)
    log_message                              0x080020d9   Thumb Code   110  message.o(i.log_message)
    main                                     0x08002219   Thumb Code    38  main.o(i.main)
    mcu_mes_deal                             0x0800224d   Thumb Code     6  mcu.o(i.mcu_mes_deal)
    osDelay                                  0x0800225d   Thumb Code    14  cmsis_os.o(i.osDelay)
    osKernelStart                            0x0800226b   Thumb Code    10  cmsis_os.o(i.osKernelStart)
    osThreadCreate                           0x08002275   Thumb Code    84  cmsis_os.o(i.osThreadCreate)
    pvPortMalloc                             0x08002749   Thumb Code   210  heap_4.o(i.pvPortMalloc)
    pxPortInitialiseStack                    0x08002821   Thumb Code    40  port.o(i.pxPortInitialiseStack)
    uart1_interrupt_handle                   0x0800284d   Thumb Code   214  message.o(i.uart1_interrupt_handle)
    uxListRemove                             0x08002951   Thumb Code    38  list.o(i.uxListRemove)
    vApplicationGetIdleTaskMemory            0x08002979   Thumb Code    16  freertos.o(i.vApplicationGetIdleTaskMemory)
    vListInitialise                          0x0800298d   Thumb Code    22  list.o(i.vListInitialise)
    vListInitialiseItem                      0x080029a3   Thumb Code     6  list.o(i.vListInitialiseItem)
    vListInsert                              0x080029a9   Thumb Code    48  list.o(i.vListInsert)
    vListInsertEnd                           0x080029d9   Thumb Code    24  list.o(i.vListInsertEnd)
    vPortEnterCritical                       0x080029f1   Thumb Code    54  port.o(i.vPortEnterCritical)
    vPortExitCritical                        0x08002a31   Thumb Code    34  port.o(i.vPortExitCritical)
    vPortFree                                0x08002a59   Thumb Code    88  heap_4.o(i.vPortFree)
    vPortSetupTimerInterrupt                 0x08002ab5   Thumb Code    32  port.o(i.vPortSetupTimerInterrupt)
    vPortValidateInterruptPriority           0x08002ad9   Thumb Code    74  port.o(i.vPortValidateInterruptPriority)
    vTaskDelay                               0x08002b2d   Thumb Code    66  tasks.o(i.vTaskDelay)
    vTaskInternalSetTimeOutState             0x08002b79   Thumb Code    12  tasks.o(i.vTaskInternalSetTimeOutState)
    vTaskMissedYield                         0x08002b89   Thumb Code     8  tasks.o(i.vTaskMissedYield)
    vTaskPlaceOnEventList                    0x08002b95   Thumb Code    44  tasks.o(i.vTaskPlaceOnEventList)
    vTaskStartScheduler                      0x08002bc5   Thumb Code    90  tasks.o(i.vTaskStartScheduler)
    vTaskSuspendAll                          0x08002c31   Thumb Code    10  tasks.o(i.vTaskSuspendAll)
    vTaskSwitchContext                       0x08002c41   Thumb Code    82  tasks.o(i.vTaskSwitchContext)
    wifi_init                                0x08002c9d   Thumb Code    32  wifi.o(i.wifi_init)
    xPortStartScheduler                      0x08002d09   Thumb Code   222  port.o(i.xPortStartScheduler)
    xQueueGenericCreate                      0x08002dfd   Thumb Code    72  queue.o(i.xQueueGenericCreate)
    xQueueGenericReset                       0x08002e45   Thumb Code   132  queue.o(i.xQueueGenericReset)
    xQueueGenericSend                        0x08002ecd   Thumb Code   346  queue.o(i.xQueueGenericSend)
    xQueueGenericSendFromISR                 0x0800302d   Thumb Code   188  queue.o(i.xQueueGenericSendFromISR)
    xQueueReceive                            0x080030e9   Thumb Code   308  queue.o(i.xQueueReceive)
    xTaskCheckForTimeOut                     0x08003221   Thumb Code   112  tasks.o(i.xTaskCheckForTimeOut)
    xTaskCreate                              0x08003295   Thumb Code    90  tasks.o(i.xTaskCreate)
    xTaskCreateStatic                        0x080032ef   Thumb Code    86  tasks.o(i.xTaskCreateStatic)
    xTaskGetSchedulerState                   0x08003345   Thumb Code    22  tasks.o(i.xTaskGetSchedulerState)
    xTaskIncrementTick                       0x08003361   Thumb Code   192  tasks.o(i.xTaskIncrementTick)
    xTaskPriorityDisinherit                  0x08003429   Thumb Code   144  tasks.o(i.xTaskPriorityDisinherit)
    xTaskRemoveFromEventList                 0x080034c1   Thumb Code   108  tasks.o(i.xTaskRemoveFromEventList)
    xTaskResumeAll                           0x08003535   Thumb Code   182  tasks.o(i.xTaskResumeAll)
    AHBPrescTable                            0x08003638   Data          16  system_stm32f4xx.o(.constdata)
    APBPrescTable                            0x08003648   Data           8  system_stm32f4xx.o(.constdata)
    Region$$Table$$Base                      0x0800366c   Number         0  anon$$obj.o(Region$$Table)
    Region$$Table$$Limit                     0x0800368c   Number         0  anon$$obj.o(Region$$Table)
    MessageHandleHandle                      0x20000000   Data           4  freertos.o(.data)
    WifiHandleHandle                         0x20000004   Data           4  freertos.o(.data)
    uwTickFreq                               0x20000008   Data           1  stm32f4xx_hal.o(.data)
    uwTickPrio                               0x2000000c   Data           4  stm32f4xx_hal.o(.data)
    uwTick                                   0x20000010   Data           4  stm32f4xx_hal.o(.data)
    SystemCoreClock                          0x20000014   Data           4  system_stm32f4xx.o(.data)
    pxCurrentTCB                             0x20000018   Data           4  tasks.o(.data)
    __stdout                                 0x20000080   Data           4  stdout.o(.data)
    huart1                                   0x200002d8   Data          64  usart.o(.bss)
    huart2                                   0x20000318   Data          64  usart.o(.bss)
    huart3                                   0x20000358   Data          64  usart.o(.bss)
    hdma_usart1_rx                           0x20000398   Data          96  usart.o(.bss)
    htim1                                    0x200003f8   Data          64  stm32f4xx_hal_timebase_tim.o(.bss)
    __initial_sp                             0x20004560   Data           0  startup_stm32f407xx.o(STACK)



==============================================================================

Memory Map of the image

  Image Entry point : 0x08000189

  Load Region LR_IROM1 (Base: 0x08000000, Size: 0x00003710, Max: 0x00100000, ABSOLUTE)

    Execution Region ER_IROM1 (Exec base: 0x08000000, Load base: 0x08000000, Size: 0x0000368c, Max: 0x00100000, ABSOLUTE)

    Exec Addr    Load Addr    Size         Type   Attr      Idx    E Section Name        Object

    0x08000000   0x08000000   0x00000188   Data   RO            3    RESET               startup_stm32f407xx.o
    0x08000188   0x08000188   0x00000000   Code   RO         4348  * .ARM.Collect$$$$00000000  mc_w.l(entry.o)
    0x08000188   0x08000188   0x00000004   Code   RO         4622    .ARM.Collect$$$$00000001  mc_w.l(entry2.o)
    0x0800018c   0x0800018c   0x00000004   Code   RO         4625    .ARM.Collect$$$$00000004  mc_w.l(entry5.o)
    0x08000190   0x08000190   0x00000000   Code   RO         4627    .ARM.Collect$$$$00000008  mc_w.l(entry7b.o)
    0x08000190   0x08000190   0x00000000   Code   RO         4629    .ARM.Collect$$$$0000000A  mc_w.l(entry8b.o)
    0x08000190   0x08000190   0x00000008   Code   RO         4630    .ARM.Collect$$$$0000000B  mc_w.l(entry9a.o)
    0x08000198   0x08000198   0x00000004   Code   RO         4637    .ARM.Collect$$$$0000000E  mc_w.l(entry12b.o)
    0x0800019c   0x0800019c   0x00000000   Code   RO         4632    .ARM.Collect$$$$0000000F  mc_w.l(entry10a.o)
    0x0800019c   0x0800019c   0x00000000   Code   RO         4634    .ARM.Collect$$$$00000011  mc_w.l(entry11a.o)
    0x0800019c   0x0800019c   0x00000004   Code   RO         4623    .ARM.Collect$$$$00002712  mc_w.l(entry2.o)
    0x080001a0   0x080001a0   0x000000be   Code   RO         4148    .emb_text           port.o
    0x0800025e   0x0800025e   0x00000002   PAD
    0x08000260   0x08000260   0x00000024   Code   RO            4    .text               startup_stm32f407xx.o
    0x08000284   0x08000284   0x00000062   Code   RO         4351    .text               mc_w.l(uldiv.o)
    0x080002e6   0x080002e6   0x00000024   Code   RO         4353    .text               mc_w.l(memcpya.o)
    0x0800030a   0x0800030a   0x00000024   Code   RO         4357    .text               mc_w.l(memseta.o)
    0x0800032e   0x0800032e   0x0000001e   Code   RO         4641    .text               mc_w.l(llshl.o)
    0x0800034c   0x0800034c   0x00000020   Code   RO         4643    .text               mc_w.l(llushr.o)
    0x0800036c   0x0800036c   0x00000024   Code   RO         4656    .text               mc_w.l(init.o)
    0x08000390   0x08000390   0x00000002   Code   RO          382    i.BusFault_Handler  stm32f4xx_it.o
    0x08000392   0x08000392   0x00000002   PAD
    0x08000394   0x08000394   0x0000000c   Code   RO          383    i.DMA2_Stream2_IRQHandler  stm32f4xx_it.o
    0x080003a0   0x080003a0   0x00000028   Code   RO          984    i.DMA_CalcBaseAndBitshift  stm32f4xx_hal_dma.o
    0x080003c8   0x080003c8   0x00000054   Code   RO          985    i.DMA_CheckFifoParam  stm32f4xx_hal_dma.o
    0x0800041c   0x0800041c   0x00000028   Code   RO          986    i.DMA_SetConfig     stm32f4xx_hal_dma.o
    0x08000444   0x08000444   0x00000002   Code   RO          384    i.DebugMon_Handler  stm32f4xx_it.o
    0x08000446   0x08000446   0x00000004   Code   RO           13    i.Error_Handler     main.o
    0x0800044a   0x0800044a   0x0000008e   Code   RO          987    i.HAL_DMA_Abort     stm32f4xx_hal_dma.o
    0x080004d8   0x080004d8   0x00000024   Code   RO          988    i.HAL_DMA_Abort_IT  stm32f4xx_hal_dma.o
    0x080004fc   0x080004fc   0x000001a0   Code   RO          992    i.HAL_DMA_IRQHandler  stm32f4xx_hal_dma.o
    0x0800069c   0x0800069c   0x000000d4   Code   RO          993    i.HAL_DMA_Init      stm32f4xx_hal_dma.o
    0x08000770   0x08000770   0x0000006e   Code   RO          997    i.HAL_DMA_Start_IT  stm32f4xx_hal_dma.o
    0x080007de   0x080007de   0x00000002   PAD
    0x080007e0   0x080007e0   0x000001b8   Code   RO          880    i.HAL_GPIO_Init     stm32f4xx_hal_gpio.o
    0x08000998   0x08000998   0x0000000c   Code   RO         1412    i.HAL_GetTick       stm32f4xx_hal.o
    0x080009a4   0x080009a4   0x00000010   Code   RO         1418    i.HAL_IncTick       stm32f4xx_hal.o
    0x080009b4   0x080009b4   0x00000034   Code   RO         1419    i.HAL_Init          stm32f4xx_hal.o
    0x080009e8   0x080009e8   0x00000074   Code   RO          486    i.HAL_InitTick      stm32f4xx_hal_timebase_tim.o
    0x08000a5c   0x08000a5c   0x00000038   Code   RO          462    i.HAL_MspInit       stm32f4xx_hal_msp.o
    0x08000a94   0x08000a94   0x0000001a   Code   RO         1269    i.HAL_NVIC_EnableIRQ  stm32f4xx_hal_cortex.o
    0x08000aae   0x08000aae   0x00000002   PAD
    0x08000ab0   0x08000ab0   0x00000040   Code   RO         1275    i.HAL_NVIC_SetPriority  stm32f4xx_hal_cortex.o
    0x08000af0   0x08000af0   0x00000024   Code   RO         1276    i.HAL_NVIC_SetPriorityGrouping  stm32f4xx_hal_cortex.o
    0x08000b14   0x08000b14   0x00000134   Code   RO          526    i.HAL_RCC_ClockConfig  stm32f4xx_hal_rcc.o
    0x08000c48   0x08000c48   0x00000040   Code   RO          530    i.HAL_RCC_GetClockConfig  stm32f4xx_hal_rcc.o
    0x08000c88   0x08000c88   0x00000020   Code   RO          533    i.HAL_RCC_GetPCLK1Freq  stm32f4xx_hal_rcc.o
    0x08000ca8   0x08000ca8   0x00000020   Code   RO          534    i.HAL_RCC_GetPCLK2Freq  stm32f4xx_hal_rcc.o
    0x08000cc8   0x08000cc8   0x00000060   Code   RO          535    i.HAL_RCC_GetSysClockFreq  stm32f4xx_hal_rcc.o
    0x08000d28   0x08000d28   0x0000035c   Code   RO          538    i.HAL_RCC_OscConfig  stm32f4xx_hal_rcc.o
    0x08001084   0x08001084   0x00000002   Code   RO         2334    i.HAL_TIMEx_BreakCallback  stm32f4xx_hal_tim_ex.o
    0x08001086   0x08001086   0x00000002   Code   RO         2335    i.HAL_TIMEx_CommutCallback  stm32f4xx_hal_tim_ex.o
    0x08001088   0x08001088   0x00000036   Code   RO         1659    i.HAL_TIM_Base_Init  stm32f4xx_hal_tim.o
    0x080010be   0x080010be   0x00000002   Code   RO         1661    i.HAL_TIM_Base_MspInit  stm32f4xx_hal_tim.o
    0x080010c0   0x080010c0   0x00000022   Code   RO         1664    i.HAL_TIM_Base_Start_IT  stm32f4xx_hal_tim.o
    0x080010e2   0x080010e2   0x00000002   Code   RO         1688    i.HAL_TIM_IC_CaptureCallback  stm32f4xx_hal_tim.o
    0x080010e4   0x080010e4   0x00000166   Code   RO         1702    i.HAL_TIM_IRQHandler  stm32f4xx_hal_tim.o
    0x0800124a   0x0800124a   0x00000002   Code   RO         1705    i.HAL_TIM_OC_DelayElapsedCallback  stm32f4xx_hal_tim.o
    0x0800124c   0x0800124c   0x00000002   Code   RO         1732    i.HAL_TIM_PWM_PulseFinishedCallback  stm32f4xx_hal_tim.o
    0x0800124e   0x0800124e   0x00000002   PAD
    0x08001250   0x08001250   0x00000014   Code   RO           14    i.HAL_TIM_PeriodElapsedCallback  main.o
    0x08001264   0x08001264   0x00000002   Code   RO         1745    i.HAL_TIM_TriggerCallback  stm32f4xx_hal_tim.o
    0x08001266   0x08001266   0x00000058   Code   RO         2604    i.HAL_UART_DMAStop  stm32f4xx_hal_uart.o
    0x080012be   0x080012be   0x00000002   Code   RO         2606    i.HAL_UART_ErrorCallback  stm32f4xx_hal_uart.o
    0x080012c0   0x080012c0   0x00000114   Code   RO         2609    i.HAL_UART_IRQHandler  stm32f4xx_hal_uart.o
    0x080013d4   0x080013d4   0x00000062   Code   RO         2610    i.HAL_UART_Init     stm32f4xx_hal_uart.o
    0x08001436   0x08001436   0x00000002   PAD
    0x08001438   0x08001438   0x00000134   Code   RO          319    i.HAL_UART_MspInit  usart.o
    0x0800156c   0x0800156c   0x00000098   Code   RO         2614    i.HAL_UART_Receive_DMA  stm32f4xx_hal_uart.o
    0x08001604   0x08001604   0x00000002   Code   RO         2616    i.HAL_UART_RxCpltCallback  stm32f4xx_hal_uart.o
    0x08001606   0x08001606   0x00000002   Code   RO         2617    i.HAL_UART_RxHalfCpltCallback  stm32f4xx_hal_uart.o
    0x08001608   0x08001608   0x00000002   Code   RO         2621    i.HAL_UART_TxCpltCallback  stm32f4xx_hal_uart.o
    0x0800160a   0x0800160a   0x00000002   Code   RO          385    i.HardFault_Handler  stm32f4xx_it.o
    0x0800160c   0x0800160c   0x0000002c   Code   RO          294    i.MX_DMA_Init       dma.o
    0x08001638   0x08001638   0x0000003c   Code   RO          228    i.MX_FREERTOS_Init  freertos.o
    0x08001674   0x08001674   0x0000003c   Code   RO          204    i.MX_GPIO_Init      gpio.o
    0x080016b0   0x080016b0   0x00000038   Code   RO          320    i.MX_USART1_UART_Init  usart.o
    0x080016e8   0x080016e8   0x00000038   Code   RO          321    i.MX_USART2_UART_Init  usart.o
    0x08001720   0x08001720   0x00000038   Code   RO          322    i.MX_USART3_UART_Init  usart.o
    0x08001758   0x08001758   0x00000002   Code   RO          386    i.MemManage_Handler  stm32f4xx_it.o
    0x0800175a   0x0800175a   0x00000002   PAD
    0x0800175c   0x0800175c   0x00000094   Code   RO         4266    i.MessageHandle     message.o
    0x080017f0   0x080017f0   0x0000000c   Code   RO          229    i.MessageHandle_task  freertos.o
    0x080017fc   0x080017fc   0x00000018   Code   RO         4267    i.Message_dequeue   message.o
    0x08001814   0x08001814   0x00000094   Code   RO         4268    i.Message_init      message.o
    0x080018a8   0x080018a8   0x00000002   Code   RO          387    i.NMI_Handler       stm32f4xx_it.o
    0x080018aa   0x080018aa   0x00000002   PAD
    0x080018ac   0x080018ac   0x0000002c   Code   RO         4149    i.SysTick_Handler   port.o
    0x080018d8   0x080018d8   0x00000094   Code   RO           15    i.SystemClock_Config  main.o
    0x0800196c   0x0800196c   0x0000001c   Code   RO         2912    i.SystemInit        system_stm32f4xx.o
    0x08001988   0x08001988   0x0000000c   Code   RO          388    i.TIM1_UP_TIM10_IRQHandler  stm32f4xx_it.o
    0x08001994   0x08001994   0x000000c8   Code   RO         1747    i.TIM_Base_SetConfig  stm32f4xx_hal_tim.o
    0x08001a5c   0x08001a5c   0x00000010   Code   RO         2623    i.UART_DMAAbortOnError  stm32f4xx_hal_uart.o
    0x08001a6c   0x08001a6c   0x0000004a   Code   RO         2624    i.UART_DMAError     stm32f4xx_hal_uart.o
    0x08001ab6   0x08001ab6   0x0000003c   Code   RO         2625    i.UART_DMAReceiveCplt  stm32f4xx_hal_uart.o
    0x08001af2   0x08001af2   0x0000000a   Code   RO         2627    i.UART_DMARxHalfCplt  stm32f4xx_hal_uart.o
    0x08001afc   0x08001afc   0x0000001c   Code   RO         2633    i.UART_EndRxTransfer  stm32f4xx_hal_uart.o
    0x08001b18   0x08001b18   0x00000012   Code   RO         2634    i.UART_EndTxTransfer  stm32f4xx_hal_uart.o
    0x08001b2a   0x08001b2a   0x00000096   Code   RO         2635    i.UART_Receive_IT   stm32f4xx_hal_uart.o
    0x08001bc0   0x08001bc0   0x00000128   Code   RO         2636    i.UART_SetConfig    stm32f4xx_hal_uart.o
    0x08001ce8   0x08001ce8   0x00000062   Code   RO         2637    i.UART_Transmit_IT  stm32f4xx_hal_uart.o
    0x08001d4a   0x08001d4a   0x00000002   PAD
    0x08001d4c   0x08001d4c   0x00000014   Code   RO          389    i.USART1_IRQHandler  stm32f4xx_it.o
    0x08001d60   0x08001d60   0x00000002   Code   RO          390    i.UsageFault_Handler  stm32f4xx_it.o
    0x08001d62   0x08001d62   0x0000001a   Code   RO         4225    i.WifiHandle        wifi.o
    0x08001d7c   0x08001d7c   0x0000000c   Code   RO          230    i.WifiHandle_task   freertos.o
    0x08001d88   0x08001d88   0x00000020   Code   RO         4227    i.Wifi_queue        wifi.o
    0x08001da8   0x08001da8   0x00000020   Code   RO         4494    i.__0printf$5       mc_w.l(printf5.o)
    0x08001dc8   0x08001dc8   0x00000020   Code   RO         1282    i.__NVIC_SetPriority  stm32f4xx_hal_cortex.o
    0x08001de8   0x08001de8   0x0000000e   Code   RO         4664    i.__scatterload_copy  mc_w.l(handlers.o)
    0x08001df6   0x08001df6   0x00000002   Code   RO         4665    i.__scatterload_null  mc_w.l(handlers.o)
    0x08001df8   0x08001df8   0x0000000e   Code   RO         4666    i.__scatterload_zeroinit  mc_w.l(handlers.o)
    0x08001e06   0x08001e06   0x00000002   PAD
    0x08001e08   0x08001e08   0x000002c0   Code   RO         4501    i._printf_core      mc_w.l(printf5.o)
    0x080020c8   0x080020c8   0x00000010   Code   RO          323    i.fputc             usart.o
    0x080020d8   0x080020d8   0x00000140   Code   RO         4271    i.log_message       message.o
    0x08002218   0x08002218   0x00000026   Code   RO           16    i.main              main.o
    0x0800223e   0x0800223e   0x0000000c   Code   RO         3720    i.makeFreeRtosPriority  cmsis_os.o
    0x0800224a   0x0800224a   0x00000002   PAD
    0x0800224c   0x0800224c   0x00000010   Code   RO         4336    i.mcu_mes_deal      mcu.o
    0x0800225c   0x0800225c   0x0000000e   Code   RO         3722    i.osDelay           cmsis_os.o
    0x0800226a   0x0800226a   0x0000000a   Code   RO         3725    i.osKernelStart     cmsis_os.o
    0x08002274   0x08002274   0x00000054   Code   RO         3759    i.osThreadCreate    cmsis_os.o
    0x080022c8   0x080022c8   0x00000070   Code   RO         3414    i.prvAddCurrentTaskToDelayedList  tasks.o
    0x08002338   0x08002338   0x000000d0   Code   RO         3415    i.prvAddNewTaskToReadyList  tasks.o
    0x08002408   0x08002408   0x00000026   Code   RO         3090    i.prvCopyDataFromQueue  queue.o
    0x0800242e   0x0800242e   0x0000006c   Code   RO         3091    i.prvCopyDataToQueue  queue.o
    0x0800249a   0x0800249a   0x00000034   Code   RO         3416    i.prvDeleteTCB      tasks.o
    0x080024ce   0x080024ce   0x00000002   PAD
    0x080024d0   0x080024d0   0x0000004c   Code   RO         4087    i.prvHeapInit       heap_4.o
    0x0800251c   0x0800251c   0x00000060   Code   RO         3417    i.prvIdleTask       tasks.o
    0x0800257c   0x0800257c   0x00000016   Code   RO         3093    i.prvInitialiseNewQueue  queue.o
    0x08002592   0x08002592   0x00000098   Code   RO         3418    i.prvInitialiseNewTask  tasks.o
    0x0800262a   0x0800262a   0x00000002   PAD
    0x0800262c   0x0800262c   0x0000004c   Code   RO         4088    i.prvInsertBlockIntoFreeList  heap_4.o
    0x08002678   0x08002678   0x0000001c   Code   RO         3094    i.prvIsQueueEmpty   queue.o
    0x08002694   0x08002694   0x00000020   Code   RO         3419    i.prvResetNextTaskUnblockTime  tasks.o
    0x080026b4   0x080026b4   0x00000028   Code   RO         4150    i.prvTaskExitError  port.o
    0x080026dc   0x080026dc   0x0000006a   Code   RO         3095    i.prvUnlockQueue    queue.o
    0x08002746   0x08002746   0x00000002   PAD
    0x08002748   0x08002748   0x000000d8   Code   RO         4089    i.pvPortMalloc      heap_4.o
    0x08002820   0x08002820   0x0000002c   Code   RO         4151    i.pxPortInitialiseStack  port.o
    0x0800284c   0x0800284c   0x00000104   Code   RO         4272    i.uart1_interrupt_handle  message.o
    0x08002950   0x08002950   0x00000026   Code   RO         3050    i.uxListRemove      list.o
    0x08002976   0x08002976   0x00000002   PAD
    0x08002978   0x08002978   0x00000014   Code   RO          231    i.vApplicationGetIdleTaskMemory  freertos.o
    0x0800298c   0x0800298c   0x00000016   Code   RO         3051    i.vListInitialise   list.o
    0x080029a2   0x080029a2   0x00000006   Code   RO         3052    i.vListInitialiseItem  list.o
    0x080029a8   0x080029a8   0x00000030   Code   RO         3053    i.vListInsert       list.o
    0x080029d8   0x080029d8   0x00000018   Code   RO         3054    i.vListInsertEnd    list.o
    0x080029f0   0x080029f0   0x00000040   Code   RO         4153    i.vPortEnterCritical  port.o
    0x08002a30   0x08002a30   0x00000028   Code   RO         4154    i.vPortExitCritical  port.o
    0x08002a58   0x08002a58   0x0000005c   Code   RO         4090    i.vPortFree         heap_4.o
    0x08002ab4   0x08002ab4   0x00000024   Code   RO         4155    i.vPortSetupTimerInterrupt  port.o
    0x08002ad8   0x08002ad8   0x00000054   Code   RO         4156    i.vPortValidateInterruptPriority  port.o
    0x08002b2c   0x08002b2c   0x0000004c   Code   RO         3427    i.vTaskDelay        tasks.o
    0x08002b78   0x08002b78   0x00000010   Code   RO         3430    i.vTaskInternalSetTimeOutState  tasks.o
    0x08002b88   0x08002b88   0x0000000c   Code   RO         3431    i.vTaskMissedYield  tasks.o
    0x08002b94   0x08002b94   0x00000030   Code   RO         3433    i.vTaskPlaceOnEventList  tasks.o
    0x08002bc4   0x08002bc4   0x0000006c   Code   RO         3440    i.vTaskStartScheduler  tasks.o
    0x08002c30   0x08002c30   0x00000010   Code   RO         3442    i.vTaskSuspendAll   tasks.o
    0x08002c40   0x08002c40   0x0000005c   Code   RO         3443    i.vTaskSwitchContext  tasks.o
    0x08002c9c   0x08002c9c   0x0000006c   Code   RO         4228    i.wifi_init         wifi.o
    0x08002d08   0x08002d08   0x000000f4   Code   RO         4157    i.xPortStartScheduler  port.o
    0x08002dfc   0x08002dfc   0x00000048   Code   RO         3104    i.xQueueGenericCreate  queue.o
    0x08002e44   0x08002e44   0x00000088   Code   RO         3106    i.xQueueGenericReset  queue.o
    0x08002ecc   0x08002ecc   0x00000160   Code   RO         3107    i.xQueueGenericSend  queue.o
    0x0800302c   0x0800302c   0x000000bc   Code   RO         3108    i.xQueueGenericSendFromISR  queue.o
    0x080030e8   0x080030e8   0x00000138   Code   RO         3114    i.xQueueReceive     queue.o
    0x08003220   0x08003220   0x00000074   Code   RO         3444    i.xTaskCheckForTimeOut  tasks.o
    0x08003294   0x08003294   0x0000005a   Code   RO         3445    i.xTaskCreate       tasks.o
    0x080032ee   0x080032ee   0x00000056   Code   RO         3446    i.xTaskCreateStatic  tasks.o
    0x08003344   0x08003344   0x0000001c   Code   RO         3450    i.xTaskGetSchedulerState  tasks.o
    0x08003360   0x08003360   0x000000c8   Code   RO         3453    i.xTaskIncrementTick  tasks.o
    0x08003428   0x08003428   0x00000098   Code   RO         3456    i.xTaskPriorityDisinherit  tasks.o
    0x080034c0   0x080034c0   0x00000074   Code   RO         3458    i.xTaskRemoveFromEventList  tasks.o
    0x08003534   0x08003534   0x000000c4   Code   RO         3459    i.xTaskResumeAll    tasks.o
    0x080035f8   0x080035f8   0x00000038   Data   RO          233    .constdata          freertos.o
    0x08003630   0x08003630   0x00000008   Data   RO          999    .constdata          stm32f4xx_hal_dma.o
    0x08003638   0x08003638   0x00000010   Data   RO         2913    .constdata          system_stm32f4xx.o
    0x08003648   0x08003648   0x00000008   Data   RO         2914    .constdata          system_stm32f4xx.o
    0x08003650   0x08003650   0x0000001b   Data   RO          234    .conststring        freertos.o
    0x0800366b   0x0800366b   0x00000001   PAD
    0x0800366c   0x0800366c   0x00000020   Data   RO         4662    Region$$Table       anon$$obj.o


    Execution Region RW_IRAM2 (Exec base: 0x10000000, Load base: 0x08003710, Size: 0x00000000, Max: 0x00010000, ABSOLUTE)

    **** No section assigned to this execution region ****


    Execution Region RW_IRAM1 (Exec base: 0x20000000, Load base: 0x0800368c, Size: 0x00004560, Max: 0x00020000, ABSOLUTE)

    Exec Addr    Load Addr    Size         Type   Attr      Idx    E Section Name        Object

    0x20000000   0x0800368c   0x00000008   Data   RW          235    .data               freertos.o
    0x20000008   0x08003694   0x0000000c   Data   RW         1426    .data               stm32f4xx_hal.o
    0x20000014   0x080036a0   0x00000004   Data   RW         2915    .data               system_stm32f4xx.o
    0x20000018   0x080036a4   0x0000003c   Data   RW         3462    .data               tasks.o
    0x20000054   0x080036e0   0x00000018   Data   RW         4095    .data               heap_4.o
    0x2000006c   0x080036f8   0x0000000c   Data   RW         4158    .data               port.o
    0x20000078   0x08003704   0x00000004   Data   RW         4230    .data               wifi.o
    0x2000007c   0x08003708   0x00000004   Data   RW         4274    .data               message.o
    0x20000080   0x0800370c   0x00000004   Data   RW         4638    .data               mc_w.l(stdout.o)
    0x20000084        -       0x00000254   Zero   RW          232    .bss                freertos.o
    0x200002d8        -       0x00000120   Zero   RW          324    .bss                usart.o
    0x200003f8        -       0x00000040   Zero   RW          489    .bss                stm32f4xx_hal_timebase_tim.o
    0x20000438        -       0x000000f0   Zero   RW         3461    .bss                tasks.o
    0x20000528        -       0x00003c00   Zero   RW         4094    .bss                heap_4.o
    0x20004128        -       0x00000031   Zero   RW         4273    .bss                message.o
    0x20004159   0x08003710   0x00000007   PAD
    0x20004160        -       0x00000400   Zero   RW            1    STACK               startup_stm32f407xx.o


==============================================================================

Image component sizes


      Code (inc. data)   RO Data    RW Data    ZI Data      Debug   Object Name

       120          0          0          0          0      23121   cmsis_os.o
        44          4          0          0          0        870   dma.o
         0          0          0          0          0      18748   event_groups.o
       104         12         83          8        596       4093   freertos.o
        60          6          0          0          0        931   gpio.o
       460         24          0         24      15360       7335   heap_4.o
       138          0          0          0          0       3586   list.o
       210         16          0          0          0     718796   main.o
        16         10          0          0          0        803   mcu.o
       900        418          0          4         49       4211   message.o
       786         82          0         12          0      11881   port.o
      1362         14          0          0          0      15290   queue.o
        36          8        392          0       1024        820   startup_stm32f407xx.o
        80         14          0         12          0       8118   stm32f4xx_hal.o
       158         14          0          0          0      33086   stm32f4xx_hal_cortex.o
      1080         16          8          0          0       7342   stm32f4xx_hal_dma.o
       440         46          0          0          0       1832   stm32f4xx_hal_gpio.o
        56          4          0          0          0        962   stm32f4xx_hal_msp.o
      1392         82          0          0          0       5909   stm32f4xx_hal_rcc.o
       656         44          0          0          0       7236   stm32f4xx_hal_tim.o
         4          0          0          0          0       1681   stm32f4xx_hal_tim_ex.o
       116         16          0          0         64       1499   stm32f4xx_hal_timebase_tim.o
      1372         30          0          0          0      11871   stm32f4xx_hal_uart.o
        56         16          0          0          0       4138   stm32f4xx_it.o
         0          0          0          0          0        392   stream_buffer.o
        28          6         24          4          0       1235   system_stm32f4xx.o
      2004        148          0         60        240      24882   tasks.o
       492         60          0          0        288       5003   usart.o
       166         80          0          4          0       2158   wifi.o

    ----------------------------------------------------------------------
     12364       1170        540        128      17628     927829   Object Totals
         0          0         32          0          0          0   (incl. Generated)
        28          0          1          0          7          0   (incl. Padding)

    ----------------------------------------------------------------------

      Code (inc. data)   RO Data    RW Data    ZI Data      Debug   Library Member Name

         0          0          0          0          0          0   entry.o
         0          0          0          0          0          0   entry10a.o
         0          0          0          0          0          0   entry11a.o
         4          0          0          0          0          0   entry12b.o
         8          4          0          0          0          0   entry2.o
         4          0          0          0          0          0   entry5.o
         0          0          0          0          0          0   entry7b.o
         0          0          0          0          0          0   entry8b.o
         8          4          0          0          0          0   entry9a.o
        30          0          0          0          0          0   handlers.o
        36          8          0          0          0         68   init.o
        30          0          0          0          0         68   llshl.o
        32          0          0          0          0         68   llushr.o
        36          0          0          0          0         68   memcpya.o
        36          0          0          0          0        108   memseta.o
       736         54          0          0          0        184   printf5.o
         0          0          0          4          0          0   stdout.o
        98          0          0          0          0         92   uldiv.o

    ----------------------------------------------------------------------
      1060         70          0          4          0        656   Library Totals
         2          0          0          0          0          0   (incl. Padding)

    ----------------------------------------------------------------------

      Code (inc. data)   RO Data    RW Data    ZI Data      Debug   Library Name

      1058         70          0          4          0        656   mc_w.l

    ----------------------------------------------------------------------
      1060         70          0          4          0        656   Library Totals

    ----------------------------------------------------------------------

==============================================================================


      Code (inc. data)   RO Data    RW Data    ZI Data      Debug   

     13424       1240        540        132      17628     915229   Grand Totals
     13424       1240        540        132      17628     915229   ELF Image Totals
     13424       1240        540        132          0          0   ROM Totals

==============================================================================

    Total RO  Size (Code + RO Data)                13964 (  13.64kB)
    Total RW  Size (RW Data + ZI Data)             17760 (  17.34kB)
    Total ROM Size (Code + RO Data + RW Data)      14096 (  13.77kB)

==============================================================================

