Component: ARM Compiler 5.06 update 7 (build 960) Tool: armlink [4d3601]

==============================================================================

Section Cross References

    startup_stm32f407xx.o(RESET) refers to startup_stm32f407xx.o(STACK) for __initial_sp
    startup_stm32f407xx.o(RESET) refers to startup_stm32f407xx.o(.text) for Reset_Handler
    startup_stm32f407xx.o(RESET) refers to stm32f4xx_it.o(i.NMI_Handler) for NMI_Handler
    startup_stm32f407xx.o(RESET) refers to stm32f4xx_it.o(i.HardFault_Handler) for HardFault_Handler
    startup_stm32f407xx.o(RESET) refers to stm32f4xx_it.o(i.MemManage_Handler) for MemManage_Handler
    startup_stm32f407xx.o(RESET) refers to stm32f4xx_it.o(i.BusFault_Handler) for BusFault_Handler
    startup_stm32f407xx.o(RESET) refers to stm32f4xx_it.o(i.UsageFault_Handler) for UsageFault_Handler
    startup_stm32f407xx.o(RESET) refers to port.o(.emb_text) for SVC_Handler
    startup_stm32f407xx.o(RESET) refers to stm32f4xx_it.o(i.DebugMon_Handler) for DebugMon_Handler
    startup_stm32f407xx.o(RESET) refers to port.o(i.SysTick_Handler) for SysTick_Handler
    startup_stm32f407xx.o(RESET) refers to stm32f4xx_it.o(i.TIM1_UP_TIM10_IRQHandler) for TIM1_UP_TIM10_IRQHandler
    startup_stm32f407xx.o(RESET) refers to stm32f4xx_it.o(i.USART1_IRQHandler) for USART1_IRQHandler
    startup_stm32f407xx.o(RESET) refers to stm32f4xx_it.o(i.DMA2_Stream2_IRQHandler) for DMA2_Stream2_IRQHandler
    startup_stm32f407xx.o(RESET) refers to stm32f4xx_it.o(i.DMA2_Stream7_IRQHandler) for DMA2_Stream7_IRQHandler
    startup_stm32f407xx.o(.text) refers to system_stm32f4xx.o(i.SystemInit) for SystemInit
    startup_stm32f407xx.o(.text) refers to entry.o(.ARM.Collect$$$$00000000) for __main
    main.o(i.HAL_TIM_PeriodElapsedCallback) refers to stm32f4xx_hal.o(i.HAL_IncTick) for HAL_IncTick
    main.o(i.SystemClock_Config) refers to memseta.o(.text) for __aeabi_memclr4
    main.o(i.SystemClock_Config) refers to stm32f4xx_hal_rcc.o(i.HAL_RCC_OscConfig) for HAL_RCC_OscConfig
    main.o(i.SystemClock_Config) refers to main.o(i.Error_Handler) for Error_Handler
    main.o(i.SystemClock_Config) refers to stm32f4xx_hal_rcc.o(i.HAL_RCC_ClockConfig) for HAL_RCC_ClockConfig
    main.o(i.main) refers to stm32f4xx_hal.o(i.HAL_Init) for HAL_Init
    main.o(i.main) refers to main.o(i.SystemClock_Config) for SystemClock_Config
    main.o(i.main) refers to gpio.o(i.MX_GPIO_Init) for MX_GPIO_Init
    main.o(i.main) refers to dma.o(i.MX_DMA_Init) for MX_DMA_Init
    main.o(i.main) refers to usart.o(i.MX_USART1_UART_Init) for MX_USART1_UART_Init
    main.o(i.main) refers to usart.o(i.MX_USART3_UART_Init) for MX_USART3_UART_Init
    main.o(i.main) refers to crc.o(i.MX_CRC_Init) for MX_CRC_Init
    main.o(i.main) refers to fsmc.o(i.MX_FSMC_Init) for MX_FSMC_Init
    main.o(i.main) refers to usart.o(i.MX_USART2_UART_Init) for MX_USART2_UART_Init
    main.o(i.main) refers to tim.o(i.MX_TIM12_Init) for MX_TIM12_Init
    main.o(i.main) refers to freertos.o(i.MX_FREERTOS_Init) for MX_FREERTOS_Init
    main.o(i.main) refers to cmsis_os.o(i.osKernelStart) for osKernelStart
    freertos.o(i.DevHandle_task) refers to dev_handle.o(i.dev_handle) for dev_handle
    freertos.o(i.DevHandle_task) refers to cmsis_os.o(i.osDelay) for osDelay
    freertos.o(i.DevUrgentHandle_task) refers to tasks.o(i.vTaskDelay) for vTaskDelay
    freertos.o(i.DevUrgentHandle_task) refers to wifi_app.o(i.app_main) for app_main
    freertos.o(i.DevUrgentHandle_task) refers to cmsis_os.o(i.osDelay) for osDelay
    freertos.o(i.GuiPollHandle_task) refers to cmsis_os.o(i.osDelay) for osDelay
    freertos.o(i.MX_FREERTOS_Init) refers to memmove.o(.text) for __aeabi_memcpy4
    freertos.o(i.MX_FREERTOS_Init) refers to cmsis_os.o(i.osThreadCreate) for osThreadCreate
    freertos.o(i.MX_FREERTOS_Init) refers to freertos.o(.constdata) for .constdata
    freertos.o(i.MX_FREERTOS_Init) refers to freertos.o(.data) for MessageHandleHandle
    freertos.o(i.MessageHandle_task) refers to message_handle.o(i.message_handle) for message_handle
    freertos.o(i.MessageHandle_task) refers to cmsis_os.o(i.osDelay) for osDelay
    freertos.o(i.MessageHandle_task) refers to freertos.o(.data) for MessageHandleHandle
    freertos.o(i.vApplicationGetIdleTaskMemory) refers to freertos.o(.bss) for xIdleTaskTCBBuffer
    freertos.o(i.vApplicationGetTimerTaskMemory) refers to freertos.o(.bss) for xTimerTaskTCBBuffer
    freertos.o(.constdata) refers to freertos.o(.conststring) for .conststring
    freertos.o(.constdata) refers to freertos.o(i.MessageHandle_task) for MessageHandle_task
    freertos.o(.constdata) refers to freertos.o(i.GuiPollHandle_task) for GuiPollHandle_task
    freertos.o(.constdata) refers to freertos.o(i.DevHandle_task) for DevHandle_task
    freertos.o(.constdata) refers to freertos.o(i.DevUrgentHandle_task) for DevUrgentHandle_task
    crc.o(i.MX_CRC_Init) refers to stm32f4xx_hal_crc.o(i.HAL_CRC_Init) for HAL_CRC_Init
[...]
    i.pvTimerGetTimerID                      0x08005678   Section        0  timers.o(i.pvTimerGetTimerID)
    i.pxPortInitialiseStack                  0x080056a4   Section        0  port.o(i.pxPortInitialiseStack)
    i.set_reloadMode                         0x080056d0   Section        0  common_timer.o(i.set_reloadMode)
    set_reloadMode                           0x080056d1   Thumb Code    30  common_timer.o(i.set_reloadMode)
    i.start                                  0x080056ee   Section        0  common_timer.o(i.start)
    start                                    0x080056ef   Thumb Code    38  common_timer.o(i.start)
    i.stop                                   0x08005714   Section        0  common_timer.o(i.stop)
    stop                                     0x08005715   Thumb Code    32  common_timer.o(i.stop)
    i.timer_callback                         0x08005734   Section        0  leinuo_driver.o(i.timer_callback)
    timer_callback                           0x08005735   Thumb Code    44  leinuo_driver.o(i.timer_callback)
    i.timer_callback                         0x0800577c   Section        0  common_event.o(i.timer_callback)
    timer_callback                           0x0800577d   Thumb Code   200  common_event.o(i.timer_callback)
    i.uart1_interrupt_handle                 0x080058c0   Section        0  message_handle.o(i.uart1_interrupt_handle)
    i.uxListRemove                           0x08005994   Section        0  list.o(i.uxListRemove)
    i.vApplicationGetIdleTaskMemory          0x080059bc   Section        0  freertos.o(i.vApplicationGetIdleTaskMemory)
    i.vApplicationGetTimerTaskMemory         0x080059d4   Section        0  freertos.o(i.vApplicationGetTimerTaskMemory)
    i.vListInitialise                        0x080059ec   Section        0  list.o(i.vListInitialise)
    i.vListInitialiseItem                    0x08005a06   Section        0  list.o(i.vListInitialiseItem)
    i.vListInsert                            0x08005a0c   Section        0  list.o(i.vListInsert)
    i.vListInsertEnd                         0x08005a40   Section        0  list.o(i.vListInsertEnd)
    i.vPortEnterCritical                     0x08005a58   Section        0  port.o(i.vPortEnterCritical)
    i.vPortExitCritical                      0x08005aac   Section        0  port.o(i.vPortExitCritical)
    i.vPortFree                              0x08005ae8   Section        0  heap_4.o(i.vPortFree)
    i.vPortSetupTimerInterrupt               0x08005b7c   Section        0  port.o(i.vPortSetupTimerInterrupt)
    i.vPortValidateInterruptPriority         0x08005ba4   Section        0  port.o(i.vPortValidateInterruptPriority)
    i.vQueueAddToRegistry                    0x08005c1c   Section        0  queue.o(i.vQueueAddToRegistry)
    i.vQueueWaitForMessageRestricted         0x08005c48   Section        0  queue.o(i.vQueueWaitForMessageRestricted)
    i.vTaskDelay                             0x08005c94   Section        0  tasks.o(i.vTaskDelay)
    i.vTaskInternalSetTimeOutState           0x08005cf0   Section        0  tasks.o(i.vTaskInternalSetTimeOutState)
    i.vTaskMissedYield                       0x08005d08   Section        0  tasks.o(i.vTaskMissedYield)
    i.vTaskPlaceOnEventList                  0x08005d14   Section        0  tasks.o(i.vTaskPlaceOnEventList)
    i.vTaskPlaceOnEventListRestricted        0x08005d4c   Section        0  tasks.o(i.vTaskPlaceOnEventListRestricted)
    i.vTaskStartScheduler                    0x08005d8c   Section        0  tasks.o(i.vTaskStartScheduler)
    i.vTaskSuspendAll                        0x08005e44   Section        0  tasks.o(i.vTaskSuspendAll)
    i.vTaskSwitchContext                     0x08005e54   Section        0  tasks.o(i.vTaskSwitchContext)
    i.vTimerSetReloadMode                    0x08005ee0   Section        0  timers.o(i.vTimerSetReloadMode)
    i.write                                  0x08005f28   Section        0  leinuo_driver.o(i.write)
    write                                    0x08005f29   Thumb Code   236  leinuo_driver.o(i.write)
    i.xPortStartScheduler                    0x08006088   Section        0  port.o(i.xPortStartScheduler)
    i.xQueueCreateMutex                      0x080061f0   Section        0  queue.o(i.xQueueCreateMutex)
    i.xQueueGenericCreate                    0x08006212   Section        0  queue.o(i.xQueueGenericCreate)
    i.xQueueGenericCreateStatic              0x08006272   Section        0  queue.o(i.xQueueGenericCreateStatic)
    i.xQueueGenericReset                     0x08006354   Section        0  queue.o(i.xQueueGenericReset)
    i.xQueueGenericSend                      0x080063ec   Section        0  queue.o(i.xQueueGenericSend)
    i.xQueueGenericSendFromISR               0x08006594   Section        0  queue.o(i.xQueueGenericSendFromISR)
    i.xQueueReceive                          0x0800668c   Section        0  queue.o(i.xQueueReceive)
    i.xTaskCheckForTimeOut                   0x080067f4   Section        0  tasks.o(i.xTaskCheckForTimeOut)
    i.xTaskCreate                            0x08006880   Section        0  tasks.o(i.xTaskCreate)
    i.xTaskCreateStatic                      0x080068e4   Section        0  tasks.o(i.xTaskCreateStatic)
    i.xTaskGetSchedulerState                 0x080069a0   Section        0  tasks.o(i.xTaskGetSchedulerState)
    i.xTaskGetTickCount                      0x080069c0   Section        0  tasks.o(i.xTaskGetTickCount)
    i.xTaskIncrementTick                     0x080069cc   Section        0  tasks.o(i.xTaskIncrementTick)
    i.xTaskPriorityDisinherit                0x08006b14   Section        0  tasks.o(i.xTaskPriorityDisinherit)
    i.xTaskRemoveFromEventList               0x08006bdc   Section        0  tasks.o(i.xTaskRemoveFromEventList)
    i.xTaskResumeAll                         0x08006c74   Section        0  tasks.o(i.xTaskResumeAll)
    i.xTimerCreate                           0x08006d78   Section        0  timers.o(i.xTimerCreate)
    i.xTimerCreateTimerTask                  0x08006db0   Section        0  timers.o(i.xTimerCreateTimerTask)
    i.xTimerGenericCommand                   0x08006e28   Section        0  timers.o(i.xTimerGenericCommand)
    i.xTimerIsTimerActive                    0x08006eac   Section        0  timers.o(i.xTimerIsTimerActive)
    .constdata                               0x08006ee8   Section      112  freertos.o(.constdata)
    .constdata                               0x08006f58   Section        8  stm32f4xx_hal_dma.o(.constdata)
    flagBitshiftOffset                       0x08006f58   Data           8  stm32f4xx_hal_dma.o(.constdata)
    .constdata                               0x08006f60   Section       24  system_stm32f4xx.o(.constdata)
    .constdata                               0x08006f78   Section       90  message_handle.o(.constdata)
    <Data1>                                  0x08006f78   Data          18  message_handle.o(.constdata)
    <Data2>                                  0x08006f8a   Data          18  message_handle.o(.constdata)
    <Data3>                                  0x08006f9c   Data          18  message_handle.o(.constdata)
    <Data4>                                  0x08006fae   Data          18  message_handle.o(.constdata)
    <Data5>                                  0x08006fc0   Data          18  message_handle.o(.constdata)
    .conststring                             0x08006fd4   Section       58  freertos.o(.conststring)
    .conststring                             0x08007010   Section      128  message.o(.conststring)
    .conststring                             0x08007090   Section      440  wifi_app.o(.conststring)
    .data                                    0x20000000   Section       20  freertos.o(.data)
    log_flag                                 0x20000000   Data           1  freertos.o(.data)
    .data                                    0x20000014   Section        8  crc.o(.data)
    .data                                    0x2000001c   Section        8  fsmc.o(.data)
    FSMC_Initialized                         0x2000001c   Data           4  fsmc.o(.data)
    FSMC_DeInitialized                       0x20000020   Data           4  fsmc.o(.data)
    .data                                    0x20000024   Section        9  stm32f4xx_hal.o(.data)
    .data                                    0x20000030   Section        4  system_stm32f4xx.o(.data)
    .data                                    0x20000034   Section       60  tasks.o(.data)
    pxDelayedTaskList                        0x20000038   Data           4  tasks.o(.data)
    pxOverflowDelayedTaskList                0x2000003c   Data           4  tasks.o(.data)
    uxDeletedTasksWaitingCleanUp             0x20000040   Data           4  tasks.o(.data)
    uxCurrentNumberOfTasks                   0x20000044   Data           4  tasks.o(.data)
    xTickCount                               0x20000048   Data           4  tasks.o(.data)
    uxTopReadyPriority                       0x2000004c   Data           4  tasks.o(.data)
    xSchedulerRunning                        0x20000050   Data           4  tasks.o(.data)
    uxPendedTicks                            0x20000054   Data           4  tasks.o(.data)
    xYieldPending                            0x20000058   Data           4  tasks.o(.data)
    xNumOfOverflows                          0x2000005c   Data           4  tasks.o(.data)
    uxTaskNumber                             0x20000060   Data           4  tasks.o(.data)
    xNextTaskUnblockTime                     0x20000064   Data           4  tasks.o(.data)
    xIdleTaskHandle                          0x20000068   Data           4  tasks.o(.data)
    uxSchedulerSuspended                     0x2000006c   Data           4  tasks.o(.data)
    .data                                    0x20000070   Section       20  timers.o(.data)
    pxCurrentTimerList                       0x20000070   Data           4  timers.o(.data)
    pxOverflowTimerList                      0x20000074   Data           4  timers.o(.data)
    xTimerQueue                              0x20000078   Data           4  timers.o(.data)
    xTimerTaskHandle                         0x2000007c   Data           4  timers.o(.data)
    xLastTime                                0x20000080   Data           4  timers.o(.data)
    .data                                    0x20000084   Section       24  heap_4.o(.data)
    xStart                                   0x20000084   Data           8  heap_4.o(.data)
    pxEnd                                    0x2000008c   Data           4  heap_4.o(.data)
    xFreeBytesRemaining                      0x20000090   Data           4  heap_4.o(.data)
    xMinimumEverFreeBytesRemaining           0x20000094   Data           4  heap_4.o(.data)
    xBlockAllocatedBit                       0x20000098   Data           4  heap_4.o(.data)
    .data                                    0x2000009c   Section       12  port.o(.data)
    uxCriticalNesting                        0x2000009c   Data           4  port.o(.data)
    ucMaxSysCallPriority                     0x200000a0   Data           1  port.o(.data)
    ulMaxPRIGROUPValue                       0x200000a4   Data           4  port.o(.data)
    .data                                    0x200000a8   Section       48  message.o(.data)
    log_flag                                 0x200000a8   Data           1  message.o(.data)
    Message_addr_name_arry                   0x200000ac   Data          44  message.o(.data)
    .data                                    0x200000d8   Section       36  leinuo_driver.o(.data)
    log_flag                                 0x200000d8   Data           1  leinuo_driver.o(.data)
    opts                                     0x200000dc   Data          32  leinuo_driver.o(.data)
    .data                                    0x200000fc   Section        1  common_dev.o(.data)
    log_flag                                 0x200000fc   Data           1  common_dev.o(.data)
    .data                                    0x200000fd   Section        1  common_timer.o(.data)
    log_flag                                 0x200000fd   Data           1  common_timer.o(.data)
    .data                                    0x200000fe   Section        1  common_event.o(.data)
    log_flag                                 0x200000fe   Data           1  common_event.o(.data)
    .data                                    0x20000100   Section        7  myusart.o(.data)
    .data                                    0x20000108   Section        8  dev_handle.o(.data)
    log_flag                                 0x20000108   Data           1  dev_handle.o(.data)
    dev_con                                  0x2000010c   Data           4  dev_handle.o(.data)
    .data                                    0x20000110   Section        1  message_handle.o(.data)
    log_flag                                 0x20000110   Data           1  message_handle.o(.data)
    .data                                    0x20000111   Section        1  wifi_app.o(.data)
    log_flag                                 0x20000111   Data           1  wifi_app.o(.data)
    .bss                                     0x20000114   Section     1192  freertos.o(.bss)
    xIdleTaskTCBBuffer                       0x20000114   Data          84  freertos.o(.bss)
    xIdleStack                               0x20000168   Data         512  freertos.o(.bss)
    xTimerTaskTCBBuffer                      0x20000368   Data          84  freertos.o(.bss)
    xTimerStack                              0x200003bc   Data         512  freertos.o(.bss)
    .bss                                     0x200005bc   Section      160  fsmc.o(.bss)
    .bss                                     0x2000065c   Section       64  tim.o(.bss)
    .bss                                     0x2000069c   Section      384  usart.o(.bss)
    .bss                                     0x2000081c   Section       64  stm32f4xx_hal_timebase_tim.o(.bss)
    .bss                                     0x2000085c   Section       64  queue.o(.bss)
    .bss                                     0x2000089c   Section      240  tasks.o(.bss)
    pxReadyTasksLists                        0x2000089c   Data         140  tasks.o(.bss)
    xDelayedTaskList1                        0x20000928   Data          20  tasks.o(.bss)
    xDelayedTaskList2                        0x2000093c   Data          20  tasks.o(.bss)
    xPendingReadyList                        0x20000950   Data          20  tasks.o(.bss)
    xTasksWaitingTermination                 0x20000964   Data          20  tasks.o(.bss)
    xSuspendedTaskList                       0x20000978   Data          20  tasks.o(.bss)
    .bss                                     0x2000098c   Section      232  timers.o(.bss)
    xActiveTimerList1                        0x2000098c   Data          20  timers.o(.bss)
    xActiveTimerList2                        0x200009a0   Data          20  timers.o(.bss)
    xStaticTimerQueue                        0x200009b4   Data          72  timers.o(.bss)
    ucStaticTimerQueueStorage                0x200009fc   Data         120  timers.o(.bss)
    .bss                                     0x20000a74   Section    30000  heap_4.o(.bss)
    ucHeap                                   0x20000a74   Data       30000  heap_4.o(.bss)
    .bss                                     0x20007fa4   Section       24  message.o(.bss)
    message_protocol_controller              0x20007fa4   Data          24  message.o(.bss)
    .bss                                     0x20007fbc   Section       12  leinuo_driver.o(.bss)
    pg_mydev                                 0x20007fbc   Data          12  leinuo_driver.o(.bss)
    .bss                                     0x20007fc8   Section       44  common_dev.o(.bss)
    dev_con                                  0x20007fc8   Data          44  common_dev.o(.bss)
    .bss                                     0x20007ff4   Section    19212  common_event.o(.bss)
    event_con                                0x20007ff4   Data       19212  common_event.o(.bss)
    .bss                                     0x2000cb00   Section      264  myusart.o(.bss)
    .bss                                     0x2000cc08   Section       64  message_handle.o(.bss)
    g_message_task                           0x2000cc08   Data          64  message_handle.o(.bss)
    STACK                                    0x2000cc48   Section     4096  startup_stm32f407xx.o(STACK)

    Global Symbols

    Symbol Name                              Value     Ov Type        Size  Object(Section)

    BuildAttributes$$THM_ISAv4$E$P$D$K$B$S$7EM$VFPi3$EXTD16$VFPS$VFMA$PE$FZ_POSZERO$A:L22UL41UL21$X:L11$S22US41US21$IEEE1$IW$USESV6$~STKCKD$USESV7$~SHL$OTIME$ROPI$IEEEJ$EBA8$MICROLIB$REQ8$PRES8$EABIv2 0x00000000   Number         0  anon$$obj.o ABSOLUTE
    __ARM_use_no_argv                        0x00000000   Number         0  main.o ABSOLUTE
    __use_no_errno                           0x00000000   Number         0  useno.o ABSOLUTE
    __use_no_exception_handling              0x00000000   Number         0  useno.o ABSOLUTE
    __use_no_fp                              0x00000000   Number         0  useno.o ABSOLUTE
    __use_no_heap                            0x00000000   Number         0  useno.o ABSOLUTE
    __use_no_heap_region                     0x00000000   Number         0  useno.o ABSOLUTE
    __use_no_semihosting                     0x00000000   Number         0  useno.o ABSOLUTE
    __use_no_semihosting_swi                 0x00000000   Number         0  useno.o ABSOLUTE
    __use_no_signal_handling                 0x00000000   Number         0  useno.o ABSOLUTE
    _printf_a                                0x00000000   Number         0  stubs.o ABSOLUTE
    _printf_c                                0x00000000   Number         0  stubs.o ABSOLUTE
    _printf_charcount                        0x00000000   Number         0  stubs.o ABSOLUTE
    _printf_d                                0x00000000   Number         0  stubs.o ABSOLUTE
    _printf_e                                0x00000000   Number         0  stubs.o ABSOLUTE
    _printf_f                                0x00000000   Number         0  stubs.o ABSOLUTE
    _printf_flags                            0x00000000   Number         0  stubs.o ABSOLUTE
    _printf_fp_dec                           0x00000000   Number         0  stubs.o ABSOLUTE
    _printf_fp_hex                           0x00000000   Number         0  stubs.o ABSOLUTE
    _printf_g                                0x00000000   Number         0  stubs.o ABSOLUTE
    _printf_i                                0x00000000   Number         0  stubs.o ABSOLUTE
    _printf_int_dec                          0x00000000   Number         0  stubs.o ABSOLUTE
    _printf_l                                0x00000000   Number         0  stubs.o ABSOLUTE
    _printf_lc                               0x00000000   Number         0  stubs.o ABSOLUTE
    _printf_ll                               0x00000000   Number         0  stubs.o ABSOLUTE
    _printf_lld                              0x00000000   Number         0  stubs.o ABSOLUTE
    _printf_lli                              0x00000000   Number         0  stubs.o ABSOLUTE
    _printf_llo                              0x00000000   Number         0  stubs.o ABSOLUTE
    _printf_llu                              0x00000000   Number         0  stubs.o ABSOLUTE
    _printf_llx                              0x00000000   Number         0  stubs.o ABSOLUTE
    _printf_longlong_dec                     0x00000000   Number         0  stubs.o ABSOLUTE
    _printf_longlong_hex                     0x00000000   Number         0  stubs.o ABSOLUTE
    _printf_longlong_oct                     0x00000000   Number         0  stubs.o ABSOLUTE
    _printf_ls                               0x00000000   Number         0  stubs.o ABSOLUTE
    _printf_mbtowc                           0x00000000   Number         0  stubs.o ABSOLUTE
    _printf_n                                0x00000000   Number         0  stubs.o ABSOLUTE
    _printf_o                                0x00000000   Number         0  stubs.o ABSOLUTE
    _printf_p                                0x00000000   Number         0  stubs.o ABSOLUTE
    _printf_percent                          0x00000000   Number         0  stubs.o ABSOLUTE
    _printf_pre_padding                      0x00000000   Number         0  stubs.o ABSOLUTE
    _printf_return_value                     0x00000000   Number         0  stubs.o ABSOLUTE
    _printf_s                                0x00000000   Number         0  stubs.o ABSOLUTE
    _printf_sizespec                         0x00000000   Number         0  stubs.o ABSOLUTE
    _printf_str                              0x00000000   Number         0  stubs.o ABSOLUTE
    _printf_truncate_signed                  0x00000000   Number         0  stubs.o ABSOLUTE
    _printf_truncate_unsigned                0x00000000   Number         0  stubs.o ABSOLUTE
    _printf_u                                0x00000000   Number         0  stubs.o ABSOLUTE
    _printf_wc                               0x00000000   Number         0  stubs.o ABSOLUTE
    _printf_wctomb                           0x00000000   Number         0  stubs.o ABSOLUTE
    _printf_widthprec                        0x00000000   Number         0  stubs.o ABSOLUTE
    _printf_x                                0x00000000   Number         0  stubs.o ABSOLUTE
    __arm_fini_                               - Undefined Weak Reference
    __cpp_initialize__aeabi_                  - Undefined Weak Reference
    __cxa_finalize                            - Undefined Weak Reference
    __decompress                              - Undefined Weak Reference
    _clock_init                               - Undefined Weak Reference
    _microlib_exit                            - Undefined Weak Reference
    __Vectors_Size                           0x00000188   Number         0  startup_stm32f407xx.o ABSOLUTE
    __Vectors                                0x08000000   Data           4  startup_stm32f407xx.o(RESET)
    __Vectors_End                            0x08000188   Data           0  startup_stm32f407xx.o(RESET)
    __main                                   0x08000189   Thumb Code     0  entry.o(.ARM.Collect$$$$00000000)
    _main_stk                                0x08000189   Thumb Code     0  entry2.o(.ARM.Collect$$$$00000001)
    _main_scatterload                        0x0800018d   Thumb Code     0  entry5.o(.ARM.Collect$$$$00000004)
    __main_after_scatterload                 0x08000191   Thumb Code     0  entry5.o(.ARM.Collect$$$$00000004)
    _main_clock                              0x08000191   Thumb Code     0  entry7b.o(.ARM.Collect$$$$00000008)
    _main_cpp_init                           0x08000191   Thumb Code     0  entry8b.o(.ARM.Collect$$$$0000000A)
    _main_init                               0x08000191   Thumb Code     0  entry9a.o(.ARM.Collect$$$$0000000B)
    __rt_lib_shutdown_fini                   0x08000199   Thumb Code     0  entry12b.o(.ARM.Collect$$$$0000000E)
    __rt_final_cpp                           0x0800019d   Thumb Code     0  entry10a.o(.ARM.Collect$$$$0000000F)
    __rt_final_exit                          0x0800019d   Thumb Code     0  entry11a.o(.ARM.Collect$$$$00000011)
    SVC_Handler                              0x080001a1   Thumb Code    28  port.o(.emb_text)
    __asm___6_port_c_39a90d8d__prvStartFirstTask 0x080001c1   Thumb Code    36  port.o(.emb_text)
    __asm___6_port_c_39a90d8d__prvEnableVFP  0x080001e9   Thumb Code    16  port.o(.emb_text)
    PendSV_Handler                           0x080001fd   Thumb Code    88  port.o(.emb_text)
    vPortGetIPSR                             0x08000259   Thumb Code     6  port.o(.emb_text)
    Reset_Handler                            0x08000261   Thumb Code     8  startup_stm32f407xx.o(.text)
    ADC_IRQHandler                           0x0800027b   Thumb Code     0  startup_stm32f407xx.o(.text)
    CAN1_RX0_IRQHandler                      0x0800027b   Thumb Code     0  startup_stm32f407xx.o(.text)
    CAN1_RX1_IRQHandler                      0x0800027b   Thumb Code     0  startup_stm32f407xx.o(.text)
    CAN1_SCE_IRQHandler                      0x0800027b   Thumb Code     0  startup_stm32f407xx.o(.text)
    CAN1_TX_IRQHandler                       0x0800027b   Thumb Code     0  startup_stm32f407xx.o(.text)
    CAN2_RX0_IRQHandler                      0x0800027b   Thumb Code     0  startup_stm32f407xx.o(.text)
    CAN2_RX1_IRQHandler                      0x0800027b   Thumb Code     0  startup_stm32f407xx.o(.text)
    CAN2_SCE_IRQHandler                      0x0800027b   Thumb Code     0  startup_stm32f407xx.o(.text)
    CAN2_TX_IRQHandler                       0x0800027b   Thumb Code     0  startup_stm32f407xx.o(.text)
    DCMI_IRQHandler                          0x0800027b   Thumb Code     0  startup_stm32f407xx.o(.text)
    DMA1_Stream0_IRQHandler                  0x0800027b   Thumb Code     0  startup_stm32f407xx.o(.text)
    DMA1_Stream1_IRQHandler                  0x0800027b   Thumb Code     0  startup_stm32f407xx.o(.text)
    DMA1_Stream2_IRQHandler                  0x0800027b   Thumb Code     0  startup_stm32f407xx.o(.text)
    DMA1_Stream3_IRQHandler                  0x0800027b   Thumb Code     0  startup_stm32f407xx.o(.text)
    DMA1_Stream4_IRQHandler                  0x0800027b   Thumb Code     0  startup_stm32f407xx.o(.text)
    DMA1_Stream5_IRQHandler                  0x0800027b   Thumb Code     0  startup_stm32f407xx.o(.text)
    DMA1_Stream6_IRQHandler                  0x0800027b   Thumb Code     0  startup_stm32f407xx.o(.text)
    DMA1_Stream7_IRQHandler                  0x0800027b   Thumb Code     0  startup_stm32f407xx.o(.text)
    DMA2_Stream0_IRQHandler                  0x0800027b   Thumb Code     0  startup_stm32f407xx.o(.text)
    DMA2_Stream1_IRQHandler                  0x0800027b   Thumb Code     0  startup_stm32f407xx.o(.text)
    DMA2_Stream3_IRQHandler                  0x0800027b   Thumb Code     0  startup_stm32f407xx.o(.text)
    DMA2_Stream4_IRQHandler                  0x0800027b   Thumb Code     0  startup_stm32f407xx.o(.text)
    DMA2_Stream5_IRQHandler                  0x0800027b   Thumb Code     0  startup_stm32f407xx.o(.text)
    DMA2_Stream6_IRQHandler                  0x0800027b   Thumb Code     0  startup_stm32f407xx.o(.text)
    ETH_IRQHandler                           0x0800027b   Thumb Code     0  startup_stm32f407xx.o(.text)
    ETH_WKUP_IRQHandler                      0x0800027b   Thumb Code     0  startup_stm32f407xx.o(.text)
    EXTI0_IRQHandler                         0x0800027b   Thumb Code     0  startup_stm32f407xx.o(.text)
    EXTI15_10_IRQHandler                     0x0800027b   Thumb Code     0  startup_stm32f407xx.o(.text)
    EXTI1_IRQHandler                         0x0800027b   Thumb Code     0  startup_stm32f407xx.o(.text)
    EXTI2_IRQHandler                         0x0800027b   Thumb Code     0  startup_stm32f407xx.o(.text)
    EXTI3_IRQHandler                         0x0800027b   Thumb Code     0  startup_stm32f407xx.o(.text)
    EXTI4_IRQHandler                         0x0800027b   Thumb Code     0  startup_stm32f407xx.o(.text)
    EXTI9_5_IRQHandler                       0x0800027b   Thumb Code     0  startup_stm32f407xx.o(.text)
    FLASH_IRQHandler                         0x0800027b   Thumb Code     0  startup_stm32f407xx.o(.text)
    FMC_IRQHandler                           0x0800027b   Thumb Code     0  startup_stm32f407xx.o(.text)
    FPU_IRQHandler                           0x0800027b   Thumb Code     0  startup_stm32f407xx.o(.text)
    HASH_RNG_IRQHandler                      0x0800027b   Thumb Code     0  startup_stm32f407xx.o(.text)
    I2C1_ER_IRQHandler                       0x0800027b   Thumb Code     0  startup_stm32f407xx.o(.text)
    I2C1_EV_IRQHandler                       0x0800027b   Thumb Code     0  startup_stm32f407xx.o(.text)
    I2C2_ER_IRQHandler                       0x0800027b   Thumb Code     0  startup_stm32f407xx.o(.text)
    I2C2_EV_IRQHandler                       0x0800027b   Thumb Code     0  startup_stm32f407xx.o(.text)
    I2C3_ER_IRQHandler                       0x0800027b   Thumb Code     0  startup_stm32f407xx.o(.text)
    I2C3_EV_IRQHandler                       0x0800027b   Thumb Code     0  startup_stm32f407xx.o(.text)
    OTG_FS_IRQHandler                        0x0800027b   Thumb Code     0  startup_stm32f407xx.o(.text)
    OTG_FS_WKUP_IRQHandler                   0x0800027b   Thumb Code     0  startup_stm32f407xx.o(.text)
    OTG_HS_EP1_IN_IRQHandler                 0x0800027b   Thumb Code     0  startup_stm32f407xx.o(.text)
    OTG_HS_EP1_OUT_IRQHandler                0x0800027b   Thumb Code     0  startup_stm32f407xx.o(.text)
    OTG_HS_IRQHandler                        0x0800027b   Thumb Code     0  startup_stm32f407xx.o(.text)
    OTG_HS_WKUP_IRQHandler                   0x0800027b   Thumb Code     0  startup_stm32f407xx.o(.text)
    PVD_IRQHandler                           0x0800027b   Thumb Code     0  startup_stm32f407xx.o(.text)
    RCC_IRQHandler                           0x0800027b   Thumb Code     0  startup_stm32f407xx.o(.text)
    RTC_Alarm_IRQHandler                     0x0800027b   Thumb Code     0  startup_stm32f407xx.o(.text)
    RTC_WKUP_IRQHandler                      0x0800027b   Thumb Code     0  startup_stm32f407xx.o(.text)
    SDIO_IRQHandler                          0x0800027b   Thumb Code     0  startup_stm32f407xx.o(.text)
    SPI1_IRQHandler                          0x0800027b   Thumb Code     0  startup_stm32f407xx.o(.text)
    SPI2_IRQHandler                          0x0800027b   Thumb Code     0  startup_stm32f407xx.o(.text)
    SPI3_IRQHandler                          0x0800027b   Thumb Code     0  startup_stm32f407xx.o(.text)
    TAMP_STAMP_IRQHandler                    0x0800027b   Thumb Code     0  startup_stm32f407xx.o(.text)
    TIM1_BRK_TIM9_IRQHandler                 0x0800027b   Thumb Code     0  startup_stm32f407xx.o(.text)
    TIM1_CC_IRQHandler                       0x0800027b   Thumb Code     0  startup_stm32f407xx.o(.text)
    TIM1_TRG_COM_TIM11_IRQHandler            0x0800027b   Thumb Code     0  startup_stm32f407xx.o(.text)
    TIM2_IRQHandler                          0x0800027b   Thumb Code     0  startup_stm32f407xx.o(.text)
    TIM3_IRQHandler                          0x0800027b   Thumb Code     0  startup_stm32f407xx.o(.text)
    TIM4_IRQHandler                          0x0800027b   Thumb Code     0  startup_stm32f407xx.o(.text)
    TIM5_IRQHandler                          0x0800027b   Thumb Code     0  startup_stm32f407xx.o(.text)
    TIM6_DAC_IRQHandler                      0x0800027b   Thumb Code     0  startup_stm32f407xx.o(.text)
    TIM7_IRQHandler                          0x0800027b   Thumb Code     0  startup_stm32f407xx.o(.text)
    TIM8_BRK_TIM12_IRQHandler                0x0800027b   Thumb Code     0  startup_stm32f407xx.o(.text)
    TIM8_CC_IRQHandler                       0x0800027b   Thumb Code     0  startup_stm32f407xx.o(.text)
    TIM8_TRG_COM_TIM14_IRQHandler            0x0800027b   Thumb Code     0  startup_stm32f407xx.o(.text)
    TIM8_UP_TIM13_IRQHandler                 0x0800027b   Thumb Code     0  startup_stm32f407xx.o(.text)
    UART4_IRQHandler                         0x0800027b   Thumb Code     0  startup_stm32f407xx.o(.text)
    UART5_IRQHandler                         0x0800027b   Thumb Code     0  startup_stm32f407xx.o(.text)
    USART2_IRQHandler                        0x0800027b   Thumb Code     0  startup_stm32f407xx.o(.text)
    USART3_IRQHandler                        0x0800027b   Thumb Code     0  startup_stm32f407xx.o(.text)
    USART6_IRQHandler                        0x0800027b   Thumb Code     0  startup_stm32f407xx.o(.text)
    WWDG_IRQHandler                          0x0800027b   Thumb Code     0  startup_stm32f407xx.o(.text)
    __aeabi_uldivmod                         0x08000285   Thumb Code    98  uldiv.o(.text)
    ____aeabi_memcpy8$ret$move               0x080002e7   Thumb Code     0  memmove.o(.text)
    ___aeabi_memmove$ret                     0x080002e7   Thumb Code     0  memmove.o(.text)
    ___aeabi_memmove4$ret                    0x080002e7   Thumb Code     0  memmove.o(.text)
    ___aeabi_memmove8$ret                    0x080002e7   Thumb Code     0  memmove.o(.text)
    __aeabi_memcpy                           0x080002e7   Thumb Code    66  memmove.o(.text)
    __aeabi_memcpy4                          0x080002e7   Thumb Code     0  memmove.o(.text)
    memcpy                                   0x080002e7   Thumb Code     0  memmove.o(.text)
    memmove                                  0x080002e7   Thumb Code     0  memmove.o(.text)
    __aeabi_memset                           0x08000329   Thumb Code    14  memseta.o(.text)
    __aeabi_memset4                          0x08000329   Thumb Code     0  memseta.o(.text)
    __aeabi_memset8                          0x08000329   Thumb Code     0  memseta.o(.text)
    __aeabi_memclr                           0x08000337   Thumb Code     4  memseta.o(.text)
    __aeabi_memclr4                          0x08000337   Thumb Code     0  memseta.o(.text)
    __aeabi_memclr8                          0x08000337   Thumb Code     0  memseta.o(.text)
    memset                                   0x0800033b   Thumb Code    18  memseta.o(.text)
    strlen                                   0x0800034d   Thumb Code    14  strlen.o(.text)
    memcmp                                   0x0800035b   Thumb Code    26  memcmp.o(.text)
    strncmp                                  0x08000375   Thumb Code    30  strncmp.o(.text)
    __aeabi_llsl                             0x08000393   Thumb Code    30  llshl.o(.text)
    _ll_shift_l                              0x08000393   Thumb Code     0  llshl.o(.text)
    __aeabi_llsr                             0x080003b1   Thumb Code    32  llushr.o(.text)
    _ll_ushift_r                             0x080003b1   Thumb Code     0  llushr.o(.text)
    __scatterload                            0x080003d1   Thumb Code    28  init.o(.text)
    __scatterload_rt2                        0x080003d1   Thumb Code     0  init.o(.text)
    BusFault_Handler                         0x080003f5   Thumb Code     4  stm32f4xx_it.o(i.BusFault_Handler)
    DMA2_Stream2_IRQHandler                  0x080003f9   Thumb Code    10  stm32f4xx_it.o(i.DMA2_Stream2_IRQHandler)
    DMA2_Stream7_IRQHandler                  0x08000409   Thumb Code    10  stm32f4xx_it.o(i.DMA2_Stream7_IRQHandler)
    DebugMon_Handler                         0x08000523   Thumb Code     2  stm32f4xx_it.o(i.DebugMon_Handler)
    DevHandle_task                           0x08000545   Thumb Code    14  freertos.o(i.DevHandle_task)
    DevUrgentHandle_task                     0x08000553   Thumb Code    22  freertos.o(i.DevUrgentHandle_task)
    Error_Handler                            0x08000569   Thumb Code     6  main.o(i.Error_Handler)
    FSMC_NORSRAM_Extended_Timing_Init        0x08000571   Thumb Code    66  stm32f4xx_ll_fsmc.o(i.FSMC_NORSRAM_Extended_Timing_Init)
    FSMC_NORSRAM_Init                        0x080005b9   Thumb Code    88  stm32f4xx_ll_fsmc.o(i.FSMC_NORSRAM_Init)
    FSMC_NORSRAM_Timing_Init                 0x08000615   Thumb Code    68  stm32f4xx_ll_fsmc.o(i.FSMC_NORSRAM_Timing_Init)
    GuiPollHandle_task                       0x08000659   Thumb Code    10  freertos.o(i.GuiPollHandle_task)
    HAL_CRC_Init                             0x08000663   Thumb Code    32  stm32f4xx_hal_crc.o(i.HAL_CRC_Init)
    HAL_CRC_MspInit                          0x08000685   Thumb Code    44  crc.o(i.HAL_CRC_MspInit)
    HAL_DMA_Abort                            0x080006b9   Thumb Code   170  stm32f4xx_hal_dma.o(i.HAL_DMA_Abort)
    HAL_DMA_Abort_IT                         0x08000763   Thumb Code    40  stm32f4xx_hal_dma.o(i.HAL_DMA_Abort_IT)
    HAL_DMA_IRQHandler                       0x0800078d   Thumb Code   570  stm32f4xx_hal_dma.o(i.HAL_DMA_IRQHandler)
    HAL_DMA_Init                             0x080009cd   Thumb Code   232  stm32f4xx_hal_dma.o(i.HAL_DMA_Init)
    HAL_DMA_Start_IT                         0x08000ab9   Thumb Code   146  stm32f4xx_hal_dma.o(i.HAL_DMA_Start_IT)
    HAL_GPIO_Init                            0x08000c1d   Thumb Code   466  stm32f4xx_hal_gpio.o(i.HAL_GPIO_Init)
    HAL_GetTick                              0x08000e1d   Thumb Code     6  stm32f4xx_hal.o(i.HAL_GetTick)
    HAL_IncTick                              0x08000e29   Thumb Code    16  stm32f4xx_hal.o(i.HAL_IncTick)
    HAL_Init                                 0x08000e41   Thumb Code    54  stm32f4xx_hal.o(i.HAL_Init)
    HAL_InitTick                             0x08000e7d   Thumb Code   122  stm32f4xx_hal_timebase_tim.o(i.HAL_InitTick)
    HAL_MspInit                              0x08000f09   Thumb Code    78  stm32f4xx_hal_msp.o(i.HAL_MspInit)
    HAL_NVIC_EnableIRQ                       0x08000f5d   Thumb Code    32  stm32f4xx_hal_cortex.o(i.HAL_NVIC_EnableIRQ)
    HAL_NVIC_SetPriority                     0x08000f7d   Thumb Code   124  stm32f4xx_hal_cortex.o(i.HAL_NVIC_SetPriority)
    HAL_NVIC_SetPriorityGrouping             0x08000ff9   Thumb Code    32  stm32f4xx_hal_cortex.o(i.HAL_NVIC_SetPriorityGrouping)
    HAL_RCC_ClockConfig                      0x08001021   Thumb Code   368  stm32f4xx_hal_rcc.o(i.HAL_RCC_ClockConfig)
    HAL_RCC_GetClockConfig                   0x080011a5   Thumb Code    58  stm32f4xx_hal_rcc.o(i.HAL_RCC_GetClockConfig)
    HAL_RCC_GetHCLKFreq                      0x080011e9   Thumb Code     6  stm32f4xx_hal_rcc.o(i.HAL_RCC_GetHCLKFreq)
    HAL_RCC_GetPCLK1Freq                     0x080011f5   Thumb Code    22  stm32f4xx_hal_rcc.o(i.HAL_RCC_GetPCLK1Freq)
    HAL_RCC_GetPCLK2Freq                     0x08001215   Thumb Code    22  stm32f4xx_hal_rcc.o(i.HAL_RCC_GetPCLK2Freq)
    HAL_RCC_GetSysClockFreq                  0x08001235   Thumb Code   162  stm32f4xx_hal_rcc.o(i.HAL_RCC_GetSysClockFreq)
    HAL_RCC_OscConfig                        0x080012e5   Thumb Code  1152  stm32f4xx_hal_rcc.o(i.HAL_RCC_OscConfig)
    HAL_SRAM_Init                            0x0800176d   Thumb Code    88  stm32f4xx_hal_sram.o(i.HAL_SRAM_Init)
    HAL_SRAM_MspInit                         0x080017c5   Thumb Code    10  fsmc.o(i.HAL_SRAM_MspInit)
    HAL_TIMEx_BreakCallback                  0x080017cf   Thumb Code     2  stm32f4xx_hal_tim_ex.o(i.HAL_TIMEx_BreakCallback)
    HAL_TIMEx_CommutCallback                 0x080017d1   Thumb Code     2  stm32f4xx_hal_tim_ex.o(i.HAL_TIMEx_CommutCallback)
    HAL_TIM_Base_Init                        0x080017d3   Thumb Code    52  stm32f4xx_hal_tim.o(i.HAL_TIM_Base_Init)
    HAL_TIM_Base_MspInit                     0x08001807   Thumb Code     2  stm32f4xx_hal_tim.o(i.HAL_TIM_Base_MspInit)
    HAL_TIM_Base_Start_IT                    0x08001809   Thumb Code    42  stm32f4xx_hal_tim.o(i.HAL_TIM_Base_Start_IT)
    HAL_TIM_IC_CaptureCallback               0x08001833   Thumb Code     2  stm32f4xx_hal_tim.o(i.HAL_TIM_IC_CaptureCallback)
    HAL_TIM_IRQHandler                       0x08001835   Thumb Code   406  stm32f4xx_hal_tim.o(i.HAL_TIM_IRQHandler)
    HAL_TIM_MspPostInit                      0x080019cd   Thumb Code    86  tim.o(i.HAL_TIM_MspPostInit)
    HAL_TIM_OC_DelayElapsedCallback          0x08001a31   Thumb Code     2  stm32f4xx_hal_tim.o(i.HAL_TIM_OC_DelayElapsedCallback)
    HAL_TIM_PWM_ConfigChannel                0x08001a33   Thumb Code   264  stm32f4xx_hal_tim.o(i.HAL_TIM_PWM_ConfigChannel)
    HAL_TIM_PWM_Init                         0x08001b3b   Thumb Code    52  stm32f4xx_hal_tim.o(i.HAL_TIM_PWM_Init)
    HAL_TIM_PWM_MspInit                      0x08001b71   Thumb Code    44  tim.o(i.HAL_TIM_PWM_MspInit)
    HAL_TIM_PWM_PulseFinishedCallback        0x08001ba5   Thumb Code     2  stm32f4xx_hal_tim.o(i.HAL_TIM_PWM_PulseFinishedCallback)
    HAL_TIM_PeriodElapsedCallback            0x08001ba9   Thumb Code    18  main.o(i.HAL_TIM_PeriodElapsedCallback)
    HAL_TIM_TriggerCallback                  0x08001bc1   Thumb Code     2  stm32f4xx_hal_tim.o(i.HAL_TIM_TriggerCallback)
    HAL_UART_DMAStop                         0x08001bc3   Thumb Code   102  stm32f4xx_hal_uart.o(i.HAL_UART_DMAStop)
    HAL_UART_ErrorCallback                   0x08001c29   Thumb Code     2  stm32f4xx_hal_uart.o(i.HAL_UART_ErrorCallback)
    HAL_UART_IRQHandler                      0x08001c2d   Thumb Code   336  stm32f4xx_hal_uart.o(i.HAL_UART_IRQHandler)
    HAL_UART_Init                            0x08001d81   Thumb Code   114  stm32f4xx_hal_uart.o(i.HAL_UART_Init)
    HAL_UART_MspInit                         0x08001df5   Thumb Code   548  usart.o(i.HAL_UART_MspInit)
    HAL_UART_Receive_DMA                     0x08002041   Thumb Code   182  stm32f4xx_hal_uart.o(i.HAL_UART_Receive_DMA)
    HAL_UART_RxCpltCallback                  0x08002105   Thumb Code   120  myusart.o(i.HAL_UART_RxCpltCallback)
    HAL_UART_RxHalfCpltCallback              0x0800218d   Thumb Code     2  stm32f4xx_hal_uart.o(i.HAL_UART_RxHalfCpltCallback)
    HAL_UART_TxCpltCallback                  0x0800218f   Thumb Code     2  stm32f4xx_hal_uart.o(i.HAL_UART_TxCpltCallback)
    HardFault_Handler                        0x08002191   Thumb Code     4  stm32f4xx_it.o(i.HardFault_Handler)
    MX_CRC_Init                              0x08002195   Thumb Code    22  crc.o(i.MX_CRC_Init)
    MX_DMA_Init                              0x080021b5   Thumb Code    68  dma.o(i.MX_DMA_Init)
    MX_FREERTOS_Init                         0x080021fd   Thumb Code   102  freertos.o(i.MX_FREERTOS_Init)
    MX_FSMC_Init                             0x08002279   Thumb Code   216  fsmc.o(i.MX_FSMC_Init)
    MX_GPIO_Init                             0x0800235d   Thumb Code   216  gpio.o(i.MX_GPIO_Init)
    MX_TIM12_Init                            0x08002439   Thumb Code    88  tim.o(i.MX_TIM12_Init)
    MX_USART1_UART_Init                      0x08002499   Thumb Code    46  usart.o(i.MX_USART1_UART_Init)
    MX_USART2_UART_Init                      0x080024d1   Thumb Code    46  usart.o(i.MX_USART2_UART_Init)
    MX_USART3_UART_Init                      0x08002509   Thumb Code    46  usart.o(i.MX_USART3_UART_Init)
    MemManage_Handler                        0x08002541   Thumb Code     4  stm32f4xx_it.o(i.MemManage_Handler)
    MessageHandle_task                       0x08002545   Thumb Code    18  freertos.o(i.MessageHandle_task)
    NMI_Handler                              0x0800255d   Thumb Code     4  stm32f4xx_it.o(i.NMI_Handler)
    SysTick_Handler                          0x08002561   Thumb Code    46  port.o(i.SysTick_Handler)
    SystemClock_Config                       0x08002595   Thumb Code   170  main.o(i.SystemClock_Config)
    SystemInit                               0x08002649   Thumb Code    24  system_stm32f4xx.o(i.SystemInit)
    TIM1_UP_TIM10_IRQHandler                 0x08002665   Thumb Code    10  stm32f4xx_it.o(i.TIM1_UP_TIM10_IRQHandler)
    TIM_Base_SetConfig                       0x08002675   Thumb Code   170  stm32f4xx_hal_tim.o(i.TIM_Base_SetConfig)
    TIM_OC2_SetConfig                        0x080027bd   Thumb Code   114  stm32f4xx_hal_tim.o(i.TIM_OC2_SetConfig)
    USART1_IRQHandler                        0x08002f09   Thumb Code    14  stm32f4xx_it.o(i.USART1_IRQHandler)
    UsageFault_Handler                       0x08002f1d   Thumb Code     4  stm32f4xx_it.o(i.UsageFault_Handler)
    __0printf$5                              0x08002f21   Thumb Code    22  printf5.o(i.__0printf$5)
    __1printf$5                              0x08002f21   Thumb Code     0  printf5.o(i.__0printf$5)
    __2printf                                0x08002f21   Thumb Code     0  printf5.o(i.__0printf$5)
    __scatterload_copy                       0x08002f79   Thumb Code    14  handlers.o(i.__scatterload_copy)
    __scatterload_null                       0x08002f87   Thumb Code     2  handlers.o(i.__scatterload_null)
    __scatterload_zeroinit                   0x08002f89   Thumb Code    14  handlers.o(i.__scatterload_zeroinit)
    app_main                                 0x08003259   Thumb Code   494  wifi_app.o(i.app_main)
    commom_timer_init                        0x08003501   Thumb Code    32  common_timer.o(i.commom_timer_init)
    common_dev_get_controller                0x0800353d   Thumb Code     4  common_dev.o(i.common_dev_get_controller)
    common_dev_opts_init                     0x08003545   Thumb Code     4  common_dev.o(i.common_dev_opts_init)
    common_dev_register                      0x08003549   Thumb Code   166  common_dev.o(i.common_dev_register)
    common_event_handler_register            0x08003635   Thumb Code   274  common_event.o(i.common_event_handler_register)
    common_event_init                        0x080037dd   Thumb Code   266  common_event.o(i.common_event_init)
    common_event_post                        0x0800395d   Thumb Code   478  common_event.o(i.common_event_post)
    common_get_event_queue                   0x08003d09   Thumb Code     6  common_event.o(i.common_get_event_queue)
    common_mydev_create                      0x08003d15   Thumb Code    12  common_dev.o(i.common_mydev_create)
    common_open                              0x08003d21   Thumb Code   100  common_dev.o(i.common_open)
    common_write                             0x08003eb5   Thumb Code   126  common_dev.o(i.common_write)
    dev_handle                               0x08003fb1   Thumb Code    12  dev_handle.o(i.dev_handle)
    dev_poll_handle                          0x08003fbd   Thumb Code   116  dev_handle.o(i.dev_poll_handle)
    event_handler                            0x0800404d   Thumb Code   104  wifi_app.o(i.event_handler)
    fputc                                    0x080040dd   Thumb Code    20  usart.o(i.fputc)
    leinuo_dev_init                          0x08004149   Thumb Code   428  leinuo_driver.o(i.leinuo_dev_init)
    main                                     0x0800449d   Thumb Code    52  main.o(i.main)
    message_handle                           0x080044e1   Thumb Code   432  message_handle.o(i.message_handle)
    message_protocol_copy                    0x080047a1   Thumb Code    62  message.o(i.message_protocol_copy)
    message_protocol_create                  0x080047df   Thumb Code    12  message.o(i.message_protocol_create)
    message_protocol_find_addr               0x080047ed   Thumb Code   330  message.o(i.message_protocol_find_addr)
    message_protocol_register                0x08004971   Thumb Code   124  message.o(i.message_protocol_register)
    osDelay                                  0x08004a39   Thumb Code    24  cmsis_os.o(i.osDelay)
    osKernelStart                            0x08004a51   Thumb Code    10  cmsis_os.o(i.osKernelStart)
    osThreadCreate                           0x08004a5b   Thumb Code    94  cmsis_os.o(i.osThreadCreate)
    pvPortMalloc                             0x0800553d   Thumb Code   296  heap_4.o(i.pvPortMalloc)
    pvTimerGetTimerID                        0x08005679   Thumb Code    44  timers.o(i.pvTimerGetTimerID)
    pxPortInitialiseStack                    0x080056a5   Thumb Code    38  port.o(i.pxPortInitialiseStack)
    uart1_interrupt_handle                   0x080058c1   Thumb Code   168  message_handle.o(i.uart1_interrupt_handle)
    uxListRemove                             0x08005995   Thumb Code    40  list.o(i.uxListRemove)
    vApplicationGetIdleTaskMemory            0x080059bd   Thumb Code    14  freertos.o(i.vApplicationGetIdleTaskMemory)
    vApplicationGetTimerTaskMemory           0x080059d5   Thumb Code    14  freertos.o(i.vApplicationGetTimerTaskMemory)
    vListInitialise                          0x080059ed   Thumb Code    26  list.o(i.vListInitialise)
    vListInitialiseItem                      0x08005a07   Thumb Code     6  list.o(i.vListInitialiseItem)
    vListInsert                              0x08005a0d   Thumb Code    52  list.o(i.vListInsert)
    vListInsertEnd                           0x08005a41   Thumb Code    24  list.o(i.vListInsertEnd)
    vPortEnterCritical                       0x08005a59   Thumb Code    76  port.o(i.vPortEnterCritical)
    vPortExitCritical                        0x08005aad   Thumb Code    56  port.o(i.vPortExitCritical)
    vPortFree                                0x08005ae9   Thumb Code   140  heap_4.o(i.vPortFree)
    vPortSetupTimerInterrupt                 0x08005b7d   Thumb Code    36  port.o(i.vPortSetupTimerInterrupt)
    vPortValidateInterruptPriority           0x08005ba5   Thumb Code   106  port.o(i.vPortValidateInterruptPriority)
    vQueueAddToRegistry                      0x08005c1d   Thumb Code    38  queue.o(i.vQueueAddToRegistry)
    vQueueWaitForMessageRestricted           0x08005c49   Thumb Code    74  queue.o(i.vQueueWaitForMessageRestricted)
    vTaskDelay                               0x08005c95   Thumb Code    82  tasks.o(i.vTaskDelay)
    vTaskInternalSetTimeOutState             0x08005cf1   Thumb Code    14  tasks.o(i.vTaskInternalSetTimeOutState)
    vTaskMissedYield                         0x08005d09   Thumb Code     8  tasks.o(i.vTaskMissedYield)
    vTaskPlaceOnEventList                    0x08005d15   Thumb Code    52  tasks.o(i.vTaskPlaceOnEventList)
    vTaskPlaceOnEventListRestricted          0x08005d4d   Thumb Code    60  tasks.o(i.vTaskPlaceOnEventListRestricted)
    vTaskStartScheduler                      0x08005d8d   Thumb Code   156  tasks.o(i.vTaskStartScheduler)
    vTaskSuspendAll                          0x08005e45   Thumb Code    12  tasks.o(i.vTaskSuspendAll)
    vTaskSwitchContext                       0x08005e55   Thumb Code   118  tasks.o(i.vTaskSwitchContext)
    vTimerSetReloadMode                      0x08005ee1   Thumb Code    70  timers.o(i.vTimerSetReloadMode)
    xPortStartScheduler                      0x08006089   Thumb Code   330  port.o(i.xPortStartScheduler)
    xQueueCreateMutex                        0x080061f1   Thumb Code    34  queue.o(i.xQueueCreateMutex)
    xQueueGenericCreate                      0x08006213   Thumb Code    96  queue.o(i.xQueueGenericCreate)
    xQueueGenericCreateStatic                0x08006273   Thumb Code   224  queue.o(i.xQueueGenericCreateStatic)
    xQueueGenericReset                       0x08006355   Thumb Code   146  queue.o(i.xQueueGenericReset)
    xQueueGenericSend                        0x080063ed   Thumb Code   420  queue.o(i.xQueueGenericSend)
    xQueueGenericSendFromISR                 0x08006595   Thumb Code   248  queue.o(i.xQueueGenericSendFromISR)
    xQueueReceive                            0x0800668d   Thumb Code   356  queue.o(i.xQueueReceive)
    xTaskCheckForTimeOut                     0x080067f5   Thumb Code   132  tasks.o(i.xTaskCheckForTimeOut)
    xTaskCreate                              0x08006881   Thumb Code   100  tasks.o(i.xTaskCreate)
    xTaskCreateStatic                        0x080068e5   Thumb Code   186  tasks.o(i.xTaskCreateStatic)
    xTaskGetSchedulerState                   0x080069a1   Thumb Code    24  tasks.o(i.xTaskGetSchedulerState)
    xTaskGetTickCount                        0x080069c1   Thumb Code     6  tasks.o(i.xTaskGetTickCount)
    xTaskIncrementTick                       0x080069cd   Thumb Code   282  tasks.o(i.xTaskIncrementTick)
    xTaskPriorityDisinherit                  0x08006b15   Thumb Code   188  tasks.o(i.xTaskPriorityDisinherit)
    xTaskRemoveFromEventList                 0x08006bdd   Thumb Code   128  tasks.o(i.xTaskRemoveFromEventList)
    xTaskResumeAll                           0x08006c75   Thumb Code   224  tasks.o(i.xTaskResumeAll)
    xTimerCreate                             0x08006d79   Thumb Code    54  timers.o(i.xTimerCreate)
    xTimerCreateTimerTask                    0x08006db1   Thumb Code   100  timers.o(i.xTimerCreateTimerTask)
    xTimerGenericCommand                     0x08006e29   Thumb Code   126  timers.o(i.xTimerGenericCommand)
    xTimerIsTimerActive                      0x08006ead   Thumb Code    58  timers.o(i.xTimerIsTimerActive)
    AHBPrescTable                            0x08006f60   Data          16  system_stm32f4xx.o(.constdata)
    APBPrescTable                            0x08006f70   Data           8  system_stm32f4xx.o(.constdata)
    Region$$Table$$Base                      0x08007248   Number         0  anon$$obj.o(Region$$Table)
    Region$$Table$$Limit                     0x08007268   Number         0  anon$$obj.o(Region$$Table)
    MessageHandleHandle                      0x20000004   Data           4  freertos.o(.data)
    GuiPollHandleHandle                      0x20000008   Data           4  freertos.o(.data)
    DevHandleHandle                          0x2000000c   Data           4  freertos.o(.data)
    DevUrgentHandleHandle                    0x20000010   Data           4  freertos.o(.data)
    hcrc                                     0x20000014   Data           8  crc.o(.data)
    uwTick                                   0x20000024   Data           4  stm32f4xx_hal.o(.data)
    uwTickPrio                               0x20000028   Data           4  stm32f4xx_hal.o(.data)
    uwTickFreq                               0x2000002c   Data           1  stm32f4xx_hal.o(.data)
    SystemCoreClock                          0x20000030   Data           4  system_stm32f4xx.o(.data)
    pxCurrentTCB                             0x20000034   Data           4  tasks.o(.data)
    __stdout                                 0x20000100   Data           4  myusart.o(.data)
    USART_RX_STA                             0x20000104   Data           2  myusart.o(.data)
    aRxBuffer                                0x20000106   Data           1  myusart.o(.data)
    hsram1                                   0x200005bc   Data          80  fsmc.o(.bss)
    hsram2                                   0x2000060c   Data          80  fsmc.o(.bss)
    htim12                                   0x2000065c   Data          64  tim.o(.bss)
    huart1                                   0x2000069c   Data          64  usart.o(.bss)
    huart2                                   0x200006dc   Data          64  usart.o(.bss)
    huart3                                   0x2000071c   Data          64  usart.o(.bss)
    hdma_usart1_rx                           0x2000075c   Data          96  usart.o(.bss)
    hdma_usart1_tx                           0x200007bc   Data          96  usart.o(.bss)
    htim1                                    0x2000081c   Data          64  stm32f4xx_hal_timebase_tim.o(.bss)
    xQueueRegistry                           0x2000085c   Data          64  queue.o(.bss)
    USART_RX_BUF                             0x2000cb00   Data         200  myusart.o(.bss)
    UART1_Handler                            0x2000cbc8   Data          64  myusart.o(.bss)
    __initial_sp                             0x2000dc48   Data           0  startup_stm32f407xx.o(STACK)



==============================================================================

Memory Map of the image

  Image Entry point : 0x08000189

  Load Region LR_IROM1 (Base: 0x08000000, Size: 0x0000737c, Max: 0x00100000, ABSOLUTE)

    Execution Region ER_IROM1 (Exec base: 0x08000000, Load base: 0x08000000, Size: 0x00007268, Max: 0x00100000, ABSOLUTE)

    Exec Addr    Load Addr    Size         Type   Attr      Idx    E Section Name        Object

    0x08000000   0x08000000   0x00000188   Data   RO            3    RESET               startup_stm32f407xx.o
    0x08000188   0x08000188   0x00000000   Code   RO         9010  * .ARM.Collect$$$$00000000  mc_w.l(entry.o)
    0x08000188   0x08000188   0x00000004   Code   RO         9320    .ARM.Collect$$$$00000001  mc_w.l(entry2.o)
    0x0800018c   0x0800018c   0x00000004   Code   RO         9323    .ARM.Collect$$$$00000004  mc_w.l(entry5.o)
    0x08000190   0x08000190   0x00000000   Code   RO         9325    .ARM.Collect$$$$00000008  mc_w.l(entry7b.o)
    0x08000190   0x08000190   0x00000000   Code   RO         9327    .ARM.Collect$$$$0000000A  mc_w.l(entry8b.o)
    0x08000190   0x08000190   0x00000008   Code   RO         9328    .ARM.Collect$$$$0000000B  mc_w.l(entry9a.o)
    0x08000198   0x08000198   0x00000004   Code   RO         9335    .ARM.Collect$$$$0000000E  mc_w.l(entry12b.o)
    0x0800019c   0x0800019c   0x00000000   Code   RO         9330    .ARM.Collect$$$$0000000F  mc_w.l(entry10a.o)
    0x0800019c   0x0800019c   0x00000000   Code   RO         9332    .ARM.Collect$$$$00000011  mc_w.l(entry11a.o)
    0x0800019c   0x0800019c   0x00000004   Code   RO         9321    .ARM.Collect$$$$00002712  mc_w.l(entry2.o)
    0x080001a0   0x080001a0   0x000000be   Code   RO         5070    .emb_text           port.o
    0x0800025e   0x0800025e   0x00000002   PAD
    0x08000260   0x08000260   0x00000024   Code   RO            4    .text               startup_stm32f407xx.o
    0x08000284   0x08000284   0x00000062   Code   RO         9013    .text               mc_w.l(uldiv.o)
    0x080002e6   0x080002e6   0x00000042   Code   RO         9019    .text               mc_w.l(memmove.o)
    0x08000328   0x08000328   0x00000024   Code   RO         9023    .text               mc_w.l(memseta.o)
    0x0800034c   0x0800034c   0x0000000e   Code   RO         9025    .text               mc_w.l(strlen.o)
    0x0800035a   0x0800035a   0x0000001a   Code   RO         9029    .text               mc_w.l(memcmp.o)
    0x08000374   0x08000374   0x0000001e   Code   RO         9033    .text               mc_w.l(strncmp.o)
    0x08000392   0x08000392   0x0000001e   Code   RO         9338    .text               mc_w.l(llshl.o)
    0x080003b0   0x080003b0   0x00000020   Code   RO         9340    .text               mc_w.l(llushr.o)
    0x080003d0   0x080003d0   0x00000024   Code   RO         9360    .text               mc_w.l(init.o)
    0x080003f4   0x080003f4   0x00000004   Code   RO          747    i.BusFault_Handler  stm32f4xx_it.o
    0x080003f8   0x080003f8   0x00000010   Code   RO          748    i.DMA2_Stream2_IRQHandler  stm32f4xx_it.o
    0x08000408   0x08000408   0x00000010   Code   RO          749    i.DMA2_Stream7_IRQHandler  stm32f4xx_it.o
    0x08000418   0x08000418   0x00000034   Code   RO         1462    i.DMA_CalcBaseAndBitshift  stm32f4xx_hal_dma.o
    0x0800044c   0x0800044c   0x000000aa   Code   RO         1463    i.DMA_CheckFifoParam  stm32f4xx_hal_dma.o
    0x080004f6   0x080004f6   0x0000002c   Code   RO         1464    i.DMA_SetConfig     stm32f4xx_hal_dma.o
    0x08000522   0x08000522   0x00000002   Code   RO          750    i.DebugMon_Handler  stm32f4xx_it.o
    0x08000524   0x08000524   0x00000020   Code   RO         5645    i.Delete            common_timer.o
    0x08000544   0x08000544   0x0000000e   Code   RO          257    i.DevHandle_task    freertos.o
    0x08000552   0x08000552   0x00000016   Code   RO          258    i.DevUrgentHandle_task  freertos.o
    0x08000568   0x08000568   0x00000006   Code   RO           13    i.Error_Handler     main.o
    0x0800056e   0x0800056e   0x00000002   PAD
    0x08000570   0x08000570   0x00000048   Code   RO         2148    i.FSMC_NORSRAM_Extended_Timing_Init  stm32f4xx_ll_fsmc.o
    0x080005b8   0x080005b8   0x0000005c   Code   RO         2149    i.FSMC_NORSRAM_Init  stm32f4xx_ll_fsmc.o
    0x08000614   0x08000614   0x00000044   Code   RO         2150    i.FSMC_NORSRAM_Timing_Init  stm32f4xx_ll_fsmc.o
    0x08000658   0x08000658   0x0000000a   Code   RO          259    i.GuiPollHandle_task  freertos.o
    0x08000662   0x08000662   0x00000020   Code   RO          902    i.HAL_CRC_Init      stm32f4xx_hal_crc.o
    0x08000682   0x08000682   0x00000002   PAD
    0x08000684   0x08000684   0x00000034   Code   RO          511    i.HAL_CRC_MspInit   crc.o
    0x080006b8   0x080006b8   0x000000aa   Code   RO         1465    i.HAL_DMA_Abort     stm32f4xx_hal_dma.o
    0x08000762   0x08000762   0x00000028   Code   RO         1466    i.HAL_DMA_Abort_IT  stm32f4xx_hal_dma.o
    0x0800078a   0x0800078a   0x00000002   PAD
    0x0800078c   0x0800078c   0x00000240   Code   RO         1470    i.HAL_DMA_IRQHandler  stm32f4xx_hal_dma.o
    0x080009cc   0x080009cc   0x000000ec   Code   RO         1471    i.HAL_DMA_Init      stm32f4xx_hal_dma.o
    0x08000ab8   0x08000ab8   0x00000092   Code   RO         1475    i.HAL_DMA_Start_IT  stm32f4xx_hal_dma.o
    0x08000b4a   0x08000b4a   0x00000002   PAD
    0x08000b4c   0x08000b4c   0x000000d0   Code   RO          577    i.HAL_FSMC_MspInit  fsmc.o
    0x08000c1c   0x08000c1c   0x00000200   Code   RO         1358    i.HAL_GPIO_Init     stm32f4xx_hal_gpio.o
    0x08000e1c   0x08000e1c   0x0000000c   Code   RO         1895    i.HAL_GetTick       stm32f4xx_hal.o
    0x08000e28   0x08000e28   0x00000018   Code   RO         1901    i.HAL_IncTick       stm32f4xx_hal.o
    0x08000e40   0x08000e40   0x0000003c   Code   RO         1902    i.HAL_Init          stm32f4xx_hal.o
    0x08000e7c   0x08000e7c   0x0000008c   Code   RO          859    i.HAL_InitTick      stm32f4xx_hal_timebase_tim.o
    0x08000f08   0x08000f08   0x00000054   Code   RO          835    i.HAL_MspInit       stm32f4xx_hal_msp.o
    0x08000f5c   0x08000f5c   0x00000020   Code   RO         1747    i.HAL_NVIC_EnableIRQ  stm32f4xx_hal_cortex.o
    0x08000f7c   0x08000f7c   0x0000007c   Code   RO         1753    i.HAL_NVIC_SetPriority  stm32f4xx_hal_cortex.o
    0x08000ff8   0x08000ff8   0x00000028   Code   RO         1754    i.HAL_NVIC_SetPriorityGrouping  stm32f4xx_hal_cortex.o
    0x08001020   0x08001020   0x00000184   Code   RO          959    i.HAL_RCC_ClockConfig  stm32f4xx_hal_rcc.o
    0x080011a4   0x080011a4   0x00000044   Code   RO          963    i.HAL_RCC_GetClockConfig  stm32f4xx_hal_rcc.o
    0x080011e8   0x080011e8   0x0000000c   Code   RO          964    i.HAL_RCC_GetHCLKFreq  stm32f4xx_hal_rcc.o
    0x080011f4   0x080011f4   0x00000020   Code   RO          966    i.HAL_RCC_GetPCLK1Freq  stm32f4xx_hal_rcc.o
    0x08001214   0x08001214   0x00000020   Code   RO          967    i.HAL_RCC_GetPCLK2Freq  stm32f4xx_hal_rcc.o
    0x08001234   0x08001234   0x000000b0   Code   RO          968    i.HAL_RCC_GetSysClockFreq  stm32f4xx_hal_rcc.o
    0x080012e4   0x080012e4   0x00000488   Code   RO          971    i.HAL_RCC_OscConfig  stm32f4xx_hal_rcc.o
    0x0800176c   0x0800176c   0x00000058   Code   RO         2270    i.HAL_SRAM_Init     stm32f4xx_hal_sram.o
    0x080017c4   0x080017c4   0x0000000a   Code   RO          579    i.HAL_SRAM_MspInit  fsmc.o
    0x080017ce   0x080017ce   0x00000002   Code   RO         3074    i.HAL_TIMEx_BreakCallback  stm32f4xx_hal_tim_ex.o
    0x080017d0   0x080017d0   0x00000002   Code   RO         3075    i.HAL_TIMEx_CommutCallback  stm32f4xx_hal_tim_ex.o
    0x080017d2   0x080017d2   0x00000034   Code   RO         2388    i.HAL_TIM_Base_Init  stm32f4xx_hal_tim.o
    0x08001806   0x08001806   0x00000002   Code   RO         2390    i.HAL_TIM_Base_MspInit  stm32f4xx_hal_tim.o
    0x08001808   0x08001808   0x0000002a   Code   RO         2393    i.HAL_TIM_Base_Start_IT  stm32f4xx_hal_tim.o
    0x08001832   0x08001832   0x00000002   Code   RO         2417    i.HAL_TIM_IC_CaptureCallback  stm32f4xx_hal_tim.o
    0x08001834   0x08001834   0x00000196   Code   RO         2431    i.HAL_TIM_IRQHandler  stm32f4xx_hal_tim.o
    0x080019ca   0x080019ca   0x00000002   PAD
    0x080019cc   0x080019cc   0x00000064   Code   RO          629    i.HAL_TIM_MspPostInit  tim.o
    0x08001a30   0x08001a30   0x00000002   Code   RO         2434    i.HAL_TIM_OC_DelayElapsedCallback  stm32f4xx_hal_tim.o
    0x08001a32   0x08001a32   0x00000108   Code   RO         2455    i.HAL_TIM_PWM_ConfigChannel  stm32f4xx_hal_tim.o
    0x08001b3a   0x08001b3a   0x00000034   Code   RO         2458    i.HAL_TIM_PWM_Init  stm32f4xx_hal_tim.o
    0x08001b6e   0x08001b6e   0x00000002   PAD
    0x08001b70   0x08001b70   0x00000034   Code   RO          631    i.HAL_TIM_PWM_MspInit  tim.o
    0x08001ba4   0x08001ba4   0x00000002   Code   RO         2461    i.HAL_TIM_PWM_PulseFinishedCallback  stm32f4xx_hal_tim.o
    0x08001ba6   0x08001ba6   0x00000002   PAD
    0x08001ba8   0x08001ba8   0x00000018   Code   RO           14    i.HAL_TIM_PeriodElapsedCallback  main.o
    0x08001bc0   0x08001bc0   0x00000002   Code   RO         2474    i.HAL_TIM_TriggerCallback  stm32f4xx_hal_tim.o
    0x08001bc2   0x08001bc2   0x00000066   Code   RO         3344    i.HAL_UART_DMAStop  stm32f4xx_hal_uart.o
    0x08001c28   0x08001c28   0x00000002   Code   RO         3346    i.HAL_UART_ErrorCallback  stm32f4xx_hal_uart.o
    0x08001c2a   0x08001c2a   0x00000002   PAD
    0x08001c2c   0x08001c2c   0x00000154   Code   RO         3349    i.HAL_UART_IRQHandler  stm32f4xx_hal_uart.o
    0x08001d80   0x08001d80   0x00000072   Code   RO         3350    i.HAL_UART_Init     stm32f4xx_hal_uart.o
    0x08001df2   0x08001df2   0x00000002   PAD
    0x08001df4   0x08001df4   0x0000024c   Code   RO          678    i.HAL_UART_MspInit  usart.o
    0x08002040   0x08002040   0x000000c4   Code   RO         3354    i.HAL_UART_Receive_DMA  stm32f4xx_hal_uart.o
    0x08002104   0x08002104   0x00000088   Code   RO         6220    i.HAL_UART_RxCpltCallback  myusart.o
    0x0800218c   0x0800218c   0x00000002   Code   RO         3357    i.HAL_UART_RxHalfCpltCallback  stm32f4xx_hal_uart.o
    0x0800218e   0x0800218e   0x00000002   Code   RO         3361    i.HAL_UART_TxCpltCallback  stm32f4xx_hal_uart.o
    0x08002190   0x08002190   0x00000004   Code   RO          751    i.HardFault_Handler  stm32f4xx_it.o
    0x08002194   0x08002194   0x00000020   Code   RO          512    i.MX_CRC_Init       crc.o
    0x080021b4   0x080021b4   0x00000048   Code   RO          552    i.MX_DMA_Init       dma.o
    0x080021fc   0x080021fc   0x0000007c   Code   RO          260    i.MX_FREERTOS_Init  freertos.o
    0x08002278   0x08002278   0x000000e4   Code   RO          580    i.MX_FSMC_Init      fsmc.o
    0x0800235c   0x0800235c   0x000000dc   Code   RO          233    i.MX_GPIO_Init      gpio.o
    0x08002438   0x08002438   0x00000060   Code   RO          632    i.MX_TIM12_Init     tim.o
    0x08002498   0x08002498   0x00000038   Code   RO          679    i.MX_USART1_UART_Init  usart.o
    0x080024d0   0x080024d0   0x00000038   Code   RO          680    i.MX_USART2_UART_Init  usart.o
    0x08002508   0x08002508   0x00000038   Code   RO          681    i.MX_USART3_UART_Init  usart.o
    0x08002540   0x08002540   0x00000004   Code   RO          752    i.MemManage_Handler  stm32f4xx_it.o
    0x08002544   0x08002544   0x00000018   Code   RO          261    i.MessageHandle_task  freertos.o
    0x0800255c   0x0800255c   0x00000004   Code   RO          753    i.NMI_Handler       stm32f4xx_it.o
    0x08002560   0x08002560   0x00000034   Code   RO         5071    i.SysTick_Handler   port.o
    0x08002594   0x08002594   0x000000b4   Code   RO           15    i.SystemClock_Config  main.o
    0x08002648   0x08002648   0x0000001c   Code   RO         3657    i.SystemInit        system_stm32f4xx.o
    0x08002664   0x08002664   0x00000010   Code   RO          754    i.TIM1_UP_TIM10_IRQHandler  stm32f4xx_it.o
    0x08002674   0x08002674   0x000000d8   Code   RO         2476    i.TIM_Base_SetConfig  stm32f4xx_hal_tim.o
    0x0800274c   0x0800274c   0x00000070   Code   RO         2489    i.TIM_OC1_SetConfig  stm32f4xx_hal_tim.o
    0x080027bc   0x080027bc   0x0000007c   Code   RO         2490    i.TIM_OC2_SetConfig  stm32f4xx_hal_tim.o
    0x08002838   0x08002838   0x00000078   Code   RO         2491    i.TIM_OC3_SetConfig  stm32f4xx_hal_tim.o
    0x080028b0   0x080028b0   0x00000054   Code   RO         2492    i.TIM_OC4_SetConfig  stm32f4xx_hal_tim.o
    0x08002904   0x08002904   0x00000014   Code   RO         3363    i.UART_DMAAbortOnError  stm32f4xx_hal_uart.o
    0x08002918   0x08002918   0x00000050   Code   RO         3364    i.UART_DMAError     stm32f4xx_hal_uart.o
    0x08002968   0x08002968   0x00000046   Code   RO         3365    i.UART_DMAReceiveCplt  stm32f4xx_hal_uart.o
    0x080029ae   0x080029ae   0x0000000e   Code   RO         3367    i.UART_DMARxHalfCplt  stm32f4xx_hal_uart.o
    0x080029bc   0x080029bc   0x00000020   Code   RO         3373    i.UART_EndRxTransfer  stm32f4xx_hal_uart.o
    0x080029dc   0x080029dc   0x00000020   Code   RO         3374    i.UART_EndTransmit_IT  stm32f4xx_hal_uart.o
    0x080029fc   0x080029fc   0x00000014   Code   RO         3375    i.UART_EndTxTransfer  stm32f4xx_hal_uart.o
    0x08002a10   0x08002a10   0x000000a6   Code   RO         3376    i.UART_Receive_IT   stm32f4xx_hal_uart.o
    0x08002ab6   0x08002ab6   0x00000002   PAD
    0x08002ab8   0x08002ab8   0x000003e8   Code   RO         3377    i.UART_SetConfig    stm32f4xx_hal_uart.o
    0x08002ea0   0x08002ea0   0x00000068   Code   RO         3378    i.UART_Transmit_IT  stm32f4xx_hal_uart.o
    0x08002f08   0x08002f08   0x00000014   Code   RO          755    i.USART1_IRQHandler  stm32f4xx_it.o
    0x08002f1c   0x08002f1c   0x00000004   Code   RO          756    i.UsageFault_Handler  stm32f4xx_it.o
    0x08002f20   0x08002f20   0x00000020   Code   RO         9174    i.__0printf$5       mc_w.l(printf5.o)
    0x08002f40   0x08002f40   0x00000010   Code   RO         1760    i.__NVIC_GetPriorityGrouping  stm32f4xx_hal_cortex.o
    0x08002f50   0x08002f50   0x00000028   Code   RO         1761    i.__NVIC_SetPriority  stm32f4xx_hal_cortex.o
    0x08002f78   0x08002f78   0x0000000e   Code   RO         9415    i.__scatterload_copy  mc_w.l(handlers.o)
    0x08002f86   0x08002f86   0x00000002   Code   RO         9416    i.__scatterload_null  mc_w.l(handlers.o)
    0x08002f88   0x08002f88   0x0000000e   Code   RO         9417    i.__scatterload_zeroinit  mc_w.l(handlers.o)
    0x08002f96   0x08002f96   0x00000002   PAD
    0x08002f98   0x08002f98   0x000002c0   Code   RO         9181    i._printf_core      mc_w.l(printf5.o)
    0x08003258   0x08003258   0x00000284   Code   RO         7521    i.app_main          wifi_app.o
    0x080034dc   0x080034dc   0x00000024   Code   RO         5646    i.change_period     common_timer.o
    0x08003500   0x08003500   0x0000003c   Code   RO         5647    i.commom_timer_init  common_timer.o
    0x0800353c   0x0800353c   0x00000008   Code   RO         5573    i.common_dev_get_controller  common_dev.o
    0x08003544   0x08003544   0x00000004   Code   RO         5575    i.common_dev_opts_init  common_dev.o
    0x08003548   0x08003548   0x000000ec   Code   RO         5576    i.common_dev_register  common_dev.o
    0x08003634   0x08003634   0x000001a8   Code   RO         5694    i.common_event_handler_register  common_event.o
    0x080037dc   0x080037dc   0x00000180   Code   RO         5695    i.common_event_init  common_event.o
    0x0800395c   0x0800395c   0x0000028c   Code   RO         5696    i.common_event_post  common_event.o
    0x08003be8   0x08003be8   0x000000ec   Code   RO         5698    i.common_find_temp_event_by_timerId  common_event.o
    0x08003cd4   0x08003cd4   0x00000034   Code   RO         5699    i.common_get_available_timer  common_event.o
    0x08003d08   0x08003d08   0x0000000c   Code   RO         5700    i.common_get_event_queue  common_event.o
    0x08003d14   0x08003d14   0x0000000c   Code   RO         5578    i.common_mydev_create  common_dev.o
    0x08003d20   0x08003d20   0x00000068   Code   RO         5579    i.common_open       common_dev.o
    0x08003d88   0x08003d88   0x0000012c   Code   RO         5701    i.common_save_temp_event  common_event.o
    0x08003eb4   0x08003eb4   0x00000098   Code   RO         5580    i.common_write      common_dev.o
    0x08003f4c   0x08003f4c   0x00000064   Code   RO         5648    i.create            common_timer.o
    0x08003fb0   0x08003fb0   0x0000000c   Code   RO         7376    i.dev_handle        dev_handle.o
    0x08003fbc   0x08003fbc   0x00000090   Code   RO         7377    i.dev_poll_handle   dev_handle.o
    0x0800404c   0x0800404c   0x00000090   Code   RO         7522    i.event_handler     wifi_app.o
    0x080040dc   0x080040dc   0x00000018   Code   RO          682    i.fputc             usart.o
    0x080040f4   0x080040f4   0x0000000e   Code   RO         5649    i.get_timer_id      common_timer.o
    0x08004102   0x08004102   0x00000002   PAD
    0x08004104   0x08004104   0x00000044   Code   RO         5284    i.leinuo_connct     leinuo_driver.o
    0x08004148   0x08004148   0x00000258   Code   RO         5285    i.leinuo_dev_init   leinuo_driver.o
    0x080043a0   0x080043a0   0x00000054   Code   RO         5288    i.leinuo_timer_init  leinuo_driver.o
    0x080043f4   0x080043f4   0x000000a8   Code   RO         5289    i.leinuo_uart_msg_recv  leinuo_driver.o
    0x0800449c   0x0800449c   0x00000034   Code   RO           16    i.main              main.o
    0x080044d0   0x080044d0   0x0000000e   Code   RO         4654    i.makeFreeRtosPriority  cmsis_os.o
    0x080044de   0x080044de   0x00000002   PAD
    0x080044e0   0x080044e0   0x000001c8   Code   RO         7432    i.message_handle    message_handle.o
    0x080046a8   0x080046a8   0x000000f8   Code   RO         7433    i.message_init      message_handle.o
    0x080047a0   0x080047a0   0x0000003e   Code   RO         5154    i.message_protocol_copy  message.o
    0x080047de   0x080047de   0x0000000c   Code   RO         5155    i.message_protocol_create  message.o
    0x080047ea   0x080047ea   0x00000002   PAD
    0x080047ec   0x080047ec   0x00000184   Code   RO         5157    i.message_protocol_find_addr  message.o
    0x08004970   0x08004970   0x000000c8   Code   RO         5160    i.message_protocol_register  message.o
    0x08004a38   0x08004a38   0x00000018   Code   RO         4656    i.osDelay           cmsis_os.o
    0x08004a50   0x08004a50   0x0000000a   Code   RO         4659    i.osKernelStart     cmsis_os.o
    0x08004a5a   0x08004a5a   0x0000005e   Code   RO         4693    i.osThreadCreate    cmsis_os.o
    0x08004ab8   0x08004ab8   0x00000098   Code   RO         4174    i.prvAddCurrentTaskToDelayedList  tasks.o
    0x08004b50   0x08004b50   0x000000b4   Code   RO         4175    i.prvAddNewTaskToReadyList  tasks.o
    0x08004c04   0x08004c04   0x00000074   Code   RO         4504    i.prvCheckForValidListAndQueue  timers.o
    0x08004c78   0x08004c78   0x00000048   Code   RO         4176    i.prvCheckTasksWaitingTermination  tasks.o
    0x08004cc0   0x08004cc0   0x0000002a   Code   RO         3834    i.prvCopyDataFromQueue  queue.o
    0x08004cea   0x08004cea   0x0000007e   Code   RO         3835    i.prvCopyDataToQueue  queue.o
    0x08004d68   0x08004d68   0x00000050   Code   RO         4177    i.prvDeleteTCB      tasks.o
    0x08004db8   0x08004db8   0x00000028   Code   RO         4505    i.prvGetNextExpireTime  timers.o
    0x08004de0   0x08004de0   0x0000007c   Code   RO         5021    i.prvHeapInit       heap_4.o
    0x08004e5c   0x08004e5c   0x00000028   Code   RO         4178    i.prvIdleTask       tasks.o
    0x08004e84   0x08004e84   0x0000001e   Code   RO         3837    i.prvInitialiseMutex  queue.o
    0x08004ea2   0x08004ea2   0x00000026   Code   RO         3838    i.prvInitialiseNewQueue  queue.o
    0x08004ec8   0x08004ec8   0x000000be   Code   RO         4179    i.prvInitialiseNewTask  tasks.o
    0x08004f86   0x08004f86   0x0000005a   Code   RO         4506    i.prvInitialiseNewTimer  timers.o
    0x08004fe0   0x08004fe0   0x00000068   Code   RO         4180    i.prvInitialiseTaskLists  tasks.o
    0x08005048   0x08005048   0x00000068   Code   RO         5022    i.prvInsertBlockIntoFreeList  heap_4.o
    0x080050b0   0x080050b0   0x00000058   Code   RO         4507    i.prvInsertTimerInActiveList  timers.o
    0x08005108   0x08005108   0x0000001a   Code   RO         3839    i.prvIsQueueEmpty   queue.o
    0x08005122   0x08005122   0x0000001e   Code   RO         3840    i.prvIsQueueFull    queue.o
    0x08005140   0x08005140   0x00000074   Code   RO         4508    i.prvProcessExpiredTimer  timers.o
    0x080051b4   0x080051b4   0x00000138   Code   RO         4509    i.prvProcessReceivedCommands  timers.o
    0x080052ec   0x080052ec   0x00000074   Code   RO         4510    i.prvProcessTimerOrBlockTask  timers.o
    0x08005360   0x08005360   0x00000034   Code   RO         4181    i.prvResetNextTaskUnblockTime  tasks.o
    0x08005394   0x08005394   0x0000002c   Code   RO         4511    i.prvSampleTimeNow  timers.o
    0x080053c0   0x080053c0   0x000000a4   Code   RO         4512    i.prvSwitchTimerLists  timers.o
    0x08005464   0x08005464   0x00000040   Code   RO         5072    i.prvTaskExitError  port.o
    0x080054a4   0x080054a4   0x0000001a   Code   RO         4513    i.prvTimerTask      timers.o
    0x080054be   0x080054be   0x0000007e   Code   RO         3841    i.prvUnlockQueue    queue.o
    0x0800553c   0x0800553c   0x0000013c   Code   RO         5023    i.pvPortMalloc      heap_4.o
    0x08005678   0x08005678   0x0000002c   Code   RO         4514    i.pvTimerGetTimerID  timers.o
    0x080056a4   0x080056a4   0x0000002c   Code   RO         5073    i.pxPortInitialiseStack  port.o
    0x080056d0   0x080056d0   0x0000001e   Code   RO         5650    i.set_reloadMode    common_timer.o
    0x080056ee   0x080056ee   0x00000026   Code   RO         5651    i.start             common_timer.o
    0x08005714   0x08005714   0x00000020   Code   RO         5652    i.stop              common_timer.o
    0x08005734   0x08005734   0x00000048   Code   RO         5294    i.timer_callback    leinuo_driver.o
    0x0800577c   0x0800577c   0x00000144   Code   RO         5702    i.timer_callback    common_event.o
    0x080058c0   0x080058c0   0x000000d4   Code   RO         7434    i.uart1_interrupt_handle  message_handle.o
    0x08005994   0x08005994   0x00000028   Code   RO         3794    i.uxListRemove      list.o
    0x080059bc   0x080059bc   0x00000018   Code   RO          262    i.vApplicationGetIdleTaskMemory  freertos.o
    0x080059d4   0x080059d4   0x00000018   Code   RO          263    i.vApplicationGetTimerTaskMemory  freertos.o
    0x080059ec   0x080059ec   0x0000001a   Code   RO         3795    i.vListInitialise   list.o
    0x08005a06   0x08005a06   0x00000006   Code   RO         3796    i.vListInitialiseItem  list.o
    0x08005a0c   0x08005a0c   0x00000034   Code   RO         3797    i.vListInsert       list.o
    0x08005a40   0x08005a40   0x00000018   Code   RO         3798    i.vListInsertEnd    list.o
    0x08005a58   0x08005a58   0x00000054   Code   RO         5075    i.vPortEnterCritical  port.o
    0x08005aac   0x08005aac   0x0000003c   Code   RO         5076    i.vPortExitCritical  port.o
    0x08005ae8   0x08005ae8   0x00000094   Code   RO         5024    i.vPortFree         heap_4.o
    0x08005b7c   0x08005b7c   0x00000028   Code   RO         5077    i.vPortSetupTimerInterrupt  port.o
    0x08005ba4   0x08005ba4   0x00000078   Code   RO         5078    i.vPortValidateInterruptPriority  port.o
    0x08005c1c   0x08005c1c   0x0000002c   Code   RO         3845    i.vQueueAddToRegistry  queue.o
    0x08005c48   0x08005c48   0x0000004a   Code   RO         3848    i.vQueueWaitForMessageRestricted  queue.o
    0x08005c92   0x08005c92   0x00000002   PAD
    0x08005c94   0x08005c94   0x0000005c   Code   RO         4191    i.vTaskDelay        tasks.o
    0x08005cf0   0x08005cf0   0x00000018   Code   RO         4195    i.vTaskInternalSetTimeOutState  tasks.o
    0x08005d08   0x08005d08   0x0000000c   Code   RO         4196    i.vTaskMissedYield  tasks.o
    0x08005d14   0x08005d14   0x00000038   Code   RO         4198    i.vTaskPlaceOnEventList  tasks.o
    0x08005d4c   0x08005d4c   0x00000040   Code   RO         4199    i.vTaskPlaceOnEventListRestricted  tasks.o
    0x08005d8c   0x08005d8c   0x000000b8   Code   RO         4206    i.vTaskStartScheduler  tasks.o
    0x08005e44   0x08005e44   0x00000010   Code   RO         4208    i.vTaskSuspendAll   tasks.o
    0x08005e54   0x08005e54   0x0000008c   Code   RO         4209    i.vTaskSwitchContext  tasks.o
    0x08005ee0   0x08005ee0   0x00000046   Code   RO         4515    i.vTimerSetReloadMode  timers.o
    0x08005f26   0x08005f26   0x00000002   PAD
    0x08005f28   0x08005f28   0x00000160   Code   RO         5295    i.write             leinuo_driver.o
    0x08006088   0x08006088   0x00000168   Code   RO         5079    i.xPortStartScheduler  port.o
    0x080061f0   0x080061f0   0x00000022   Code   RO         3849    i.xQueueCreateMutex  queue.o
    0x08006212   0x08006212   0x00000060   Code   RO         3851    i.xQueueGenericCreate  queue.o
    0x08006272   0x08006272   0x000000e0   Code   RO         3852    i.xQueueGenericCreateStatic  queue.o
    0x08006352   0x08006352   0x00000002   PAD
    0x08006354   0x08006354   0x00000098   Code   RO         3853    i.xQueueGenericReset  queue.o
    0x080063ec   0x080063ec   0x000001a8   Code   RO         3854    i.xQueueGenericSend  queue.o
    0x08006594   0x08006594   0x000000f8   Code   RO         3855    i.xQueueGenericSendFromISR  queue.o
    0x0800668c   0x0800668c   0x00000168   Code   RO         3861    i.xQueueReceive     queue.o
    0x080067f4   0x080067f4   0x0000008c   Code   RO         4210    i.xTaskCheckForTimeOut  tasks.o
    0x08006880   0x08006880   0x00000064   Code   RO         4211    i.xTaskCreate       tasks.o
    0x080068e4   0x080068e4   0x000000ba   Code   RO         4212    i.xTaskCreateStatic  tasks.o
    0x0800699e   0x0800699e   0x00000002   PAD
    0x080069a0   0x080069a0   0x00000020   Code   RO         4216    i.xTaskGetSchedulerState  tasks.o
    0x080069c0   0x080069c0   0x0000000c   Code   RO         4217    i.xTaskGetTickCount  tasks.o
    0x080069cc   0x080069cc   0x00000148   Code   RO         4219    i.xTaskIncrementTick  tasks.o
    0x08006b14   0x08006b14   0x000000c8   Code   RO         4222    i.xTaskPriorityDisinherit  tasks.o
    0x08006bdc   0x08006bdc   0x00000098   Code   RO         4224    i.xTaskRemoveFromEventList  tasks.o
    0x08006c74   0x08006c74   0x00000104   Code   RO         4225    i.xTaskResumeAll    tasks.o
    0x08006d78   0x08006d78   0x00000036   Code   RO         4517    i.xTimerCreate      timers.o
    0x08006dae   0x08006dae   0x00000002   PAD
    0x08006db0   0x08006db0   0x00000078   Code   RO         4519    i.xTimerCreateTimerTask  timers.o
    0x08006e28   0x08006e28   0x00000084   Code   RO         4520    i.xTimerGenericCommand  timers.o
    0x08006eac   0x08006eac   0x0000003a   Code   RO         4524    i.xTimerIsTimerActive  timers.o
    0x08006ee6   0x08006ee6   0x00000002   PAD
    0x08006ee8   0x08006ee8   0x00000070   Data   RO          265    .constdata          freertos.o
    0x08006f58   0x08006f58   0x00000008   Data   RO         1477    .constdata          stm32f4xx_hal_dma.o
    0x08006f60   0x08006f60   0x00000018   Data   RO         3658    .constdata          system_stm32f4xx.o
    0x08006f78   0x08006f78   0x0000005a   Data   RO         7436    .constdata          message_handle.o
    0x08006fd2   0x08006fd2   0x00000002   PAD
    0x08006fd4   0x08006fd4   0x0000003a   Data   RO          266    .conststring        freertos.o
    0x0800700e   0x0800700e   0x00000002   PAD
    0x08007010   0x08007010   0x00000080   Data   RO         5164    .conststring        message.o
    0x08007090   0x08007090   0x000001b8   Data   RO         7523    .conststring        wifi_app.o
    0x08007248   0x08007248   0x00000020   Data   RO         9413    Region$$Table       anon$$obj.o


    Execution Region RW_IRAM2 (Exec base: 0x10000000, Load base: 0x0800737c, Size: 0x00000000, Max: 0x00010000, ABSOLUTE)

    **** No section assigned to this execution region ****


    Execution Region RW_IRAM1 (Exec base: 0x20000000, Load base: 0x08007268, Size: 0x0000dc48, Max: 0x00020000, ABSOLUTE)

    Exec Addr    Load Addr    Size         Type   Attr      Idx    E Section Name        Object

    0x20000000   0x08007268   0x00000014   Data   RW          267    .data               freertos.o
    0x20000014   0x0800727c   0x00000008   Data   RW          513    .data               crc.o
    0x2000001c   0x08007284   0x00000008   Data   RW          582    .data               fsmc.o
    0x20000024   0x0800728c   0x00000009   Data   RW         1909    .data               stm32f4xx_hal.o
    0x2000002d   0x08007295   0x00000003   PAD
    0x20000030   0x08007298   0x00000004   Data   RW         3659    .data               system_stm32f4xx.o
    0x20000034   0x0800729c   0x0000003c   Data   RW         4228    .data               tasks.o
    0x20000070   0x080072d8   0x00000014   Data   RW         4526    .data               timers.o
    0x20000084   0x080072ec   0x00000018   Data   RW         5029    .data               heap_4.o
    0x2000009c   0x08007304   0x0000000c   Data   RW         5080    .data               port.o
    0x200000a8   0x08007310   0x00000030   Data   RW         5165    .data               message.o
    0x200000d8   0x08007340   0x00000024   Data   RW         5298    .data               leinuo_driver.o
    0x200000fc   0x08007364   0x00000001   Data   RW         5582    .data               common_dev.o
    0x200000fd   0x08007365   0x00000001   Data   RW         5653    .data               common_timer.o
    0x200000fe   0x08007366   0x00000001   Data   RW         5704    .data               common_event.o
    0x200000ff   0x08007367   0x00000001   PAD
    0x20000100   0x08007368   0x00000007   Data   RW         6224    .data               myusart.o
    0x20000107   0x0800736f   0x00000001   PAD
    0x20000108   0x08007370   0x00000008   Data   RW         7378    .data               dev_handle.o
    0x20000110   0x08007378   0x00000001   Data   RW         7437    .data               message_handle.o
    0x20000111   0x08007379   0x00000001   Data   RW         7524    .data               wifi_app.o
    0x20000112   0x0800737a   0x00000002   PAD
    0x20000114        -       0x000004a8   Zero   RW          264    .bss                freertos.o
    0x200005bc        -       0x000000a0   Zero   RW          581    .bss                fsmc.o
    0x2000065c        -       0x00000040   Zero   RW          633    .bss                tim.o
    0x2000069c        -       0x00000180   Zero   RW          684    .bss                usart.o
    0x2000081c        -       0x00000040   Zero   RW          862    .bss                stm32f4xx_hal_timebase_tim.o
    0x2000085c        -       0x00000040   Zero   RW         3864    .bss                queue.o
    0x2000089c        -       0x000000f0   Zero   RW         4227    .bss                tasks.o
    0x2000098c        -       0x000000e8   Zero   RW         4525    .bss                timers.o
    0x20000a74        -       0x00007530   Zero   RW         5028    .bss                heap_4.o
    0x20007fa4        -       0x00000018   Zero   RW         5163    .bss                message.o
    0x20007fbc        -       0x0000000c   Zero   RW         5296    .bss                leinuo_driver.o
    0x20007fc8        -       0x0000002c   Zero   RW         5581    .bss                common_dev.o
    0x20007ff4        -       0x00004b0c   Zero   RW         5703    .bss                common_event.o
    0x2000cb00        -       0x00000108   Zero   RW         6223    .bss                myusart.o
    0x2000cc08        -       0x00000040   Zero   RW         7435    .bss                message_handle.o
    0x2000cc48        -       0x00001000   Zero   RW            1    STACK               startup_stm32f407xx.o


==============================================================================

Image component sizes


      Code (inc. data)   RO Data    RW Data    ZI Data      Debug   Object Name

       142          0          0          0          0      22827   cmsis_os.o
       516        104          0          1         44       4472   common_dev.o
      2384        784          0          1      19212       7345   common_event.o
         0          0          0          0          0        584   common_task.o
       342         60          0          1          0       4908   common_timer.o
        84         18          0          8          0       1579   crc.o
       156         28          0          8          0       1831   dev_handle.o
        72          4          0          0          0        878   dma.o
         0          0          0          0          0      18708   event_groups.o
       242         48        170         20       1192       8714   freertos.o
       446         36          0          8        160       2526   fsmc.o
       220          4          0          0          0       1115   gpio.o
       692         62          0         24      30000       4835   heap_4.o
      1344        430          0         36         12       6198   leinuo_driver.o
       148          0          0          0          0       3638   list.o
       262         16          0          0          0     738016   main.o
       662        134        128         48         24       3419   message.o
       916        188         90          1         64       3451   message_handle.o
       136         16          0          7        264       2606   myusart.o
      1014         92          0         12          0      12049   port.o
      2074         20          0          0         64      19538   queue.o
        36          8        392          0       4096        828   startup_stm32f407xx.o
        96         20          0          9          0       8154   stm32f4xx_hal.o
       252         22          0          0          0      33626   stm32f4xx_hal_cortex.o
        32          0          0          0          0       1143   stm32f4xx_hal_crc.o
      1434         16          8          0          0       7074   stm32f4xx_hal_dma.o
       512         46          0          0          0       1760   stm32f4xx_hal_gpio.o
        84          6          0          0          0        966   stm32f4xx_hal_msp.o
      1868         94          0          0          0       6321   stm32f4xx_hal_rcc.o
        88          0          0          0          0       1308   stm32f4xx_hal_sram.o
      1482         82          0          0          0      10837   stm32f4xx_hal_tim.o
         4          0          0          0          0       1661   stm32f4xx_hal_tim_ex.o
       140         18          0          0         64       1563   stm32f4xx_hal_timebase_tim.o
      2296         26          0          0          0      11941   stm32f4xx_hal_uart.o
        90         24          0          0          0       4756   stm32f4xx_it.o
       232         10          0          0          0       2819   stm32f4xx_ll_fsmc.o
         0          0          0          0          0        392   stream_buffer.o
        28          4         24          4          0       1251   system_stm32f4xx.o
      2868        348          0         60        240      27278   tasks.o
       248         30          0          0         64       2361   tim.o
      1590        124          0         20        232      34826   timers.o
       780         74          0          0        384       5162   usart.o
       788        190        440          1          0       1843   wifi_app.o

    ----------------------------------------------------------------------
     26840       3186       1288        276      56116    1037107   Object Totals
         0          0         32          0          0          0   (incl. Generated)
        40          0          4          7          0          0   (incl. Padding)

    ----------------------------------------------------------------------

      Code (inc. data)   RO Data    RW Data    ZI Data      Debug   Library Member Name

         0          0          0          0          0          0   entry.o
         0          0          0          0          0          0   entry10a.o
         0          0          0          0          0          0   entry11a.o
         4          0          0          0          0          0   entry12b.o
         8          4          0          0          0          0   entry2.o
         4          0          0          0          0          0   entry5.o
         0          0          0          0          0          0   entry7b.o
         0          0          0          0          0          0   entry8b.o
         8          4          0          0          0          0   entry9a.o
        30          0          0          0          0          0   handlers.o
        36          8          0          0          0         68   init.o
        30          0          0          0          0         68   llshl.o
        32          0          0          0          0         68   llushr.o
        26          0          0          0          0         80   memcmp.o
        66          0          0          0          0         76   memmove.o
        36          0          0          0          0        108   memseta.o
       736         54          0          0          0        184   printf5.o
        14          0          0          0          0         68   strlen.o
        30          0          0          0          0         80   strncmp.o
        98          0          0          0          0         92   uldiv.o

    ----------------------------------------------------------------------
      1160         70          0          0          0        892   Library Totals
         2          0          0          0          0          0   (incl. Padding)

    ----------------------------------------------------------------------

      Code (inc. data)   RO Data    RW Data    ZI Data      Debug   Library Name

      1158         70          0          0          0        892   mc_w.l

    ----------------------------------------------------------------------
      1160         70          0          0          0        892   Library Totals

    ----------------------------------------------------------------------

==============================================================================


      Code (inc. data)   RO Data    RW Data    ZI Data      Debug   

     28000       3256       1288        276      56116    1016439   Grand Totals
     28000       3256       1288        276      56116    1016439   ELF Image Totals
     28000       3256       1288        276          0          0   ROM Totals

==============================================================================

    Total RO  Size (Code + RO Data)                29288 (  28.60kB)
    Total RW  Size (RW Data + ZI Data)             56392 (  55.07kB)
    Total ROM Size (Code + RO Data + RW Data)      29564 (  28.87kB)

==============================================================================

